Warning: Shuffle Join MERGEJOIN[188][tables = [$hdt$_1, $hdt$_2, $hdt$_3, $hdt$_0, $hdt$_4]] in Stage 'Reducer 5' is a cross product
Warning: Shuffle Join MERGEJOIN[190][tables = [$hdt$_1, $hdt$_2, $hdt$_3, $hdt$_0, $hdt$_4, $hdt$_5, $hdt$_6]] in Stage 'Reducer 7' is a cross product
Warning: Shuffle Join MERGEJOIN[191][tables = [$hdt$_1, $hdt$_2]] in Stage 'Reducer 28' is a cross product
Warning: Shuffle Join MERGEJOIN[192][tables = [$hdt$_1, $hdt$_2, $hdt$_0]] in Stage 'Reducer 8' is a cross product
PREHOOK: query: explain
with my_customers as (
 select distinct c_customer_sk
        , c_current_addr_sk
 from   
        ( select cs_sold_date_sk sold_date_sk,
                 cs_bill_customer_sk customer_sk,
                 cs_item_sk item_sk
          from   catalog_sales
          union all
          select ws_sold_date_sk sold_date_sk,
                 ws_bill_customer_sk customer_sk,
                 ws_item_sk item_sk
          from   web_sales
         ) cs_or_ws_sales,
         item,
         date_dim,
         customer
 where   sold_date_sk = d_date_sk
         and item_sk = i_item_sk
         and i_category = 'Jewelry'
         and i_class = 'consignment'
         and c_customer_sk = cs_or_ws_sales.customer_sk
         and d_moy = 3
         and d_year = 1999
 )
 , my_revenue as (
 select c_customer_sk,
        sum(ss_ext_sales_price) as revenue
 from   my_customers,
        store_sales,
        customer_address,
        store,
        date_dim
 where  c_current_addr_sk = ca_address_sk
        and ca_county = s_county
        and ca_state = s_state
        and ss_sold_date_sk = d_date_sk
        and c_customer_sk = ss_customer_sk
        and d_month_seq between (select distinct d_month_seq+1
                                 from   date_dim where d_year = 1999 and d_moy = 3)
                           and  (select distinct d_month_seq+3
                                 from   date_dim where d_year = 1999 and d_moy = 3)
 group by c_customer_sk
 )
 , segments as
 (select cast((revenue/50) as int) as segment
  from   my_revenue
 )
  select  segment, count(*) as num_customers, segment*50 as segment_base
 from segments
 group by segment
 order by segment, num_customers
 limit 100
PREHOOK: type: QUERY
PREHOOK: Input: default@catalog_sales
PREHOOK: Input: default@customer
PREHOOK: Input: default@customer_address
PREHOOK: Input: default@date_dim
PREHOOK: Input: default@item
PREHOOK: Input: default@store
PREHOOK: Input: default@store_sales
PREHOOK: Input: default@web_sales
PREHOOK: Output: hdfs://### HDFS PATH ###
POSTHOOK: query: explain
with my_customers as (
 select distinct c_customer_sk
        , c_current_addr_sk
 from   
        ( select cs_sold_date_sk sold_date_sk,
                 cs_bill_customer_sk customer_sk,
                 cs_item_sk item_sk
          from   catalog_sales
          union all
          select ws_sold_date_sk sold_date_sk,
                 ws_bill_customer_sk customer_sk,
                 ws_item_sk item_sk
          from   web_sales
         ) cs_or_ws_sales,
         item,
         date_dim,
         customer
 where   sold_date_sk = d_date_sk
         and item_sk = i_item_sk
         and i_category = 'Jewelry'
         and i_class = 'consignment'
         and c_customer_sk = cs_or_ws_sales.customer_sk
         and d_moy = 3
         and d_year = 1999
 )
 , my_revenue as (
 select c_customer_sk,
        sum(ss_ext_sales_price) as revenue
 from   my_customers,
        store_sales,
        customer_address,
        store,
        date_dim
 where  c_current_addr_sk = ca_address_sk
        and ca_county = s_county
        and ca_state = s_state
        and ss_sold_date_sk = d_date_sk
        and c_customer_sk = ss_customer_sk
        and d_month_seq between (select distinct d_month_seq+1
                                 from   date_dim where d_year = 1999 and d_moy = 3)
                           and  (select distinct d_month_seq+3
                                 from   date_dim where d_year = 1999 and d_moy = 3)
 group by c_customer_sk
 )
 , segments as
 (select cast((revenue/50) as int) as segment
  from   my_revenue
 )
  select  segment, count(*) as num_customers, segment*50 as segment_base
 from segments
 group by segment
 order by segment, num_customers
 limit 100
POSTHOOK: type: QUERY
POSTHOOK: Input: default@catalog_sales
POSTHOOK: Input: default@customer
POSTHOOK: Input: default@customer_address
POSTHOOK: Input: default@date_dim
POSTHOOK: Input: default@item
POSTHOOK: Input: default@store
POSTHOOK: Input: default@store_sales
POSTHOOK: Input: default@web_sales
POSTHOOK: Output: hdfs://### HDFS PATH ###
Plan optimized by CBO.

Vertex dependency in root stage
Map 13 <- Union 14 (CONTAINS)
Map 19 <- Union 14 (CONTAINS)
Reducer 10 <- Reducer 9 (SIMPLE_EDGE)
Reducer 11 <- Reducer 10 (SIMPLE_EDGE)
Reducer 15 <- Map 20 (SIMPLE_EDGE), Union 14 (SIMPLE_EDGE)
Reducer 16 <- Map 21 (SIMPLE_EDGE), Reducer 15 (SIMPLE_EDGE)
Reducer 17 <- Map 22 (SIMPLE_EDGE), Reducer 16 (SIMPLE_EDGE)
Reducer 18 <- Reducer 17 (SIMPLE_EDGE)
Reducer 2 <- Map 1 (SIMPLE_EDGE), Map 12 (SIMPLE_EDGE)
Reducer 25 <- Map 24 (SIMPLE_EDGE)
Reducer 26 <- Reducer 25 (CUSTOM_SIMPLE_EDGE)
Reducer 27 <- Map 24 (SIMPLE_EDGE)
Reducer 28 <- Reducer 27 (CUSTOM_SIMPLE_EDGE), Reducer 30 (CUSTOM_SIMPLE_EDGE)
Reducer 29 <- Map 24 (SIMPLE_EDGE)
Reducer 3 <- Reducer 18 (SIMPLE_EDGE), Reducer 2 (SIMPLE_EDGE)
Reducer 30 <- Reducer 29 (CUSTOM_SIMPLE_EDGE)
Reducer 4 <- Map 23 (SIMPLE_EDGE), Reducer 3 (SIMPLE_EDGE)
Reducer 5 <- Reducer 26 (CUSTOM_SIMPLE_EDGE), Reducer 4 (CUSTOM_SIMPLE_EDGE)
Reducer 6 <- Map 31 (SIMPLE_EDGE), Reducer 5 (SIMPLE_EDGE)
Reducer 7 <- Reducer 25 (CUSTOM_SIMPLE_EDGE), Reducer 6 (CUSTOM_SIMPLE_EDGE)
Reducer 8 <- Reducer 28 (CUSTOM_SIMPLE_EDGE), Reducer 7 (CUSTOM_SIMPLE_EDGE)
Reducer 9 <- Reducer 8 (SIMPLE_EDGE)

Stage-0
  Fetch Operator
    limit:100
    Stage-1
      Reducer 11 vectorized
      File Output Operator [FS_265]
        Limit [LIM_264] (rows=100 width=158)
          Number of rows:100
          Select Operator [SEL_263] (rows=1614130953450400 width=158)
            Output:["_col0","_col1","_col2"]
          <-Reducer 10 [SIMPLE_EDGE] vectorized
            SHUFFLE [RS_262]
              Select Operator [SEL_261] (rows=1614130953450400 width=158)
                Output:["_col0","_col1","_col2"]
                Group By Operator [GBY_260] (rows=1614130953450400 width=158)
                  Output:["_col0","_col1"],aggregations:["count(VALUE._col0)"],keys:KEY._col0
                <-Reducer 9 [SIMPLE_EDGE] vectorized
                  SHUFFLE [RS_259]
                    PartitionCols:_col0
                    Group By Operator [GBY_258] (rows=3228261906900801 width=158)
                      Output:["_col0","_col1"],aggregations:["count()"],keys:_col0
                      Select Operator [SEL_257] (rows=3228261906900801 width=158)
                        Output:["_col0"]
                        Group By Operator [GBY_256] (rows=3228261906900801 width=158)
                          Output:["_col0","_col1"],aggregations:["sum(VALUE._col0)"],keys:KEY._col0
                        <-Reducer 8 [SIMPLE_EDGE]
                          SHUFFLE [RS_118]
                            PartitionCols:_col0
                            Group By Operator [GBY_117] (rows=6456523813801603 width=158)
                              Output:["_col0","_col1"],aggregations:["sum(_col4)"],keys:_col0
                              Select Operator [SEL_116] (rows=6456523813801603 width=158)
                                Output:["_col0","_col4"]
                                Filter Operator [FIL_115] (rows=6456523813801603 width=158)
                                  predicate:_col11 BETWEEN _col13 AND _col15
                                  Select Operator [SEL_114] (rows=58108714324214428 width=158)
                                    Output:["_col0","_col4","_col11","_col13","_col15"]
                                    Merge Join Operator [MERGEJOIN_192] (rows=58108714324214428 width=158)
                                      Conds:(Inner),Output:["_col0","_col2","_col6","_col13","_col15"]
                                    <-Reducer 28 [CUSTOM_SIMPLE_EDGE]
                                      PARTITION_ONLY_SHUFFLE [RS_111]
                                        Merge Join Operator [MERGEJOIN_191] (rows=9131 width=1128)
                                          Conds:(Right Outer),Output:["_col0"]
                                        <-Reducer 27 [CUSTOM_SIMPLE_EDGE] vectorized
                                          PARTITION_ONLY_SHUFFLE [RS_247]
                                            Group By Operator [GBY_246] (rows=9131 width=1119)
                                              Output:["_col0"],keys:KEY._col0
                                            <-Map 24 [SIMPLE_EDGE] vectorized
                                              SHUFFLE [RS_232]
                                                PartitionCols:_col0
                                                Group By Operator [GBY_229] (rows=18262 width=1119)
                                                  Output:["_col0"],keys:_col0
                                                  Select Operator [SEL_226] (rows=18262 width=1119)
                                                    Output:["_col0"]
                                                    Filter Operator [FIL_224] (rows=18262 width=1119)
                                                      predicate:((d_moy = 3) and (d_year = 1999))
                                                      TableScan [TS_63] (rows=73049 width=1119)
                                                        default@date_dim,date_dim,Tbl:COMPLETE,Col:NONE,Output:["d_month_seq","d_year","d_moy"]
                                        <-Reducer 30 [CUSTOM_SIMPLE_EDGE] vectorized
                                          PARTITION_ONLY_SHUFFLE [RS_255]
                                            Select Operator [SEL_254] (rows=1 width=8)
                                              Filter Operator [FIL_253] (rows=1 width=8)
                                                predicate:(sq_count_check(_col0) <= 1)
                                                Group By Operator [GBY_252] (rows=1 width=8)
                                                  Output:["_col0"],aggregations:["count(VALUE._col0)"]
                                                <-Reducer 29 [CUSTOM_SIMPLE_EDGE] vectorized
                                                  PARTITION_ONLY_SHUFFLE [RS_251]
                                                    Group By Operator [GBY_250] (rows=1 width=8)
                                                      Output:["_col0"],aggregations:["count()"]
                                                      Select Operator [SEL_249] (rows=9131 width=1119)
                                                        Group By Operator [GBY_248] (rows=9131 width=1119)
                                                          Output:["_col0"],keys:KEY._col0
                                                        <-Map 24 [SIMPLE_EDGE] vectorized
                                                          SHUFFLE [RS_233]
                                                            PartitionCols:_col0
                                                            Group By Operator [GBY_230] (rows=18262 width=1119)
                                                              Output:["_col0"],keys:_col0
                                                              Select Operator [SEL_227] (rows=18262 width=1119)
                                                                Output:["_col0"]
                                                                 Please refer to the previous Filter Operator [FIL_224]
                                    <-Reducer 7 [CUSTOM_SIMPLE_EDGE]
                                      PARTITION_ONLY_SHUFFLE [RS_112]
                                        Select Operator [SEL_107] (rows=6363893803988 width=1217)
                                          Output:["_col0","_col4","_col11","_col13"]
                                          Merge Join Operator [MERGEJOIN_190] (rows=6363893803988 width=1217)
                                            Conds:(Left Outer),Output:["_col5","_col9","_col12","_col13"]
                                          <-Reducer 25 [CUSTOM_SIMPLE_EDGE] vectorized
                                            PARTITION_ONLY_SHUFFLE [RS_236]
                                              Group By Operator [GBY_234] (rows=9131 width=1119)
                                                Output:["_col0"],keys:KEY._col0
                                              <-Map 24 [SIMPLE_EDGE] vectorized
                                                SHUFFLE [RS_231]
                                                  PartitionCols:_col0
                                                  Group By Operator [GBY_228] (rows=18262 width=1119)
                                                    Output:["_col0"],keys:_col0
                                                    Select Operator [SEL_225] (rows=18262 width=1119)
                                                      Output:["_col0"]
                                                       Please refer to the previous Filter Operator [FIL_224]
                                          <-Reducer 6 [CUSTOM_SIMPLE_EDGE]
                                            PARTITION_ONLY_SHUFFLE [RS_104]
                                              Merge Join Operator [MERGEJOIN_189] (rows=696954748 width=97)
                                                Conds:RS_101._col7=RS_245._col0(Inner),Output:["_col5","_col9","_col12"]
                                              <-Map 31 [SIMPLE_EDGE] vectorized
                                                SHUFFLE [RS_245]
                                                  PartitionCols:_col0
                                                  Select Operator [SEL_244] (rows=73049 width=1119)
                                                    Output:["_col0","_col1"]
                                                    Filter Operator [FIL_243] (rows=73049 width=1119)
                                                      predicate:d_date_sk is not null
                                                      TableScan [TS_78] (rows=73049 width=1119)
                                                        default@date_dim,date_dim,Tbl:COMPLETE,Col:NONE,Output:["d_date_sk","d_month_seq"]
                                              <-Reducer 5 [SIMPLE_EDGE]
                                                SHUFFLE [RS_101]
                                                  PartitionCols:_col7
                                                  Merge Join Operator [MERGEJOIN_188] (rows=633595212 width=97)
                                                    Conds:(Inner),Output:["_col5","_col7","_col9"]
                                                  <-Reducer 26 [CUSTOM_SIMPLE_EDGE] vectorized
                                                    PARTITION_ONLY_SHUFFLE [RS_242]
                                                      Select Operator [SEL_241] (rows=1 width=8)
                                                        Filter Operator [FIL_240] (rows=1 width=8)
                                                          predicate:(sq_count_check(_col0) <= 1)
                                                          Group By Operator [GBY_239] (rows=1 width=8)
                                                            Output:["_col0"],aggregations:["count(VALUE._col0)"]
                                                          <-Reducer 25 [CUSTOM_SIMPLE_EDGE] vectorized
                                                            PARTITION_ONLY_SHUFFLE [RS_238]
                                                              Group By Operator [GBY_237] (rows=1 width=8)
                                                                Output:["_col0"],aggregations:["count()"]
                                                                Select Operator [SEL_235] (rows=9131 width=1119)
                                                                   Please refer to the previous Group By Operator [GBY_234]
                                                  <-Reducer 4 [CUSTOM_SIMPLE_EDGE]
                                                    PARTITION_ONLY_SHUFFLE [RS_98]
                                                      Merge Join Operator [MERGEJOIN_187] (rows=633595212 width=88)
                                                        Conds:RS_95._col5=RS_223._col1(Inner),Output:["_col5","_col7","_col9"]
                                                      <-Map 23 [SIMPLE_EDGE] vectorized
                                                        SHUFFLE [RS_223]
                                                          PartitionCols:_col1
                                                          Select Operator [SEL_222] (rows=575995635 width=88)
                                                            Output:["_col0","_col1","_col2"]
                                                            Filter Operator [FIL_221] (rows=575995635 width=88)
                                                              predicate:(ss_customer_sk is not null and ss_sold_date_sk is not null)
                                                              TableScan [TS_60] (rows=575995635 width=88)
                                                                default@store_sales,store_sales,Tbl:COMPLETE,Col:NONE,Output:["ss_sold_date_sk","ss_customer_sk","ss_ext_sales_price"]
                                                      <-Reducer 3 [SIMPLE_EDGE]
                                                        SHUFFLE [RS_95]
                                                          PartitionCols:_col5
                                                          Merge Join Operator [MERGEJOIN_186] (rows=316240138 width=135)
                                                            Conds:RS_92._col0=RS_220._col1(Inner),Output:["_col5"]
                                                          <-Reducer 18 [SIMPLE_EDGE] vectorized
                                                            SHUFFLE [RS_220]
                                                              PartitionCols:_col1
                                                              Select Operator [SEL_219] (rows=287491029 width=135)
                                                                Output:["_col0","_col1"]
                                                                Group By Operator [GBY_218] (rows=287491029 width=135)
                                                                  Output:["_col0","_col1"],keys:KEY._col0, KEY._col1
                                                                <-Reducer 17 [SIMPLE_EDGE]
                                                                  SHUFFLE [RS_57]
                                                                    PartitionCols:_col0, _col1
                                                                    Group By Operator [GBY_56] (rows=574982058 width=135)
                                                                      Output:["_col0","_col1"],keys:_col10, _col9
                                                                      Merge Join Operator [MERGEJOIN_185] (rows=574982058 width=135)
                                                                        Conds:RS_52._col1=RS_217._col0(Inner),Output:["_col9","_col10"]
                                                                      <-Map 22 [SIMPLE_EDGE] vectorized
                                                                        SHUFFLE [RS_217]
                                                                          PartitionCols:_col0
                                                                          Select Operator [SEL_216] (rows=80000000 width=860)
                                                                            Output:["_col0","_col1"]
                                                                            Filter Operator [FIL_215] (rows=80000000 width=860)
                                                                              predicate:(c_current_addr_sk is not null and c_customer_sk is not null)
                                                                              TableScan [TS_43] (rows=80000000 width=860)
                                                                                default@customer,customer,Tbl:COMPLETE,Col:NONE,Output:["c_customer_sk","c_current_addr_sk"]
                                                                      <-Reducer 16 [SIMPLE_EDGE]
                                                                        SHUFFLE [RS_52]
                                                                          PartitionCols:_col1
                                                                          Merge Join Operator [MERGEJOIN_184] (rows=522710951 width=135)
                                                                            Conds:RS_49._col2=RS_214._col0(Inner),Output:["_col1"]
                                                                          <-Map 21 [SIMPLE_EDGE] vectorized
                                                                            SHUFFLE [RS_214]
                                                                              PartitionCols:_col0
                                                                              Select Operator [SEL_213] (rows=115500 width=1436)
                                                                                Output:["_col0"]
                                                                                Filter Operator [FIL_212] (rows=115500 width=1436)
                                                                                  predicate:((i_category = 'Jewelry') and (i_class = 'consignment') and i_item_sk is not null)
                                                                                  TableScan [TS_40] (rows=462000 width=1436)
                                                                                    default@item,item,Tbl:COMPLETE,Col:NONE,Output:["i_item_sk","i_class","i_category"]
                                                                          <-Reducer 15 [SIMPLE_EDGE]
                                                                            SHUFFLE [RS_49]
                                                                              PartitionCols:_col2
                                                                              Merge Join Operator [MERGEJOIN_183] (rows=475191764 width=135)
                                                                                Conds:Union 14._col0=RS_211._col0(Inner),Output:["_col1","_col2"]
                                                                              <-Map 20 [SIMPLE_EDGE] vectorized
                                                                                SHUFFLE [RS_211]
                                                                                  PartitionCols:_col0
                                                                                  Select Operator [SEL_210] (rows=18262 width=1119)
                                                                                    Output:["_col0"]
                                                                                    Filter Operator [FIL_209] (rows=18262 width=1119)
                                                                                      predicate:((d_moy = 3) and (d_year = 1999) and d_date_sk is not null)
                                                                                      TableScan [TS_37] (rows=73049 width=1119)
                                                                                        default@date_dim,date_dim,Tbl:COMPLETE,Col:NONE,Output:["d_date_sk","d_year","d_moy"]
                                                                              <-Union 14 [SIMPLE_EDGE]
                                                                                <-Map 13 [CONTAINS] vectorized
                                                                                  Reduce Output Operator [RS_268]
                                                                                    PartitionCols:_col0
                                                                                    Select Operator [SEL_267] (rows=287989836 width=135)
                                                                                      Output:["_col0","_col1","_col2"]
                                                                                      Filter Operator [FIL_266] (rows=287989836 width=135)
                                                                                        predicate:(cs_bill_customer_sk is not null and cs_item_sk is not null and cs_sold_date_sk is not null)
                                                                                        TableScan [TS_193] (rows=287989836 width=135)
                                                                                          Output:["cs_sold_date_sk","cs_bill_customer_sk","cs_item_sk"]
                                                                                <-Map 19 [CONTAINS] vectorized
                                                                                  Reduce Output Operator [RS_271]
                                                                                    PartitionCols:_col0
                                                                                    Select Operator [SEL_270] (rows=144002668 width=135)
                                                                                      Output:["_col0","_col1","_col2"]
                                                                                      Filter Operator [FIL_269] (rows=144002668 width=135)
                                                                                        predicate:(ws_bill_customer_sk is not null and ws_item_sk is not null and ws_sold_date_sk is not null)
                                                                                        TableScan [TS_198] (rows=144002668 width=135)
                                                                                          Output:["ws_sold_date_sk","ws_item_sk","ws_bill_customer_sk"]
                                                          <-Reducer 2 [SIMPLE_EDGE]
                                                            SHUFFLE [RS_92]
                                                              PartitionCols:_col0
                                                              Merge Join Operator [MERGEJOIN_182] (rows=44000000 width=1014)
                                                                Conds:RS_205._col1, _col2=RS_208._col0, _col1(Inner),Output:["_col0"]
                                                              <-Map 1 [SIMPLE_EDGE] vectorized
                                                                SHUFFLE [RS_205]
                                                                  PartitionCols:_col1, _col2
                                                                  Select Operator [SEL_204] (rows=40000000 width=1014)
                                                                    Output:["_col0","_col1","_col2"]
                                                                    Filter Operator [FIL_203] (rows=40000000 width=1014)
                                                                      predicate:(ca_address_sk is not null and ca_county is not null and ca_state is not null)
                                                                      TableScan [TS_23] (rows=40000000 width=1014)
                                                                        default@customer_address,customer_address,Tbl:COMPLETE,Col:NONE,Output:["ca_address_sk","ca_county","ca_state"]
                                                              <-Map 12 [SIMPLE_EDGE] vectorized
                                                                SHUFFLE [RS_208]
                                                                  PartitionCols:_col0, _col1
                                                                  Select Operator [SEL_207] (rows=1704 width=1910)
                                                                    Output:["_col0","_col1"]
                                                                    Filter Operator [FIL_206] (rows=1704 width=1910)
                                                                      predicate:(s_county is not null and s_state is not null)
                                                                      TableScan [TS_26] (rows=1704 width=1910)
                                                                        default@store,store,Tbl:COMPLETE,Col:NONE,Output:["s_county","s_state"]

