PREHOOK: query: explain
select  substr(r_reason_desc,1,20)
       ,avg(ws_quantity)
       ,avg(wr_refunded_cash)
       ,avg(wr_fee)
 from web_sales, web_returns, web_page, customer_demographics cd1,
      customer_demographics cd2, customer_address, date_dim, reason 
 where ws_web_page_sk = wp_web_page_sk
   and ws_item_sk = wr_item_sk
   and ws_order_number = wr_order_number
   and ws_sold_date_sk = d_date_sk and d_year = 1998
   and cd1.cd_demo_sk = wr_refunded_cdemo_sk 
   and cd2.cd_demo_sk = wr_returning_cdemo_sk
   and ca_address_sk = wr_refunded_addr_sk
   and r_reason_sk = wr_reason_sk
   and
   (
    (
     cd1.cd_marital_status = 'M'
     and
     cd1.cd_marital_status = cd2.cd_marital_status
     and
     cd1.cd_education_status = '4 yr Degree'
     and 
     cd1.cd_education_status = cd2.cd_education_status
     and
     ws_sales_price between 100.00 and 150.00
    )
   or
    (
     cd1.cd_marital_status = 'D'
     and
     cd1.cd_marital_status = cd2.cd_marital_status
     and
     cd1.cd_education_status = 'Primary' 
     and
     cd1.cd_education_status = cd2.cd_education_status
     and
     ws_sales_price between 50.00 and 100.00
    )
   or
    (
     cd1.cd_marital_status = 'U'
     and
     cd1.cd_marital_status = cd2.cd_marital_status
     and
     cd1.cd_education_status = 'Advanced Degree'
     and
     cd1.cd_education_status = cd2.cd_education_status
     and
     ws_sales_price between 150.00 and 200.00
    )
   )
   and
   (
    (
     ca_country = 'United States'
     and
     ca_state in ('KY', 'GA', 'NM')
     and ws_net_profit between 100 and 200  
    )
    or
    (
     ca_country = 'United States'
     and
     ca_state in ('MT', 'OR', 'IN')
     and ws_net_profit between 150 and 300  
    )
    or
    (
     ca_country = 'United States'
     and
     ca_state in ('WI', 'MO', 'WV')
     and ws_net_profit between 50 and 250  
    )
   )
group by r_reason_desc
order by substr(r_reason_desc,1,20)
        ,avg(ws_quantity)
        ,avg(wr_refunded_cash)
        ,avg(wr_fee)
limit 100
PREHOOK: type: QUERY
PREHOOK: Input: default@customer_address
PREHOOK: Input: default@customer_demographics
PREHOOK: Input: default@date_dim
PREHOOK: Input: default@reason
PREHOOK: Input: default@web_page
PREHOOK: Input: default@web_returns
PREHOOK: Input: default@web_sales
PREHOOK: Output: hdfs://### HDFS PATH ###
POSTHOOK: query: explain
select  substr(r_reason_desc,1,20)
       ,avg(ws_quantity)
       ,avg(wr_refunded_cash)
       ,avg(wr_fee)
 from web_sales, web_returns, web_page, customer_demographics cd1,
      customer_demographics cd2, customer_address, date_dim, reason 
 where ws_web_page_sk = wp_web_page_sk
   and ws_item_sk = wr_item_sk
   and ws_order_number = wr_order_number
   and ws_sold_date_sk = d_date_sk and d_year = 1998
   and cd1.cd_demo_sk = wr_refunded_cdemo_sk 
   and cd2.cd_demo_sk = wr_returning_cdemo_sk
   and ca_address_sk = wr_refunded_addr_sk
   and r_reason_sk = wr_reason_sk
   and
   (
    (
     cd1.cd_marital_status = 'M'
     and
     cd1.cd_marital_status = cd2.cd_marital_status
     and
     cd1.cd_education_status = '4 yr Degree'
     and 
     cd1.cd_education_status = cd2.cd_education_status
     and
     ws_sales_price between 100.00 and 150.00
    )
   or
    (
     cd1.cd_marital_status = 'D'
     and
     cd1.cd_marital_status = cd2.cd_marital_status
     and
     cd1.cd_education_status = 'Primary' 
     and
     cd1.cd_education_status = cd2.cd_education_status
     and
     ws_sales_price between 50.00 and 100.00
    )
   or
    (
     cd1.cd_marital_status = 'U'
     and
     cd1.cd_marital_status = cd2.cd_marital_status
     and
     cd1.cd_education_status = 'Advanced Degree'
     and
     cd1.cd_education_status = cd2.cd_education_status
     and
     ws_sales_price between 150.00 and 200.00
    )
   )
   and
   (
    (
     ca_country = 'United States'
     and
     ca_state in ('KY', 'GA', 'NM')
     and ws_net_profit between 100 and 200  
    )
    or
    (
     ca_country = 'United States'
     and
     ca_state in ('MT', 'OR', 'IN')
     and ws_net_profit between 150 and 300  
    )
    or
    (
     ca_country = 'United States'
     and
     ca_state in ('WI', 'MO', 'WV')
     and ws_net_profit between 50 and 250  
    )
   )
group by r_reason_desc
order by substr(r_reason_desc,1,20)
        ,avg(ws_quantity)
        ,avg(wr_refunded_cash)
        ,avg(wr_fee)
limit 100
POSTHOOK: type: QUERY
POSTHOOK: Input: default@customer_address
POSTHOOK: Input: default@customer_demographics
POSTHOOK: Input: default@date_dim
POSTHOOK: Input: default@reason
POSTHOOK: Input: default@web_page
POSTHOOK: Input: default@web_returns
POSTHOOK: Input: default@web_sales
POSTHOOK: Output: hdfs://### HDFS PATH ###
Plan optimized by CBO.

Vertex dependency in root stage
Map 2 <- Map 1 (BROADCAST_EDGE), Map 9 (BROADCAST_EDGE)
Reducer 3 <- Map 10 (SIMPLE_EDGE), Map 11 (BROADCAST_EDGE), Map 2 (SIMPLE_EDGE)
Reducer 4 <- Map 12 (SIMPLE_EDGE), Reducer 3 (SIMPLE_EDGE)
Reducer 5 <- Map 13 (SIMPLE_EDGE), Reducer 4 (SIMPLE_EDGE)
Reducer 6 <- Map 13 (SIMPLE_EDGE), Reducer 5 (SIMPLE_EDGE)
Reducer 7 <- Reducer 6 (SIMPLE_EDGE)
Reducer 8 <- Reducer 7 (SIMPLE_EDGE)

Stage-0
  Fetch Operator
    limit:-1
    Stage-1
      Reducer 8 vectorized
      File Output Operator [FS_139]
        Limit [LIM_138] (rows=1 width=832)
          Number of rows:100
          Select Operator [SEL_137] (rows=1 width=832)
            Output:["_col0","_col1","_col2","_col3"]
          <-Reducer 7 [SIMPLE_EDGE] vectorized
            SHUFFLE [RS_136]
              Select Operator [SEL_135] (rows=1 width=832)
                Output:["_col4","_col5","_col6","_col7"]
                Group By Operator [GBY_134] (rows=1 width=353)
                  Output:["_col0","_col1","_col2","_col3","_col4","_col5","_col6"],aggregations:["sum(VALUE._col0)","count(VALUE._col1)","sum(VALUE._col2)","count(VALUE._col3)","sum(VALUE._col4)","count(VALUE._col5)"],keys:KEY._col0
                <-Reducer 6 [SIMPLE_EDGE]
                  SHUFFLE [RS_49]
                    PartitionCols:_col0
                    Group By Operator [GBY_48] (rows=1 width=353)
                      Output:["_col0","_col1","_col2","_col3","_col4","_col5","_col6"],aggregations:["sum(_col5)","count(_col5)","sum(_col17)","count(_col17)","sum(_col16)","count(_col16)"],keys:_col19
                      Merge Join Operator [MERGEJOIN_106] (rows=34507 width=260)
                        Conds:RS_44._col13, _col24, _col25=RS_132._col0, _col1, _col2(Inner),Output:["_col5","_col16","_col17","_col19"]
                      <-Map 13 [SIMPLE_EDGE] vectorized
                        SHUFFLE [RS_132]
                          PartitionCols:_col0, _col1, _col2
                          Select Operator [SEL_131] (rows=620601 width=183)
                            Output:["_col0","_col1","_col2"]
                            Filter Operator [FIL_130] (rows=620601 width=183)
                              predicate:(((cd_education_status = '4 yr Degree') or (cd_education_status = 'Primary') or (cd_education_status = 'Advanced Degree')) and ((cd_marital_status = 'M') or (cd_marital_status = 'D') or (cd_marital_status = 'U')) and cd_demo_sk is not null and cd_education_status is not null and cd_marital_status is not null)
                              TableScan [TS_21] (rows=1861800 width=183)
                                default@customer_demographics,cd2,Tbl:COMPLETE,Col:COMPLETE,Output:["cd_demo_sk","cd_marital_status","cd_education_status"]
                      <-Reducer 5 [SIMPLE_EDGE]
                        SHUFFLE [RS_44]
                          PartitionCols:_col13, _col24, _col25
                          Filter Operator [FIL_43] (rows=34026 width=552)
                            predicate:(((_col24 = 'D') and (_col25 = 'Primary') and _col6 BETWEEN 50 AND 100) or ((_col24 = 'M') and (_col25 = '4 yr Degree') and _col6 BETWEEN 100 AND 150) or ((_col24 = 'U') and (_col25 = 'Advanced Degree') and _col6 BETWEEN 150 AND 200))
                            Merge Join Operator [MERGEJOIN_105] (rows=612481 width=552)
                              Conds:RS_40._col11=RS_133._col0(Inner),Output:["_col5","_col6","_col13","_col16","_col17","_col19","_col24","_col25"]
                            <-Map 13 [SIMPLE_EDGE] vectorized
                              SHUFFLE [RS_133]
                                PartitionCols:_col0
                                 Please refer to the previous Select Operator [SEL_131]
                            <-Reducer 4 [SIMPLE_EDGE]
                              SHUFFLE [RS_40]
                                PartitionCols:_col11
                                Filter Operator [FIL_39] (rows=603942 width=573)
                                  predicate:(((_col21) IN ('KY', 'GA', 'NM') and _col7 BETWEEN 100 AND 200) or ((_col21) IN ('MT', 'OR', 'IN') and _col7 BETWEEN 150 AND 300) or ((_col21) IN ('WI', 'MO', 'WV') and _col7 BETWEEN 50 AND 250))
                                  Merge Join Operator [MERGEJOIN_104] (rows=1811834 width=573)
                                    Conds:RS_36._col12=RS_129._col0(Inner),Output:["_col5","_col6","_col7","_col11","_col13","_col16","_col17","_col19","_col21"]
                                  <-Map 12 [SIMPLE_EDGE] vectorized
                                    SHUFFLE [RS_129]
                                      PartitionCols:_col0
                                      Select Operator [SEL_128] (rows=7058824 width=187)
                                        Output:["_col0","_col1"]
                                        Filter Operator [FIL_127] (rows=7058824 width=187)
                                          predicate:((ca_country = 'United States') and (ca_state) IN ('KY', 'GA', 'NM', 'MT', 'OR', 'IN', 'WI', 'MO', 'WV') and ca_address_sk is not null)
                                          TableScan [TS_15] (rows=40000000 width=187)
                                            default@customer_address,customer_address,Tbl:COMPLETE,Col:COMPLETE,Output:["ca_address_sk","ca_state","ca_country"]
                                  <-Reducer 3 [SIMPLE_EDGE]
                                    SHUFFLE [RS_36]
                                      PartitionCols:_col12
                                      Map Join Operator [MAPJOIN_103] (rows=10267058 width=548)
                                        Conds:MERGEJOIN_102._col14=RS_126._col0(Inner),HybridGraceHashJoin:true,Output:["_col5","_col6","_col7","_col11","_col12","_col13","_col16","_col17","_col19"]
                                      <-Map 11 [BROADCAST_EDGE] vectorized
                                        BROADCAST [RS_126]
                                          PartitionCols:_col0
                                          Select Operator [SEL_125] (rows=72 width=101)
                                            Output:["_col0","_col1"]
                                            Filter Operator [FIL_124] (rows=72 width=101)
                                              predicate:r_reason_sk is not null
                                              TableScan [TS_12] (rows=72 width=101)
                                                default@reason,reason,Tbl:COMPLETE,Col:COMPLETE,Output:["r_reason_sk","r_reason_desc"]
                                      <-Merge Join Operator [MERGEJOIN_102] (rows=10267058 width=455)
                                          Conds:RS_120._col2, _col4=RS_123._col0, _col5(Inner),Output:["_col5","_col6","_col7","_col11","_col12","_col13","_col14","_col16","_col17"]
                                        <-Map 10 [SIMPLE_EDGE] vectorized
                                          SHUFFLE [RS_123]
                                            PartitionCols:_col0, _col5
                                            Select Operator [SEL_122] (rows=11975292 width=237)
                                              Output:["_col0","_col1","_col2","_col3","_col4","_col5","_col6","_col7"]
                                              Filter Operator [FIL_121] (rows=11975292 width=237)
                                                predicate:(wr_item_sk is not null and wr_order_number is not null and wr_reason_sk is not null and wr_refunded_addr_sk is not null and wr_refunded_cdemo_sk is not null and wr_returning_cdemo_sk is not null)
                                                TableScan [TS_9] (rows=14398467 width=237)
                                                  default@web_returns,web_returns,Tbl:COMPLETE,Col:COMPLETE,Output:["wr_item_sk","wr_refunded_cdemo_sk","wr_refunded_addr_sk","wr_returning_cdemo_sk","wr_reason_sk","wr_order_number","wr_fee","wr_refunded_cash"]
                                        <-Map 2 [SIMPLE_EDGE] vectorized
                                          SHUFFLE [RS_120]
                                            PartitionCols:_col2, _col4
                                            Map Join Operator [MAPJOIN_119] (rows=5710224 width=235)
                                              Conds:MAPJOIN_118._col1=RS_115._col0(Inner),HybridGraceHashJoin:true,Output:["_col2","_col4","_col5","_col6","_col7"]
                                            <-Map 9 [BROADCAST_EDGE] vectorized
                                              BROADCAST [RS_115]
                                                PartitionCols:_col0
                                                Select Operator [SEL_114] (rows=652 width=8)
                                                  Output:["_col0"]
                                                  Filter Operator [FIL_113] (rows=652 width=8)
                                                    predicate:((d_year = 1998) and d_date_sk is not null)
                                                    TableScan [TS_6] (rows=73049 width=8)
                                                      default@date_dim,date_dim,Tbl:COMPLETE,Col:COMPLETE,Output:["d_date_sk","d_year"]
                                            <-Map Join Operator [MAPJOIN_118] (rows=15992347 width=239)
                                                Conds:RS_112._col0=SEL_117._col2(Inner),HybridGraceHashJoin:true,Output:["_col1","_col2","_col4","_col5","_col6","_col7"]
                                              <-Map 1 [BROADCAST_EDGE] vectorized
                                                BROADCAST [RS_112]
                                                  PartitionCols:_col0
                                                  Select Operator [SEL_111] (rows=4602 width=4)
                                                    Output:["_col0"]
                                                    Filter Operator [FIL_110] (rows=4602 width=4)
                                                      predicate:wp_web_page_sk is not null
                                                      TableScan [TS_0] (rows=4602 width=4)
                                                        default@web_page,web_page,Tbl:COMPLETE,Col:COMPLETE,Output:["wp_web_page_sk"]
                                              <-Select Operator [SEL_117] (rows=15992347 width=243)
                                                  Output:["_col0","_col1","_col2","_col3","_col4","_col5","_col6"]
                                                  Filter Operator [FIL_116] (rows=15992347 width=243)
                                                    predicate:((ws_net_profit BETWEEN 100 AND 200 or ws_net_profit BETWEEN 150 AND 300 or ws_net_profit BETWEEN 50 AND 250) and (ws_sales_price BETWEEN 100 AND 150 or ws_sales_price BETWEEN 50 AND 100 or ws_sales_price BETWEEN 150 AND 200) and ws_item_sk is not null and ws_order_number is not null and ws_sold_date_sk is not null and ws_web_page_sk is not null)
                                                    TableScan [TS_3] (rows=144002668 width=243)
                                                      default@web_sales,web_sales,Tbl:COMPLETE,Col:COMPLETE,Output:["ws_sold_date_sk","ws_item_sk","ws_web_page_sk","ws_order_number","ws_quantity","ws_sales_price","ws_net_profit"]

