PREHOOK: query: explain
with customer_total_return as
 (select wr_returning_customer_sk as ctr_customer_sk
        ,ca_state as ctr_state, 
 	sum(wr_return_amt) as ctr_total_return
 from web_returns
     ,date_dim
     ,customer_address
 where wr_returned_date_sk = d_date_sk 
   and d_year =2002
   and wr_returning_addr_sk = ca_address_sk 
 group by wr_returning_customer_sk
         ,ca_state)
  select  c_customer_id,c_salutation,c_first_name,c_last_name,c_preferred_cust_flag
       ,c_birth_day,c_birth_month,c_birth_year,c_birth_country,c_login,c_email_address
       ,c_last_review_date,ctr_total_return
 from customer_total_return ctr1
     ,customer_address
     ,customer
 where ctr1.ctr_total_return > (select avg(ctr_total_return)*1.2
 			  from customer_total_return ctr2 
                  	  where ctr1.ctr_state = ctr2.ctr_state)
       and ca_address_sk = c_current_addr_sk
       and ca_state = 'IL'
       and ctr1.ctr_customer_sk = c_customer_sk
 order by c_customer_id,c_salutation,c_first_name,c_last_name,c_preferred_cust_flag
                  ,c_birth_day,c_birth_month,c_birth_year,c_birth_country,c_login,c_email_address
                  ,c_last_review_date,ctr_total_return
limit 100
PREHOOK: type: QUERY
PREHOOK: Input: default@customer
PREHOOK: Input: default@customer_address
PREHOOK: Input: default@date_dim
PREHOOK: Input: default@web_returns
PREHOOK: Output: hdfs://### HDFS PATH ###
POSTHOOK: query: explain
with customer_total_return as
 (select wr_returning_customer_sk as ctr_customer_sk
        ,ca_state as ctr_state, 
 	sum(wr_return_amt) as ctr_total_return
 from web_returns
     ,date_dim
     ,customer_address
 where wr_returned_date_sk = d_date_sk 
   and d_year =2002
   and wr_returning_addr_sk = ca_address_sk 
 group by wr_returning_customer_sk
         ,ca_state)
  select  c_customer_id,c_salutation,c_first_name,c_last_name,c_preferred_cust_flag
       ,c_birth_day,c_birth_month,c_birth_year,c_birth_country,c_login,c_email_address
       ,c_last_review_date,ctr_total_return
 from customer_total_return ctr1
     ,customer_address
     ,customer
 where ctr1.ctr_total_return > (select avg(ctr_total_return)*1.2
 			  from customer_total_return ctr2 
                  	  where ctr1.ctr_state = ctr2.ctr_state)
       and ca_address_sk = c_current_addr_sk
       and ca_state = 'IL'
       and ctr1.ctr_customer_sk = c_customer_sk
 order by c_customer_id,c_salutation,c_first_name,c_last_name,c_preferred_cust_flag
                  ,c_birth_day,c_birth_month,c_birth_year,c_birth_country,c_login,c_email_address
                  ,c_last_review_date,ctr_total_return
limit 100
POSTHOOK: type: QUERY
POSTHOOK: Input: default@customer
POSTHOOK: Input: default@customer_address
POSTHOOK: Input: default@date_dim
POSTHOOK: Input: default@web_returns
POSTHOOK: Output: hdfs://### HDFS PATH ###
Plan optimized by CBO.

Vertex dependency in root stage
Map 10 <- Map 11 (BROADCAST_EDGE), Map 12 (BROADCAST_EDGE)
Reducer 2 <- Map 1 (SIMPLE_EDGE), Map 5 (SIMPLE_EDGE)
Reducer 3 <- Reducer 2 (SIMPLE_EDGE), Reducer 7 (SIMPLE_EDGE)
Reducer 4 <- Reducer 3 (SIMPLE_EDGE)
Reducer 6 <- Map 10 (SIMPLE_EDGE), Map 5 (SIMPLE_EDGE)
Reducer 7 <- Reducer 6 (SIMPLE_EDGE), Reducer 9 (BROADCAST_EDGE)
Reducer 8 <- Map 10 (SIMPLE_EDGE), Map 5 (SIMPLE_EDGE)
Reducer 9 <- Reducer 8 (SIMPLE_EDGE)

Stage-0
  Fetch Operator
    limit:100
    Stage-1
      Reducer 4 vectorized
      File Output Operator [FS_150]
        Limit [LIM_149] (rows=100 width=942)
          Number of rows:100
          Select Operator [SEL_148] (rows=601923 width=942)
            Output:["_col0","_col1","_col2","_col3","_col4","_col5","_col6","_col7","_col8","_col9","_col10","_col11","_col12"]
          <-Reducer 3 [SIMPLE_EDGE]
            SHUFFLE [RS_63]
              Select Operator [SEL_62] (rows=601923 width=942)
                Output:["_col0","_col1","_col2","_col3","_col4","_col5","_col6","_col7","_col8","_col9","_col10","_col11","_col12"]
                Merge Join Operator [MERGEJOIN_107] (rows=601923 width=942)
                  Conds:RS_59._col0=RS_147._col0(Inner),Output:["_col1","_col3","_col4","_col5","_col6","_col7","_col8","_col9","_col10","_col11","_col12","_col13","_col18"]
                <-Reducer 2 [SIMPLE_EDGE]
                  SHUFFLE [RS_59]
                    PartitionCols:_col0
                    Merge Join Operator [MERGEJOIN_101] (rows=1568628 width=834)
                      Conds:RS_113._col2=RS_120._col0(Inner),Output:["_col0","_col1","_col3","_col4","_col5","_col6","_col7","_col8","_col9","_col10","_col11","_col12","_col13"]
                    <-Map 5 [SIMPLE_EDGE] vectorized
                      SHUFFLE [RS_120]
                        PartitionCols:_col0
                        Select Operator [SEL_117] (rows=784314 width=90)
                          Output:["_col0"]
                          Filter Operator [FIL_114] (rows=784314 width=90)
                            predicate:((ca_state = 'IL') and ca_address_sk is not null)
                            TableScan [TS_3] (rows=40000000 width=90)
                              default@customer_address,customer_address,Tbl:COMPLETE,Col:COMPLETE,Output:["ca_address_sk","ca_state"]
                    <-Map 1 [SIMPLE_EDGE] vectorized
                      SHUFFLE [RS_113]
                        PartitionCols:_col2
                        Select Operator [SEL_112] (rows=80000000 width=849)
                          Output:["_col0","_col1","_col2","_col3","_col4","_col5","_col6","_col7","_col8","_col9","_col10","_col11","_col12","_col13"]
                          Filter Operator [FIL_111] (rows=80000000 width=849)
                            predicate:(c_current_addr_sk is not null and c_customer_sk is not null)
                            TableScan [TS_0] (rows=80000000 width=849)
                              default@customer,customer,Tbl:COMPLETE,Col:COMPLETE,Output:["c_customer_sk","c_customer_id","c_current_addr_sk","c_salutation","c_first_name","c_last_name","c_preferred_cust_flag","c_birth_day","c_birth_month","c_birth_year","c_birth_country","c_login","c_email_address","c_last_review_date"]
                <-Reducer 7 [SIMPLE_EDGE] vectorized
                  SHUFFLE [RS_147]
                    PartitionCols:_col0
                    Select Operator [SEL_146] (rows=613960 width=227)
                      Output:["_col0","_col2"]
                      Filter Operator [FIL_145] (rows=613960 width=227)
                        predicate:(_col2 > _col3)
                        Map Join Operator [MAPJOIN_144] (rows=1841880 width=227)
                          Conds:SEL_143._col1=RS_141._col1(Inner),HybridGraceHashJoin:true,Output:["_col0","_col2","_col3"]
                        <-Reducer 9 [BROADCAST_EDGE] vectorized
                          BROADCAST [RS_141]
                            PartitionCols:_col1
                            Select Operator [SEL_140] (rows=6 width=198)
                              Output:["_col0","_col1"]
                              Group By Operator [GBY_139] (rows=6 width=206)
                                Output:["_col0","_col1","_col2"],aggregations:["sum(_col2)","count(_col2)"],keys:_col0
                                Select Operator [SEL_138] (rows=2314524 width=201)
                                  Output:["_col0","_col2"]
                                  Group By Operator [GBY_137] (rows=2314524 width=201)
                                    Output:["_col0","_col1","_col2"],aggregations:["sum(VALUE._col0)"],keys:KEY._col0, KEY._col1
                                  <-Reducer 8 [SIMPLE_EDGE]
                                    SHUFFLE [RS_43]
                                      PartitionCols:_col0
                                      Group By Operator [GBY_42] (rows=3923529 width=201)
                                        Output:["_col0","_col1","_col2"],aggregations:["sum(_col3)"],keys:_col7, _col1
                                        Merge Join Operator [MERGEJOIN_105] (rows=3923529 width=184)
                                          Conds:RS_136._col2=RS_122._col0(Inner),Output:["_col1","_col3","_col7"]
                                        <-Map 5 [SIMPLE_EDGE] vectorized
                                          SHUFFLE [RS_122]
                                            PartitionCols:_col0
                                            Select Operator [SEL_119] (rows=40000000 width=90)
                                              Output:["_col0","_col1"]
                                              Filter Operator [FIL_116] (rows=40000000 width=90)
                                                predicate:(ca_address_sk is not null and ca_state is not null)
                                                 Please refer to the previous TableScan [TS_3]
                                        <-Map 10 [SIMPLE_EDGE] vectorized
                                          SHUFFLE [RS_136]
                                            PartitionCols:_col2
                                            Map Join Operator [MAPJOIN_134] (rows=3923529 width=101)
                                              Conds:SEL_132._col0=RS_128._col0(Inner),HybridGraceHashJoin:true,Output:["_col1","_col2","_col3"]
                                            <-Map 12 [BROADCAST_EDGE] vectorized
                                              BROADCAST [RS_128]
                                                PartitionCols:_col0
                                                Select Operator [SEL_127] (rows=652 width=8)
                                                  Output:["_col0"]
                                                  Filter Operator [FIL_126] (rows=652 width=8)
                                                    predicate:((d_year = 2002) and d_date_sk is not null)
                                                    TableScan [TS_29] (rows=73049 width=8)
                                                      default@date_dim,date_dim,Tbl:COMPLETE,Col:COMPLETE,Output:["d_date_sk","d_year"]
                                            <-Select Operator [SEL_132] (rows=13130761 width=118)
                                                Output:["_col0","_col1","_col2","_col3"]
                                                Filter Operator [FIL_130] (rows=13130761 width=118)
                                                  predicate:(wr_returned_date_sk is not null and wr_returning_addr_sk is not null)
                                                  TableScan [TS_6] (rows=14398467 width=118)
                                                    default@web_returns,web_returns,Tbl:COMPLETE,Col:COMPLETE,Output:["wr_returned_date_sk","wr_returning_customer_sk","wr_returning_addr_sk","wr_return_amt"]
                                                  <-Map 11 [BROADCAST_EDGE] vectorized
                                                    BROADCAST [RS_125]
                                                      PartitionCols:_col0
                                                      Select Operator [SEL_124] (rows=652 width=8)
                                                        Output:["_col0"]
                                                        Filter Operator [FIL_123] (rows=652 width=8)
                                                          predicate:((d_year = 2002) and d_date_sk is not null)
                                                          TableScan [TS_9] (rows=73049 width=8)
                                                            default@date_dim,date_dim,Tbl:COMPLETE,Col:COMPLETE,Output:["d_date_sk","d_year"]
                        <-Select Operator [SEL_143] (rows=1841880 width=201)
                            Output:["_col0","_col1","_col2"]
                            Group By Operator [GBY_142] (rows=1841880 width=201)
                              Output:["_col0","_col1","_col2"],aggregations:["sum(VALUE._col0)"],keys:KEY._col0, KEY._col1
                            <-Reducer 6 [SIMPLE_EDGE]
                              SHUFFLE [RS_23]
                                PartitionCols:_col0, _col1
                                Group By Operator [GBY_22] (rows=3746772 width=201)
                                  Output:["_col0","_col1","_col2"],aggregations:["sum(_col3)"],keys:_col7, _col1
                                  Merge Join Operator [MERGEJOIN_103] (rows=3746772 width=184)
                                    Conds:RS_135._col2=RS_121._col0(Inner),Output:["_col1","_col3","_col7"]
                                  <-Map 5 [SIMPLE_EDGE] vectorized
                                    SHUFFLE [RS_121]
                                      PartitionCols:_col0
                                      Select Operator [SEL_118] (rows=40000000 width=90)
                                        Output:["_col0","_col1"]
                                        Filter Operator [FIL_115] (rows=40000000 width=90)
                                          predicate:(ca_address_sk is not null and ca_state is not null)
                                           Please refer to the previous TableScan [TS_3]
                                  <-Map 10 [SIMPLE_EDGE] vectorized
                                    SHUFFLE [RS_135]
                                      PartitionCols:_col2
                                      Map Join Operator [MAPJOIN_133] (rows=3746772 width=101)
                                        Conds:SEL_131._col0=RS_125._col0(Inner),HybridGraceHashJoin:true,Output:["_col1","_col2","_col3"]
                                      <- Please refer to the previous Map 11 [BROADCAST_EDGE]
                                      <-Select Operator [SEL_131] (rows=12539215 width=118)
                                          Output:["_col0","_col1","_col2","_col3"]
                                          Filter Operator [FIL_129] (rows=12539215 width=118)
                                            predicate:(wr_returned_date_sk is not null and wr_returning_addr_sk is not null and wr_returning_customer_sk is not null)
                                             Please refer to the previous TableScan [TS_6]

