PREHOOK: query: explain
select  channel, col_name, d_year, d_qoy, i_category, COUNT(*) sales_cnt, SUM(ext_sales_price) sales_amt FROM (
        SELECT 'store' as channel, 'ss_addr_sk' col_name, d_year, d_qoy, i_category, ss_ext_sales_price ext_sales_price
         FROM store_sales, item, date_dim
         WHERE ss_addr_sk IS NULL
           AND ss_sold_date_sk=d_date_sk
           AND ss_item_sk=i_item_sk
        UNION ALL
        SELECT 'web' as channel, 'ws_web_page_sk' col_name, d_year, d_qoy, i_category, ws_ext_sales_price ext_sales_price
         FROM web_sales, item, date_dim
         WHERE ws_web_page_sk IS NULL
           AND ws_sold_date_sk=d_date_sk
           AND ws_item_sk=i_item_sk
        UNION ALL
        SELECT 'catalog' as channel, 'cs_warehouse_sk' col_name, d_year, d_qoy, i_category, cs_ext_sales_price ext_sales_price
         FROM catalog_sales, item, date_dim
         WHERE cs_warehouse_sk IS NULL
           AND cs_sold_date_sk=d_date_sk
           AND cs_item_sk=i_item_sk) foo
GROUP BY channel, col_name, d_year, d_qoy, i_category
ORDER BY channel, col_name, d_year, d_qoy, i_category
limit 100
PREHOOK: type: QUERY
PREHOOK: Input: default@catalog_sales
PREHOOK: Input: default@date_dim
PREHOOK: Input: default@item
PREHOOK: Input: default@store_sales
PREHOOK: Input: default@web_sales
PREHOOK: Output: hdfs://### HDFS PATH ###
POSTHOOK: query: explain
select  channel, col_name, d_year, d_qoy, i_category, COUNT(*) sales_cnt, SUM(ext_sales_price) sales_amt FROM (
        SELECT 'store' as channel, 'ss_addr_sk' col_name, d_year, d_qoy, i_category, ss_ext_sales_price ext_sales_price
         FROM store_sales, item, date_dim
         WHERE ss_addr_sk IS NULL
           AND ss_sold_date_sk=d_date_sk
           AND ss_item_sk=i_item_sk
        UNION ALL
        SELECT 'web' as channel, 'ws_web_page_sk' col_name, d_year, d_qoy, i_category, ws_ext_sales_price ext_sales_price
         FROM web_sales, item, date_dim
         WHERE ws_web_page_sk IS NULL
           AND ws_sold_date_sk=d_date_sk
           AND ws_item_sk=i_item_sk
        UNION ALL
        SELECT 'catalog' as channel, 'cs_warehouse_sk' col_name, d_year, d_qoy, i_category, cs_ext_sales_price ext_sales_price
         FROM catalog_sales, item, date_dim
         WHERE cs_warehouse_sk IS NULL
           AND cs_sold_date_sk=d_date_sk
           AND cs_item_sk=i_item_sk) foo
GROUP BY channel, col_name, d_year, d_qoy, i_category
ORDER BY channel, col_name, d_year, d_qoy, i_category
limit 100
POSTHOOK: type: QUERY
POSTHOOK: Input: default@catalog_sales
POSTHOOK: Input: default@date_dim
POSTHOOK: Input: default@item
POSTHOOK: Input: default@store_sales
POSTHOOK: Input: default@web_sales
POSTHOOK: Output: hdfs://### HDFS PATH ###
Plan optimized by CBO.

Vertex dependency in root stage
Reducer 10 <- Map 16 (SIMPLE_EDGE), Reducer 9 (SIMPLE_EDGE), Union 4 (CONTAINS)
Reducer 2 <- Map 1 (SIMPLE_EDGE), Map 11 (SIMPLE_EDGE)
Reducer 3 <- Map 12 (SIMPLE_EDGE), Reducer 2 (SIMPLE_EDGE), Union 4 (CONTAINS)
Reducer 5 <- Union 4 (SIMPLE_EDGE)
Reducer 6 <- Reducer 5 (SIMPLE_EDGE)
Reducer 7 <- Map 1 (SIMPLE_EDGE), Map 13 (SIMPLE_EDGE)
Reducer 8 <- Map 14 (SIMPLE_EDGE), Reducer 7 (SIMPLE_EDGE), Union 4 (CONTAINS)
Reducer 9 <- Map 1 (SIMPLE_EDGE), Map 15 (SIMPLE_EDGE)

Stage-0
  Fetch Operator
    limit:100
    Stage-1
      Reducer 6 vectorized
      File Output Operator [FS_123]
        Limit [LIM_122] (rows=100 width=108)
          Number of rows:100
          Select Operator [SEL_121] (rows=304916424 width=108)
            Output:["_col0","_col1","_col2","_col3","_col4","_col5","_col6"]
          <-Reducer 5 [SIMPLE_EDGE] vectorized
            SHUFFLE [RS_120]
              Group By Operator [GBY_119] (rows=304916424 width=108)
                Output:["_col0","_col1","_col2","_col3","_col4","_col5","_col6"],aggregations:["count(VALUE._col0)","sum(VALUE._col1)"],keys:KEY._col0, KEY._col1, KEY._col2, KEY._col3, KEY._col4
              <-Union 4 [SIMPLE_EDGE]
                <-Reducer 10 [CONTAINS]
                  Reduce Output Operator [RS_107]
                    PartitionCols:_col0, _col1, _col2, _col3, _col4
                    Group By Operator [GBY_106] (rows=609832848 width=108)
                      Output:["_col0","_col1","_col2","_col3","_col4","_col5","_col6"],aggregations:["count()","sum(_col5)"],keys:_col0, _col1, _col2, _col3, _col4
                      Top N Key Operator [TNK_105] (rows=609832848 width=108)
                        keys:_col0, _col1, _col2, _col3, _col4,sort order:+++++,top n:100
                        Select Operator [SEL_103] (rows=174233858 width=135)
                          Output:["_col0","_col1","_col2","_col3","_col4","_col5"]
                          Merge Join Operator [MERGEJOIN_102] (rows=174233858 width=135)
                            Conds:RS_45._col0=RS_135._col0(Inner),Output:["_col3","_col5","_col7","_col8"]
                          <-Map 16 [SIMPLE_EDGE] vectorized
                            SHUFFLE [RS_135]
                              PartitionCols:_col0
                              Select Operator [SEL_134] (rows=73049 width=1119)
                                Output:["_col0","_col1","_col2"]
                                Filter Operator [FIL_133] (rows=73049 width=1119)
                                  predicate:d_date_sk is not null
                                  TableScan [TS_39] (rows=73049 width=1119)
                                    default@date_dim,date_dim,Tbl:COMPLETE,Col:NONE,Output:["d_date_sk","d_year","d_qoy"]
                          <-Reducer 9 [SIMPLE_EDGE]
                            SHUFFLE [RS_45]
                              PartitionCols:_col0
                              Merge Join Operator [MERGEJOIN_88] (rows=158394413 width=135)
                                Conds:RS_132._col2=RS_112._col0(Inner),Output:["_col0","_col3","_col5"]
                              <-Map 1 [SIMPLE_EDGE] vectorized
                                SHUFFLE [RS_112]
                                  PartitionCols:_col0
                                  Select Operator [SEL_109] (rows=462000 width=1436)
                                    Output:["_col0","_col1"]
                                    Filter Operator [FIL_108] (rows=462000 width=1436)
                                      predicate:i_item_sk is not null
                                      TableScan [TS_0] (rows=462000 width=1436)
                                        default@item,item,Tbl:COMPLETE,Col:NONE,Output:["i_item_sk","i_category"]
                              <-Map 15 [SIMPLE_EDGE] vectorized
                                SHUFFLE [RS_132]
                                  PartitionCols:_col2
                                  Select Operator [SEL_131] (rows=143994918 width=135)
                                    Output:["_col0","_col2","_col3"]
                                    Filter Operator [FIL_130] (rows=143994918 width=135)
                                      predicate:(cs_item_sk is not null and cs_sold_date_sk is not null and cs_warehouse_sk is null)
                                      TableScan [TS_33] (rows=287989836 width=135)
                                        default@catalog_sales,catalog_sales,Tbl:COMPLETE,Col:NONE,Output:["cs_sold_date_sk","cs_warehouse_sk","cs_item_sk","cs_ext_sales_price"]
                <-Reducer 3 [CONTAINS]
                  Reduce Output Operator [RS_95]
                    PartitionCols:_col0, _col1, _col2, _col3, _col4
                    Group By Operator [GBY_94] (rows=609832848 width=108)
                      Output:["_col0","_col1","_col2","_col3","_col4","_col5","_col6"],aggregations:["count()","sum(_col5)"],keys:_col0, _col1, _col2, _col3, _col4
                      Top N Key Operator [TNK_93] (rows=609832848 width=108)
                        keys:_col0, _col1, _col2, _col3, _col4,sort order:+++++,top n:100
                        Select Operator [SEL_91] (rows=348477373 width=88)
                          Output:["_col0","_col1","_col2","_col3","_col4","_col5"]
                          Merge Join Operator [MERGEJOIN_90] (rows=348477373 width=88)
                            Conds:RS_12._col2=RS_118._col0(Inner),Output:["_col1","_col5","_col7","_col8"]
                          <-Map 12 [SIMPLE_EDGE] vectorized
                            SHUFFLE [RS_118]
                              PartitionCols:_col0
                              Select Operator [SEL_117] (rows=73049 width=1119)
                                Output:["_col0","_col1","_col2"]
                                Filter Operator [FIL_116] (rows=73049 width=1119)
                                  predicate:d_date_sk is not null
                                  TableScan [TS_6] (rows=73049 width=1119)
                                    default@date_dim,date_dim,Tbl:COMPLETE,Col:NONE,Output:["d_date_sk","d_year","d_qoy"]
                          <-Reducer 2 [SIMPLE_EDGE]
                            SHUFFLE [RS_12]
                              PartitionCols:_col2
                              Merge Join Operator [MERGEJOIN_84] (rows=316797605 width=88)
                                Conds:RS_110._col0=RS_115._col1(Inner),Output:["_col1","_col2","_col5"]
                              <-Map 1 [SIMPLE_EDGE] vectorized
                                SHUFFLE [RS_110]
                                  PartitionCols:_col0
                                   Please refer to the previous Select Operator [SEL_109]
                              <-Map 11 [SIMPLE_EDGE] vectorized
                                SHUFFLE [RS_115]
                                  PartitionCols:_col1
                                  Select Operator [SEL_114] (rows=287997817 width=88)
                                    Output:["_col0","_col1","_col3"]
                                    Filter Operator [FIL_113] (rows=287997817 width=88)
                                      predicate:(ss_addr_sk is null and ss_item_sk is not null and ss_sold_date_sk is not null)
                                      TableScan [TS_3] (rows=575995635 width=88)
                                        default@store_sales,store_sales,Tbl:COMPLETE,Col:NONE,Output:["ss_sold_date_sk","ss_item_sk","ss_addr_sk","ss_ext_sales_price"]
                <-Reducer 8 [CONTAINS]
                  Reduce Output Operator [RS_101]
                    PartitionCols:_col0, _col1, _col2, _col3, _col4
                    Group By Operator [GBY_100] (rows=609832848 width=108)
                      Output:["_col0","_col1","_col2","_col3","_col4","_col5","_col6"],aggregations:["count()","sum(_col5)"],keys:_col0, _col1, _col2, _col3, _col4
                      Top N Key Operator [TNK_99] (rows=609832848 width=108)
                        keys:_col0, _col1, _col2, _col3, _col4,sort order:+++++,top n:100
                        Select Operator [SEL_97] (rows=87121617 width=135)
                          Output:["_col0","_col1","_col2","_col3","_col4","_col5"]
                          Merge Join Operator [MERGEJOIN_96] (rows=87121617 width=135)
                            Conds:RS_28._col0=RS_129._col0(Inner),Output:["_col3","_col5","_col7","_col8"]
                          <-Map 14 [SIMPLE_EDGE] vectorized
                            SHUFFLE [RS_129]
                              PartitionCols:_col0
                              Select Operator [SEL_128] (rows=73049 width=1119)
                                Output:["_col0","_col1","_col2"]
                                Filter Operator [FIL_127] (rows=73049 width=1119)
                                  predicate:d_date_sk is not null
                                  TableScan [TS_22] (rows=73049 width=1119)
                                    default@date_dim,date_dim,Tbl:COMPLETE,Col:NONE,Output:["d_date_sk","d_year","d_qoy"]
                          <-Reducer 7 [SIMPLE_EDGE]
                            SHUFFLE [RS_28]
                              PartitionCols:_col0
                              Merge Join Operator [MERGEJOIN_86] (rows=79201469 width=135)
                                Conds:RS_126._col1=RS_111._col0(Inner),Output:["_col0","_col3","_col5"]
                              <-Map 1 [SIMPLE_EDGE] vectorized
                                SHUFFLE [RS_111]
                                  PartitionCols:_col0
                                   Please refer to the previous Select Operator [SEL_109]
                              <-Map 13 [SIMPLE_EDGE] vectorized
                                SHUFFLE [RS_126]
                                  PartitionCols:_col1
                                  Select Operator [SEL_125] (rows=72001334 width=135)
                                    Output:["_col0","_col1","_col3"]
                                    Filter Operator [FIL_124] (rows=72001334 width=135)
                                      predicate:(ws_item_sk is not null and ws_sold_date_sk is not null and ws_web_page_sk is null)
                                      TableScan [TS_16] (rows=144002668 width=135)
                                        default@web_sales,web_sales,Tbl:COMPLETE,Col:NONE,Output:["ws_sold_date_sk","ws_item_sk","ws_web_page_sk","ws_ext_sales_price"]

