Warning: Shuffle Join MERGEJOIN[92][tables = [$hdt$_0, $hdt$_1]] in Stage 'Reducer 3' is a cross product
PREHOOK: query: explain
select  cast(amc as decimal(15,4))/cast(pmc as decimal(15,4)) am_pm_ratio
 from ( select count(*) amc
       from web_sales, household_demographics , time_dim, web_page
       where ws_sold_time_sk = time_dim.t_time_sk
         and ws_ship_hdemo_sk = household_demographics.hd_demo_sk
         and ws_web_page_sk = web_page.wp_web_page_sk
         and time_dim.t_hour between 6 and 6+1
         and household_demographics.hd_dep_count = 8
         and web_page.wp_char_count between 5000 and 5200) at,
      ( select count(*) pmc
       from web_sales, household_demographics , time_dim, web_page
       where ws_sold_time_sk = time_dim.t_time_sk
         and ws_ship_hdemo_sk = household_demographics.hd_demo_sk
         and ws_web_page_sk = web_page.wp_web_page_sk
         and time_dim.t_hour between 14 and 14+1
         and household_demographics.hd_dep_count = 8
         and web_page.wp_char_count between 5000 and 5200) pt
 order by am_pm_ratio
 limit 100
PREHOOK: type: QUERY
PREHOOK: Input: default@household_demographics
PREHOOK: Input: default@time_dim
PREHOOK: Input: default@web_page
PREHOOK: Input: default@web_sales
PREHOOK: Output: hdfs://### HDFS PATH ###
POSTHOOK: query: explain
select  cast(amc as decimal(15,4))/cast(pmc as decimal(15,4)) am_pm_ratio
 from ( select count(*) amc
       from web_sales, household_demographics , time_dim, web_page
       where ws_sold_time_sk = time_dim.t_time_sk
         and ws_ship_hdemo_sk = household_demographics.hd_demo_sk
         and ws_web_page_sk = web_page.wp_web_page_sk
         and time_dim.t_hour between 6 and 6+1
         and household_demographics.hd_dep_count = 8
         and web_page.wp_char_count between 5000 and 5200) at,
      ( select count(*) pmc
       from web_sales, household_demographics , time_dim, web_page
       where ws_sold_time_sk = time_dim.t_time_sk
         and ws_ship_hdemo_sk = household_demographics.hd_demo_sk
         and ws_web_page_sk = web_page.wp_web_page_sk
         and time_dim.t_hour between 14 and 14+1
         and household_demographics.hd_dep_count = 8
         and web_page.wp_char_count between 5000 and 5200) pt
 order by am_pm_ratio
 limit 100
POSTHOOK: type: QUERY
POSTHOOK: Input: default@household_demographics
POSTHOOK: Input: default@time_dim
POSTHOOK: Input: default@web_page
POSTHOOK: Input: default@web_sales
POSTHOOK: Output: hdfs://### HDFS PATH ###
Plan optimized by CBO.

Vertex dependency in root stage
Map 1 <- Map 10 (BROADCAST_EDGE), Map 6 (BROADCAST_EDGE), Map 7 (BROADCAST_EDGE), Map 8 (BROADCAST_EDGE), Map 9 (BROADCAST_EDGE)
Reducer 2 <- Map 1 (CUSTOM_SIMPLE_EDGE)
Reducer 3 <- Reducer 2 (XPROD_EDGE), Reducer 5 (XPROD_EDGE)
Reducer 4 <- Reducer 3 (SIMPLE_EDGE)
Reducer 5 <- Map 1 (CUSTOM_SIMPLE_EDGE)

Stage-0
  Fetch Operator
    limit:100
    Stage-1
      Reducer 4 vectorized
      File Output Operator [FS_130]
        Limit [LIM_129] (rows=1 width=112)
          Number of rows:100
          Select Operator [SEL_128] (rows=1 width=112)
            Output:["_col0"]
          <-Reducer 3 [SIMPLE_EDGE]
            SHUFFLE [RS_56]
              Select Operator [SEL_55] (rows=1 width=112)
                Output:["_col0"]
                Merge Join Operator [MERGEJOIN_92] (rows=1 width=16)
                  Conds:(Inner),Output:["_col0","_col1"]
                <-Reducer 2 [XPROD_EDGE] vectorized
                  XPROD_EDGE [RS_125]
                    Group By Operator [GBY_124] (rows=1 width=8)
                      Output:["_col0"],aggregations:["count(VALUE._col0)"]
                    <-Map 1 [CUSTOM_SIMPLE_EDGE] vectorized
                      PARTITION_ONLY_SHUFFLE [RS_122]
                        Group By Operator [GBY_120] (rows=1 width=8)
                          Output:["_col0"],aggregations:["count()"]
                          Map Join Operator [MAPJOIN_118] (rows=161506 width=8)
                            Conds:MAPJOIN_116._col1=RS_106._col0(Inner),HybridGraceHashJoin:true
                          <-Map 8 [BROADCAST_EDGE] vectorized
                            BROADCAST [RS_106]
                              PartitionCols:_col0
                              Select Operator [SEL_105] (rows=655 width=8)
                                Output:["_col0"]
                                Filter Operator [FIL_104] (rows=655 width=8)
                                  predicate:((hd_dep_count = 8) and hd_demo_sk is not null)
                                  TableScan [TS_9] (rows=7200 width=8)
                                    default@household_demographics,household_demographics,Tbl:COMPLETE,Col:COMPLETE,Output:["hd_demo_sk","hd_dep_count"]
                          <-Map Join Operator [MAPJOIN_116] (rows=1775325 width=3)
                              Conds:MAPJOIN_115._col0=RS_103._col0(Inner),HybridGraceHashJoin:true,Output:["_col1"]
                            <-Map 7 [BROADCAST_EDGE] vectorized
                              BROADCAST [RS_103]
                                PartitionCols:_col0
                                Select Operator [SEL_102] (rows=9600 width=8)
                                  Output:["_col0"]
                                  Filter Operator [FIL_101] (rows=9600 width=8)
                                    predicate:(t_hour BETWEEN 6 AND 7 and t_time_sk is not null)
                                    TableScan [TS_6] (rows=86400 width=8)
                                      default@time_dim,time_dim,Tbl:COMPLETE,Col:COMPLETE,Output:["t_time_sk","t_hour"]
                            <-Map Join Operator [MAPJOIN_115] (rows=15977923 width=7)
                                Conds:SEL_114._col2=RS_100._col0(Inner),HybridGraceHashJoin:true,Output:["_col0","_col1"]
                              <-Map 6 [BROADCAST_EDGE] vectorized
                                BROADCAST [RS_100]
                                  PartitionCols:_col0
                                  Select Operator [SEL_99] (rows=511 width=7)
                                    Output:["_col0"]
                                    Filter Operator [FIL_98] (rows=511 width=7)
                                      predicate:(wp_char_count BETWEEN 5000 AND 5200 and wp_web_page_sk is not null)
                                      TableScan [TS_3] (rows=4602 width=7)
                                        default@web_page,web_page,Tbl:COMPLETE,Col:COMPLETE,Output:["wp_web_page_sk","wp_char_count"]
                              <-Select Operator [SEL_114] (rows=143895111 width=11)
                                  Output:["_col0","_col1","_col2"]
                                  Filter Operator [FIL_113] (rows=143895111 width=11)
                                    predicate:(ws_ship_hdemo_sk is not null and ws_sold_time_sk is not null and ws_web_page_sk is not null)
                                    TableScan [TS_0] (rows=144002668 width=11)
                                      default@web_sales,web_sales,Tbl:COMPLETE,Col:COMPLETE,Output:["ws_sold_time_sk","ws_ship_hdemo_sk","ws_web_page_sk"]
                                    <-Map 10 [BROADCAST_EDGE] vectorized
                                      BROADCAST [RS_112]
                                        PartitionCols:_col0
                                        Select Operator [SEL_111] (rows=655 width=8)
                                          Output:["_col0"]
                                          Filter Operator [FIL_110] (rows=655 width=8)
                                            predicate:((hd_dep_count = 8) and hd_demo_sk is not null)
                                            TableScan [TS_35] (rows=7200 width=8)
                                              default@household_demographics,household_demographics,Tbl:COMPLETE,Col:COMPLETE,Output:["hd_demo_sk","hd_dep_count"]
                                    <-Map 9 [BROADCAST_EDGE] vectorized
                                      BROADCAST [RS_109]
                                        PartitionCols:_col0
                                        Select Operator [SEL_108] (rows=9600 width=8)
                                          Output:["_col0"]
                                          Filter Operator [FIL_107] (rows=9600 width=8)
                                            predicate:(t_hour BETWEEN 14 AND 15 and t_time_sk is not null)
                                            TableScan [TS_32] (rows=86400 width=8)
                                              default@time_dim,time_dim,Tbl:COMPLETE,Col:COMPLETE,Output:["t_time_sk","t_hour"]
                <-Reducer 5 [XPROD_EDGE] vectorized
                  XPROD_EDGE [RS_127]
                    Group By Operator [GBY_126] (rows=1 width=8)
                      Output:["_col0"],aggregations:["count(VALUE._col0)"]
                    <-Map 1 [CUSTOM_SIMPLE_EDGE] vectorized
                      PARTITION_ONLY_SHUFFLE [RS_123]
                        Group By Operator [GBY_121] (rows=1 width=8)
                          Output:["_col0"],aggregations:["count()"]
                          Map Join Operator [MAPJOIN_119] (rows=161506 width=8)
                            Conds:MAPJOIN_117._col1=RS_112._col0(Inner),HybridGraceHashJoin:true
                          <- Please refer to the previous Map 10 [BROADCAST_EDGE]
                          <-Map Join Operator [MAPJOIN_117] (rows=1775325 width=3)
                              Conds:MAPJOIN_115._col0=RS_109._col0(Inner),HybridGraceHashJoin:true,Output:["_col1"]
                            <- Please refer to the previous Map 9 [BROADCAST_EDGE]
                               Please refer to the previous Map Join Operator [MAPJOIN_115]

