PREHOOK: query: explain
select  
   substr(w_warehouse_name,1,20)
  ,sm_type
  ,cc_name
  ,sum(case when (cs_ship_date_sk - cs_sold_date_sk <= 30 ) then 1 else 0 end)  as `30 days` 
  ,sum(case when (cs_ship_date_sk - cs_sold_date_sk > 30) and 
                 (cs_ship_date_sk - cs_sold_date_sk <= 60) then 1 else 0 end )  as `31-60 days` 
  ,sum(case when (cs_ship_date_sk - cs_sold_date_sk > 60) and 
                 (cs_ship_date_sk - cs_sold_date_sk <= 90) then 1 else 0 end)  as `61-90 days` 
  ,sum(case when (cs_ship_date_sk - cs_sold_date_sk > 90) and
                 (cs_ship_date_sk - cs_sold_date_sk <= 120) then 1 else 0 end)  as `91-120 days` 
  ,sum(case when (cs_ship_date_sk - cs_sold_date_sk  > 120) then 1 else 0 end)  as `>120 days` 
from
   catalog_sales
  ,warehouse
  ,ship_mode
  ,call_center
  ,date_dim
where
    d_month_seq between 1212 and 1212 + 11
and cs_ship_date_sk   = d_date_sk
and cs_warehouse_sk   = w_warehouse_sk
and cs_ship_mode_sk   = sm_ship_mode_sk
and cs_call_center_sk = cc_call_center_sk
group by
   substr(w_warehouse_name,1,20)
  ,sm_type
  ,cc_name
order by substr(w_warehouse_name,1,20)
        ,sm_type
        ,cc_name
limit 100
PREHOOK: type: QUERY
PREHOOK: Input: default@call_center
PREHOOK: Input: default@catalog_sales
PREHOOK: Input: default@date_dim
PREHOOK: Input: default@ship_mode
PREHOOK: Input: default@warehouse
PREHOOK: Output: hdfs://### HDFS PATH ###
POSTHOOK: query: explain
select  
   substr(w_warehouse_name,1,20)
  ,sm_type
  ,cc_name
  ,sum(case when (cs_ship_date_sk - cs_sold_date_sk <= 30 ) then 1 else 0 end)  as `30 days` 
  ,sum(case when (cs_ship_date_sk - cs_sold_date_sk > 30) and 
                 (cs_ship_date_sk - cs_sold_date_sk <= 60) then 1 else 0 end )  as `31-60 days` 
  ,sum(case when (cs_ship_date_sk - cs_sold_date_sk > 60) and 
                 (cs_ship_date_sk - cs_sold_date_sk <= 90) then 1 else 0 end)  as `61-90 days` 
  ,sum(case when (cs_ship_date_sk - cs_sold_date_sk > 90) and
                 (cs_ship_date_sk - cs_sold_date_sk <= 120) then 1 else 0 end)  as `91-120 days` 
  ,sum(case when (cs_ship_date_sk - cs_sold_date_sk  > 120) then 1 else 0 end)  as `>120 days` 
from
   catalog_sales
  ,warehouse
  ,ship_mode
  ,call_center
  ,date_dim
where
    d_month_seq between 1212 and 1212 + 11
and cs_ship_date_sk   = d_date_sk
and cs_warehouse_sk   = w_warehouse_sk
and cs_ship_mode_sk   = sm_ship_mode_sk
and cs_call_center_sk = cc_call_center_sk
group by
   substr(w_warehouse_name,1,20)
  ,sm_type
  ,cc_name
order by substr(w_warehouse_name,1,20)
        ,sm_type
        ,cc_name
limit 100
POSTHOOK: type: QUERY
POSTHOOK: Input: default@call_center
POSTHOOK: Input: default@catalog_sales
POSTHOOK: Input: default@date_dim
POSTHOOK: Input: default@ship_mode
POSTHOOK: Input: default@warehouse
POSTHOOK: Output: hdfs://### HDFS PATH ###
Plan optimized by CBO.

Vertex dependency in root stage
Map 1 <- Map 4 (BROADCAST_EDGE), Map 5 (BROADCAST_EDGE), Map 6 (BROADCAST_EDGE), Map 7 (BROADCAST_EDGE)
Reducer 2 <- Map 1 (SIMPLE_EDGE)
Reducer 3 <- Reducer 2 (SIMPLE_EDGE)

Stage-0
  Fetch Operator
    limit:-1
    Stage-1
      Reducer 3 vectorized
      File Output Operator [FS_93]
        Limit [LIM_92] (rows=100 width=590)
          Number of rows:100
          Select Operator [SEL_91] (rows=3920200 width=590)
            Output:["_col0","_col1","_col2","_col3","_col4","_col5","_col6","_col7"]
          <-Reducer 2 [SIMPLE_EDGE] vectorized
            SHUFFLE [RS_90]
              Select Operator [SEL_89] (rows=3920200 width=590)
                Output:["_col1","_col2","_col3","_col4","_col5","_col6","_col7","_col8"]
                Group By Operator [GBY_88] (rows=3920200 width=406)
                  Output:["_col0","_col1","_col2","_col3","_col4","_col5","_col6","_col7"],aggregations:["sum(VALUE._col0)","sum(VALUE._col1)","sum(VALUE._col2)","sum(VALUE._col3)","sum(VALUE._col4)"],keys:KEY._col0, KEY._col1, KEY._col2
                <-Map 1 [SIMPLE_EDGE] vectorized
                  SHUFFLE [RS_87]
                    PartitionCols:_col0, _col1, _col2
                    Group By Operator [GBY_86] (rows=7840400 width=406)
                      Output:["_col0","_col1","_col2","_col3","_col4","_col5","_col6","_col7"],aggregations:["sum(_col3)","sum(_col4)","sum(_col5)","sum(_col6)","sum(_col7)"],keys:_col0, _col1, _col2
                      Top N Key Operator [TNK_85] (rows=15680800 width=289)
                        keys:_col0, _col1, _col2,sort order:+++,top n:100
                        Select Operator [SEL_84] (rows=15680800 width=289)
                          Output:["_col0","_col1","_col2","_col3","_col4","_col5","_col6","_col7"]
                          Map Join Operator [MAPJOIN_83] (rows=15680800 width=289)
                            Conds:MAPJOIN_82._col3=RS_77._col0(Inner),HybridGraceHashJoin:true,Output:["_col0","_col1","_col8","_col10","_col12"]
                          <-Map 7 [BROADCAST_EDGE] vectorized
                            BROADCAST [RS_77]
                              PartitionCols:_col0
                              Select Operator [SEL_76] (rows=1 width=88)
                                Output:["_col0","_col1"]
                                Filter Operator [FIL_75] (rows=1 width=88)
                                  predicate:sm_ship_mode_sk is not null
                                  TableScan [TS_12] (rows=1 width=88)
                                    default@ship_mode,ship_mode,Tbl:COMPLETE,Col:COMPLETE,Output:["sm_ship_mode_sk","sm_type"]
                          <-Map Join Operator [MAPJOIN_82] (rows=31361601 width=209)
                              Conds:MAPJOIN_81._col4=RS_74._col0(Inner),HybridGraceHashJoin:true,Output:["_col0","_col1","_col3","_col8","_col10"]
                            <-Map 6 [BROADCAST_EDGE] vectorized
                              BROADCAST [RS_74]
                                PartitionCols:_col0
                                Select Operator [SEL_73] (rows=27 width=104)
                                  Output:["_col0","_col1"]
                                  Filter Operator [FIL_72] (rows=27 width=104)
                                    predicate:w_warehouse_sk is not null
                                    TableScan [TS_9] (rows=27 width=104)
                                      default@warehouse,warehouse,Tbl:COMPLETE,Col:COMPLETE,Output:["w_warehouse_sk","w_warehouse_name"]
                            <-Map Join Operator [MAPJOIN_81] (rows=31361601 width=113)
                                Conds:MAPJOIN_80._col2=RS_71._col0(Inner),HybridGraceHashJoin:true,Output:["_col0","_col1","_col3","_col4","_col8"]
                              <-Map 5 [BROADCAST_EDGE] vectorized
                                BROADCAST [RS_71]
                                  PartitionCols:_col0
                                  Select Operator [SEL_70] (rows=60 width=102)
                                    Output:["_col0","_col1"]
                                    Filter Operator [FIL_69] (rows=60 width=102)
                                      predicate:cc_call_center_sk is not null
                                      TableScan [TS_6] (rows=60 width=102)
                                        default@call_center,call_center,Tbl:COMPLETE,Col:COMPLETE,Output:["cc_call_center_sk","cc_name"]
                              <-Map Join Operator [MAPJOIN_80] (rows=31361601 width=19)
                                  Conds:SEL_79._col1=RS_68._col0(Inner),HybridGraceHashJoin:true,Output:["_col0","_col1","_col2","_col3","_col4"]
                                <-Map 4 [BROADCAST_EDGE] vectorized
                                  BROADCAST [RS_68]
                                    PartitionCols:_col0
                                    Select Operator [SEL_67] (rows=8116 width=8)
                                      Output:["_col0"]
                                      Filter Operator [FIL_66] (rows=8116 width=8)
                                        predicate:(d_date_sk is not null and d_month_seq BETWEEN 1212 AND 1223)
                                        TableScan [TS_3] (rows=73049 width=8)
                                          default@date_dim,date_dim,Tbl:COMPLETE,Col:COMPLETE,Output:["d_date_sk","d_month_seq"]
                                <-Select Operator [SEL_79] (rows=282273729 width=19)
                                    Output:["_col0","_col1","_col2","_col3","_col4"]
                                    Filter Operator [FIL_78] (rows=282273729 width=19)
                                      predicate:(cs_call_center_sk is not null and cs_ship_date_sk is not null and cs_ship_mode_sk is not null and cs_warehouse_sk is not null)
                                      TableScan [TS_0] (rows=287989836 width=19)
                                        default@catalog_sales,catalog_sales,Tbl:COMPLETE,Col:COMPLETE,Output:["cs_sold_date_sk","cs_ship_date_sk","cs_call_center_sk","cs_ship_mode_sk","cs_warehouse_sk"]

