PREHOOK: query: explain
select   
  ca_state,
  cd_gender,
  cd_marital_status,
  count(*) cnt1,
  avg(cd_dep_count),
  max(cd_dep_count),
  sum(cd_dep_count),
  cd_dep_employed_count,
  count(*) cnt2,
  avg(cd_dep_employed_count),
  max(cd_dep_employed_count),
  sum(cd_dep_employed_count),
  cd_dep_college_count,
  count(*) cnt3,
  avg(cd_dep_college_count),
  max(cd_dep_college_count),
  sum(cd_dep_college_count)
 from
  customer c,customer_address ca,customer_demographics
 where
  c.c_current_addr_sk = ca.ca_address_sk and
  cd_demo_sk = c.c_current_cdemo_sk and 
  exists (select *
          from store_sales,date_dim
          where c.c_customer_sk = ss_customer_sk and
                ss_sold_date_sk = d_date_sk and
                d_year = 1999 and
                d_qoy < 4) and
   (exists (select *
            from web_sales,date_dim
            where c.c_customer_sk = ws_bill_customer_sk and
                  ws_sold_date_sk = d_date_sk and
                  d_year = 1999 and
                  d_qoy < 4) or 
    exists (select * 
            from catalog_sales,date_dim
            where c.c_customer_sk = cs_ship_customer_sk and
                  cs_sold_date_sk = d_date_sk and
                  d_year = 1999 and
                  d_qoy < 4))
 group by ca_state,
          cd_gender,
          cd_marital_status,
          cd_dep_count,
          cd_dep_employed_count,
          cd_dep_college_count
 order by ca_state,
          cd_gender,
          cd_marital_status,
          cd_dep_count,
          cd_dep_employed_count,
          cd_dep_college_count
 limit 100
PREHOOK: type: QUERY
PREHOOK: Input: default@catalog_sales
PREHOOK: Input: default@customer
PREHOOK: Input: default@customer_address
PREHOOK: Input: default@customer_demographics
PREHOOK: Input: default@date_dim
PREHOOK: Input: default@store_sales
PREHOOK: Input: default@web_sales
PREHOOK: Output: hdfs://### HDFS PATH ###
POSTHOOK: query: explain
select   
  ca_state,
  cd_gender,
  cd_marital_status,
  count(*) cnt1,
  avg(cd_dep_count),
  max(cd_dep_count),
  sum(cd_dep_count),
  cd_dep_employed_count,
  count(*) cnt2,
  avg(cd_dep_employed_count),
  max(cd_dep_employed_count),
  sum(cd_dep_employed_count),
  cd_dep_college_count,
  count(*) cnt3,
  avg(cd_dep_college_count),
  max(cd_dep_college_count),
  sum(cd_dep_college_count)
 from
  customer c,customer_address ca,customer_demographics
 where
  c.c_current_addr_sk = ca.ca_address_sk and
  cd_demo_sk = c.c_current_cdemo_sk and 
  exists (select *
          from store_sales,date_dim
          where c.c_customer_sk = ss_customer_sk and
                ss_sold_date_sk = d_date_sk and
                d_year = 1999 and
                d_qoy < 4) and
   (exists (select *
            from web_sales,date_dim
            where c.c_customer_sk = ws_bill_customer_sk and
                  ws_sold_date_sk = d_date_sk and
                  d_year = 1999 and
                  d_qoy < 4) or 
    exists (select * 
            from catalog_sales,date_dim
            where c.c_customer_sk = cs_ship_customer_sk and
                  cs_sold_date_sk = d_date_sk and
                  d_year = 1999 and
                  d_qoy < 4))
 group by ca_state,
          cd_gender,
          cd_marital_status,
          cd_dep_count,
          cd_dep_employed_count,
          cd_dep_college_count
 order by ca_state,
          cd_gender,
          cd_marital_status,
          cd_dep_count,
          cd_dep_employed_count,
          cd_dep_college_count
 limit 100
POSTHOOK: type: QUERY
POSTHOOK: Input: default@catalog_sales
POSTHOOK: Input: default@customer
POSTHOOK: Input: default@customer_address
POSTHOOK: Input: default@customer_demographics
POSTHOOK: Input: default@date_dim
POSTHOOK: Input: default@store_sales
POSTHOOK: Input: default@web_sales
POSTHOOK: Output: hdfs://### HDFS PATH ###
Plan optimized by CBO.

Vertex dependency in root stage
Map 10 <- Map 9 (BROADCAST_EDGE)
Map 12 <- Map 9 (BROADCAST_EDGE)
Map 8 <- Map 9 (BROADCAST_EDGE)
Reducer 11 <- Map 10 (SIMPLE_EDGE)
Reducer 13 <- Map 12 (SIMPLE_EDGE)
Reducer 2 <- Map 1 (SIMPLE_EDGE), Map 6 (SIMPLE_EDGE)
Reducer 3 <- Map 7 (SIMPLE_EDGE), Map 8 (BROADCAST_EDGE), Reducer 11 (BROADCAST_EDGE), Reducer 13 (BROADCAST_EDGE), Reducer 2 (SIMPLE_EDGE)
Reducer 4 <- Reducer 3 (SIMPLE_EDGE)
Reducer 5 <- Reducer 4 (SIMPLE_EDGE)

Stage-0
  Fetch Operator
    limit:-1
    Stage-1
      Reducer 5 vectorized
      File Output Operator [FS_160]
        Limit [LIM_159] (rows=1 width=352)
          Number of rows:100
          Select Operator [SEL_158] (rows=1 width=352)
            Output:["_col0","_col1","_col2","_col3","_col4","_col5","_col6","_col7","_col8","_col9","_col10","_col11","_col12","_col13","_col14","_col15","_col16"]
          <-Reducer 4 [SIMPLE_EDGE] vectorized
            SHUFFLE [RS_157]
              Select Operator [SEL_156] (rows=1 width=352)
                Output:["_col0","_col1","_col2","_col3","_col4","_col5","_col6","_col7","_col9","_col10","_col11","_col12","_col14","_col15","_col16","_col17"]
                Group By Operator [GBY_155] (rows=1 width=336)
                  Output:["_col0","_col1","_col2","_col3","_col4","_col5","_col6","_col7","_col8","_col9","_col10","_col11","_col12","_col13","_col14","_col15"],aggregations:["count(VALUE._col0)","sum(VALUE._col1)","count(VALUE._col2)","max(VALUE._col3)","sum(VALUE._col4)","count(VALUE._col5)","max(VALUE._col6)","sum(VALUE._col7)","count(VALUE._col8)","max(VALUE._col9)"],keys:KEY._col0, KEY._col1, KEY._col2, KEY._col3, KEY._col4, KEY._col5
                <-Reducer 3 [SIMPLE_EDGE]
                  SHUFFLE [RS_67]
                    PartitionCols:_col0, _col1, _col2, _col3, _col4, _col5
                    Group By Operator [GBY_66] (rows=1 width=336)
                      Output:["_col0","_col1","_col2","_col3","_col4","_col5","_col6","_col7","_col8","_col9","_col10","_col11","_col12","_col13","_col14","_col15"],aggregations:["count()","sum(_col8)","count(_col8)","max(_col8)","sum(_col9)","count(_col9)","max(_col9)","sum(_col10)","count(_col10)","max(_col10)"],keys:_col4, _col6, _col7, _col8, _col9, _col10
                      Top N Key Operator [TNK_104] (rows=61 width=276)
                        keys:_col4, _col6, _col7, _col8, _col9, _col10,sort order:++++++,top n:100
                        Select Operator [SEL_65] (rows=61 width=276)
                          Output:["_col4","_col6","_col7","_col8","_col9","_col10"]
                          Filter Operator [FIL_64] (rows=61 width=276)
                            predicate:(_col12 is not null or _col14 is not null)
                            Map Join Operator [MAPJOIN_112] (rows=61 width=276)
                              Conds:MAPJOIN_111._col0=RS_154._col0(Left Outer),HybridGraceHashJoin:true,Output:["_col4","_col6","_col7","_col8","_col9","_col10","_col12","_col14"]
                            <-Reducer 13 [BROADCAST_EDGE] vectorized
                              BROADCAST [RS_154]
                                PartitionCols:_col0
                                Select Operator [SEL_153] (rows=165374 width=7)
                                  Output:["_col0","_col1"]
                                  Group By Operator [GBY_152] (rows=165374 width=3)
                                    Output:["_col0"],keys:KEY._col0
                                  <-Map 12 [SIMPLE_EDGE] vectorized
                                    SHUFFLE [RS_151]
                                      PartitionCols:_col0
                                      Group By Operator [GBY_150] (rows=165374 width=3)
                                        Output:["_col0"],keys:_col1
                                        Map Join Operator [MAPJOIN_149] (rows=33642830 width=3)
                                          Conds:SEL_148._col0=RS_132._col0(Inner),HybridGraceHashJoin:true,Output:["_col1"]
                                        <-Map 9 [BROADCAST_EDGE] vectorized
                                          BROADCAST [RS_132]
                                            PartitionCols:_col0
                                            Select Operator [SEL_129] (rows=217 width=12)
                                              Output:["_col0"]
                                              Filter Operator [FIL_128] (rows=217 width=12)
                                                predicate:((d_qoy < 4) and (d_year = 1999) and d_date_sk is not null)
                                                TableScan [TS_12] (rows=73049 width=12)
                                                  default@date_dim,date_dim,Tbl:COMPLETE,Col:COMPLETE,Output:["d_date_sk","d_year","d_qoy"]
                                        <-Select Operator [SEL_148] (rows=285115246 width=7)
                                            Output:["_col0","_col1"]
                                            Filter Operator [FIL_147] (rows=285115246 width=7)
                                              predicate:(cs_ship_customer_sk is not null and cs_sold_date_sk is not null)
                                              TableScan [TS_33] (rows=287989836 width=7)
                                                default@catalog_sales,catalog_sales,Tbl:COMPLETE,Col:COMPLETE,Output:["cs_sold_date_sk","cs_ship_customer_sk"]
                            <-Map Join Operator [MAPJOIN_111] (rows=62 width=276)
                                Conds:MAPJOIN_110._col0=RS_146._col0(Left Outer),HybridGraceHashJoin:true,Output:["_col0","_col4","_col6","_col7","_col8","_col9","_col10","_col12"]
                              <-Reducer 11 [BROADCAST_EDGE] vectorized
                                BROADCAST [RS_146]
                                  PartitionCols:_col0
                                  Select Operator [SEL_145] (rows=168147 width=7)
                                    Output:["_col0","_col1"]
                                    Group By Operator [GBY_144] (rows=168147 width=3)
                                      Output:["_col0"],keys:KEY._col0
                                    <-Map 10 [SIMPLE_EDGE] vectorized
                                      SHUFFLE [RS_143]
                                        PartitionCols:_col0
                                        Group By Operator [GBY_142] (rows=168147 width=3)
                                          Output:["_col0"],keys:_col1
                                          Map Join Operator [MAPJOIN_141] (rows=17104380 width=3)
                                            Conds:SEL_140._col0=RS_131._col0(Inner),HybridGraceHashJoin:true,Output:["_col1"]
                                          <-Map 9 [BROADCAST_EDGE] vectorized
                                            BROADCAST [RS_131]
                                              PartitionCols:_col0
                                               Please refer to the previous Select Operator [SEL_129]
                                          <-Select Operator [SEL_140] (rows=143930993 width=7)
                                              Output:["_col0","_col1"]
                                              Filter Operator [FIL_139] (rows=143930993 width=7)
                                                predicate:(ws_bill_customer_sk is not null and ws_sold_date_sk is not null)
                                                TableScan [TS_19] (rows=144002668 width=7)
                                                  default@web_sales,web_sales,Tbl:COMPLETE,Col:COMPLETE,Output:["ws_sold_date_sk","ws_bill_customer_sk"]
                              <-Map Join Operator [MAPJOIN_110] (rows=148065 width=272)
                                  Conds:MERGEJOIN_106._col0=RS_138._col0(Left Semi),HybridGraceHashJoin:true,Output:["_col0","_col4","_col6","_col7","_col8","_col9","_col10"]
                                <-Map 8 [BROADCAST_EDGE] vectorized
                                  BROADCAST [RS_138]
                                    PartitionCols:_col0
                                    Group By Operator [GBY_137] (rows=153432 width=2)
                                      Output:["_col0"],keys:_col0
                                      Select Operator [SEL_136] (rows=62428523 width=2)
                                        Output:["_col0"]
                                        Map Join Operator [MAPJOIN_135] (rows=62428523 width=2)
                                          Conds:SEL_134._col0=RS_130._col0(Inner),HybridGraceHashJoin:true,Output:["_col1"]
                                        <-Map 9 [BROADCAST_EDGE] vectorized
                                          BROADCAST [RS_130]
                                            PartitionCols:_col0
                                             Please refer to the previous Select Operator [SEL_129]
                                        <-Select Operator [SEL_134] (rows=525327388 width=7)
                                            Output:["_col0","_col1"]
                                            Filter Operator [FIL_133] (rows=525327388 width=7)
                                              predicate:(ss_customer_sk is not null and ss_sold_date_sk is not null)
                                              TableScan [TS_9] (rows=575995635 width=7)
                                                default@store_sales,store_sales,Tbl:COMPLETE,Col:COMPLETE,Output:["ss_sold_date_sk","ss_customer_sk"]
                                <-Merge Join Operator [MERGEJOIN_106] (rows=78293105 width=272)
                                    Conds:RS_50._col1=RS_127._col0(Inner),Output:["_col0","_col4","_col6","_col7","_col8","_col9","_col10"]
                                  <-Map 7 [SIMPLE_EDGE] vectorized
                                    SHUFFLE [RS_127]
                                      PartitionCols:_col0
                                      Select Operator [SEL_126] (rows=1861800 width=186)
                                        Output:["_col0","_col1","_col2","_col3","_col4","_col5"]
                                        Filter Operator [FIL_125] (rows=1861800 width=186)
                                          predicate:cd_demo_sk is not null
                                          TableScan [TS_6] (rows=1861800 width=186)
                                            default@customer_demographics,customer_demographics,Tbl:COMPLETE,Col:COMPLETE,Output:["cd_demo_sk","cd_gender","cd_marital_status","cd_dep_count","cd_dep_employed_count","cd_dep_college_count"]
                                  <-Reducer 2 [SIMPLE_EDGE]
                                    SHUFFLE [RS_50]
                                      PartitionCols:_col1
                                      Merge Join Operator [MERGEJOIN_105] (rows=77201384 width=93)
                                        Conds:RS_121._col2=RS_124._col0(Inner),Output:["_col0","_col1","_col4"]
                                      <-Map 1 [SIMPLE_EDGE] vectorized
                                        SHUFFLE [RS_121]
                                          PartitionCols:_col2
                                          Select Operator [SEL_120] (rows=77201384 width=11)
                                            Output:["_col0","_col1","_col2"]
                                            Filter Operator [FIL_119] (rows=77201384 width=11)
                                              predicate:(c_current_addr_sk is not null and c_current_cdemo_sk is not null and c_customer_sk is not null)
                                              TableScan [TS_0] (rows=80000000 width=11)
                                                default@customer,c,Tbl:COMPLETE,Col:COMPLETE,Output:["c_customer_sk","c_current_cdemo_sk","c_current_addr_sk"]
                                      <-Map 6 [SIMPLE_EDGE] vectorized
                                        SHUFFLE [RS_124]
                                          PartitionCols:_col0
                                          Select Operator [SEL_123] (rows=40000000 width=90)
                                            Output:["_col0","_col1"]
                                            Filter Operator [FIL_122] (rows=40000000 width=90)
                                              predicate:ca_address_sk is not null
                                              TableScan [TS_3] (rows=40000000 width=90)
                                                default@customer_address,ca,Tbl:COMPLETE,Col:COMPLETE,Output:["ca_address_sk","ca_state"]

