PREHOOK: query: explain
with wscs as
 (select sold_date_sk
        ,sales_price
  from (select ws_sold_date_sk sold_date_sk
              ,ws_ext_sales_price sales_price
        from web_sales) x
        union all
       (select cs_sold_date_sk sold_date_sk
              ,cs_ext_sales_price sales_price
        from catalog_sales)),
 wswscs as 
 (select d_week_seq,
        sum(case when (d_day_name='Sunday') then sales_price else null end) sun_sales,
        sum(case when (d_day_name='Monday') then sales_price else null end) mon_sales,
        sum(case when (d_day_name='Tuesday') then sales_price else  null end) tue_sales,
        sum(case when (d_day_name='Wednesday') then sales_price else null end) wed_sales,
        sum(case when (d_day_name='Thursday') then sales_price else null end) thu_sales,
        sum(case when (d_day_name='Friday') then sales_price else null end) fri_sales,
        sum(case when (d_day_name='Saturday') then sales_price else null end) sat_sales
 from wscs
     ,date_dim
 where d_date_sk = sold_date_sk
 group by d_week_seq)
 select d_week_seq1
       ,round(sun_sales1/sun_sales2,2)
       ,round(mon_sales1/mon_sales2,2)
       ,round(tue_sales1/tue_sales2,2)
       ,round(wed_sales1/wed_sales2,2)
       ,round(thu_sales1/thu_sales2,2)
       ,round(fri_sales1/fri_sales2,2)
       ,round(sat_sales1/sat_sales2,2)
 from
 (select wswscs.d_week_seq d_week_seq1
        ,sun_sales sun_sales1
        ,mon_sales mon_sales1
        ,tue_sales tue_sales1
        ,wed_sales wed_sales1
        ,thu_sales thu_sales1
        ,fri_sales fri_sales1
        ,sat_sales sat_sales1
  from wswscs,date_dim 
  where date_dim.d_week_seq = wswscs.d_week_seq and
        d_year = 2001) y,
 (select wswscs.d_week_seq d_week_seq2
        ,sun_sales sun_sales2
        ,mon_sales mon_sales2
        ,tue_sales tue_sales2
        ,wed_sales wed_sales2
        ,thu_sales thu_sales2
        ,fri_sales fri_sales2
        ,sat_sales sat_sales2
  from wswscs
      ,date_dim 
  where date_dim.d_week_seq = wswscs.d_week_seq and
        d_year = 2001+1) z
 where d_week_seq1=d_week_seq2-53
 order by d_week_seq1
PREHOOK: type: QUERY
PREHOOK: Input: default@catalog_sales
PREHOOK: Input: default@date_dim
PREHOOK: Input: default@web_sales
PREHOOK: Output: hdfs://### HDFS PATH ###
POSTHOOK: query: explain
with wscs as
 (select sold_date_sk
        ,sales_price
  from (select ws_sold_date_sk sold_date_sk
              ,ws_ext_sales_price sales_price
        from web_sales) x
        union all
       (select cs_sold_date_sk sold_date_sk
              ,cs_ext_sales_price sales_price
        from catalog_sales)),
 wswscs as 
 (select d_week_seq,
        sum(case when (d_day_name='Sunday') then sales_price else null end) sun_sales,
        sum(case when (d_day_name='Monday') then sales_price else null end) mon_sales,
        sum(case when (d_day_name='Tuesday') then sales_price else  null end) tue_sales,
        sum(case when (d_day_name='Wednesday') then sales_price else null end) wed_sales,
        sum(case when (d_day_name='Thursday') then sales_price else null end) thu_sales,
        sum(case when (d_day_name='Friday') then sales_price else null end) fri_sales,
        sum(case when (d_day_name='Saturday') then sales_price else null end) sat_sales
 from wscs
     ,date_dim
 where d_date_sk = sold_date_sk
 group by d_week_seq)
 select d_week_seq1
       ,round(sun_sales1/sun_sales2,2)
       ,round(mon_sales1/mon_sales2,2)
       ,round(tue_sales1/tue_sales2,2)
       ,round(wed_sales1/wed_sales2,2)
       ,round(thu_sales1/thu_sales2,2)
       ,round(fri_sales1/fri_sales2,2)
       ,round(sat_sales1/sat_sales2,2)
 from
 (select wswscs.d_week_seq d_week_seq1
        ,sun_sales sun_sales1
        ,mon_sales mon_sales1
        ,tue_sales tue_sales1
        ,wed_sales wed_sales1
        ,thu_sales thu_sales1
        ,fri_sales fri_sales1
        ,sat_sales sat_sales1
  from wswscs,date_dim 
  where date_dim.d_week_seq = wswscs.d_week_seq and
        d_year = 2001) y,
 (select wswscs.d_week_seq d_week_seq2
        ,sun_sales sun_sales2
        ,mon_sales mon_sales2
        ,tue_sales tue_sales2
        ,wed_sales wed_sales2
        ,thu_sales thu_sales2
        ,fri_sales fri_sales2
        ,sat_sales sat_sales2
  from wswscs
      ,date_dim 
  where date_dim.d_week_seq = wswscs.d_week_seq and
        d_year = 2001+1) z
 where d_week_seq1=d_week_seq2-53
 order by d_week_seq1
POSTHOOK: type: QUERY
POSTHOOK: Input: default@catalog_sales
POSTHOOK: Input: default@date_dim
POSTHOOK: Input: default@web_sales
POSTHOOK: Output: hdfs://### HDFS PATH ###
Plan optimized by CBO.

Vertex dependency in root stage
Map 1 <- Map 6 (BROADCAST_EDGE), Union 2 (CONTAINS)
Map 11 <- Map 6 (BROADCAST_EDGE), Union 9 (CONTAINS)
Map 5 <- Map 6 (BROADCAST_EDGE), Union 2 (CONTAINS)
Map 8 <- Map 6 (BROADCAST_EDGE), Union 9 (CONTAINS)
Reducer 10 <- Map 7 (BROADCAST_EDGE), Union 9 (SIMPLE_EDGE)
Reducer 3 <- Map 7 (BROADCAST_EDGE), Reducer 10 (BROADCAST_EDGE), Union 2 (SIMPLE_EDGE)
Reducer 4 <- Reducer 3 (SIMPLE_EDGE)

Stage-0
  Fetch Operator
    limit:-1
    Stage-1
      Reducer 4 vectorized
      File Output Operator [FS_165]
        Select Operator [SEL_164] (rows=70850 width=788)
          Output:["_col0","_col1","_col2","_col3","_col4","_col5","_col6","_col7"]
        <-Reducer 3 [SIMPLE_EDGE] vectorized
          SHUFFLE [RS_163]
            Select Operator [SEL_162] (rows=70850 width=788)
              Output:["_col0","_col1","_col2","_col3","_col4","_col5","_col6","_col7"]
              Map Join Operator [MAPJOIN_161] (rows=70850 width=1572)
                Conds:MAPJOIN_160._col0=RS_158.(_col0 - 53)(Inner),HybridGraceHashJoin:true,Output:["_col0","_col1","_col2","_col3","_col4","_col5","_col6","_col7","_col11","_col12","_col13","_col14","_col15","_col16","_col17"]
              <-Reducer 10 [BROADCAST_EDGE] vectorized
                BROADCAST [RS_158]
                  PartitionCols:(_col0 - 53)
                  Map Join Operator [MAPJOIN_157] (rows=652 width=788)
                    Conds:GBY_156._col0=RS_155._col0(Inner),HybridGraceHashJoin:true,Output:["_col0","_col1","_col2","_col3","_col4","_col5","_col6","_col7"]
                  <-Map 7 [BROADCAST_EDGE] vectorized
                    BROADCAST [RS_155]
                      PartitionCols:_col0
                      Select Operator [SEL_153] (rows=652 width=8)
                        Output:["_col0"]
                        Filter Operator [FIL_151] (rows=652 width=8)
                          predicate:((d_year = 2002) and d_week_seq is not null)
                          TableScan [TS_20] (rows=73049 width=8)
                            default@date_dim,date_dim,Tbl:COMPLETE,Col:COMPLETE,Output:["d_week_seq","d_year"]
                  <-Group By Operator [GBY_156] (rows=13152 width=788)
                      Output:["_col0","_col1","_col2","_col3","_col4","_col5","_col6","_col7"],aggregations:["sum(VALUE._col0)","sum(VALUE._col1)","sum(VALUE._col2)","sum(VALUE._col3)","sum(VALUE._col4)","sum(VALUE._col5)","sum(VALUE._col6)"],keys:KEY._col0
                    <-Union 9 [SIMPLE_EDGE]
                      <-Map 11 [CONTAINS] vectorized
                        Reduce Output Operator [RS_183]
                          PartitionCols:_col0
                          Group By Operator [GBY_182] (rows=4576896 width=788)
                            Output:["_col0","_col1","_col2","_col3","_col4","_col5","_col6","_col7"],aggregations:["sum(_col1)","sum(_col2)","sum(_col3)","sum(_col4)","sum(_col5)","sum(_col6)","sum(_col7)"],keys:_col0
                            Select Operator [SEL_181] (rows=430516591 width=206)
                              Output:["_col0","_col1","_col2","_col3","_col4","_col5","_col6","_col7"]
                              Map Join Operator [MAPJOIN_180] (rows=430516591 width=206)
                                Conds:SEL_179._col0=RS_143._col0(Inner),HybridGraceHashJoin:true,Output:["_col1","_col3","_col4"]
                              <-Map 6 [BROADCAST_EDGE] vectorized
                                BROADCAST [RS_143]
                                  PartitionCols:_col0
                                  Select Operator [SEL_139] (rows=73049 width=99)
                                    Output:["_col0","_col1","_col2"]
                                    Filter Operator [FIL_138] (rows=73049 width=99)
                                      predicate:(d_date_sk is not null and d_week_seq is not null)
                                      TableScan [TS_8] (rows=73049 width=99)
                                        default@date_dim,date_dim,Tbl:COMPLETE,Col:COMPLETE,Output:["d_date_sk","d_week_seq","d_day_name"]
                              <-Select Operator [SEL_179] (rows=286549727 width=115)
                                  Output:["_col0","_col1"]
                                  Filter Operator [FIL_178] (rows=286549727 width=115)
                                    predicate:cs_sold_date_sk is not null
                                    TableScan [TS_129] (rows=287989836 width=115)
                                      Output:["cs_sold_date_sk","cs_ext_sales_price"]
                      <-Map 8 [CONTAINS] vectorized
                        Reduce Output Operator [RS_177]
                          PartitionCols:_col0
                          Group By Operator [GBY_176] (rows=4576896 width=788)
                            Output:["_col0","_col1","_col2","_col3","_col4","_col5","_col6","_col7"],aggregations:["sum(_col1)","sum(_col2)","sum(_col3)","sum(_col4)","sum(_col5)","sum(_col6)","sum(_col7)"],keys:_col0
                            Select Operator [SEL_175] (rows=430516591 width=206)
                              Output:["_col0","_col1","_col2","_col3","_col4","_col5","_col6","_col7"]
                              Map Join Operator [MAPJOIN_174] (rows=430516591 width=206)
                                Conds:SEL_173._col0=RS_141._col0(Inner),HybridGraceHashJoin:true,Output:["_col1","_col3","_col4"]
                              <-Map 6 [BROADCAST_EDGE] vectorized
                                BROADCAST [RS_141]
                                  PartitionCols:_col0
                                   Please refer to the previous Select Operator [SEL_139]
                              <-Select Operator [SEL_173] (rows=143966864 width=115)
                                  Output:["_col0","_col1"]
                                  Filter Operator [FIL_172] (rows=143966864 width=115)
                                    predicate:ws_sold_date_sk is not null
                                    TableScan [TS_120] (rows=144002668 width=115)
                                      Output:["ws_sold_date_sk","ws_ext_sales_price"]
              <-Map Join Operator [MAPJOIN_160] (rows=652 width=788)
                  Conds:GBY_159._col0=RS_154._col0(Inner),HybridGraceHashJoin:true,Output:["_col0","_col1","_col2","_col3","_col4","_col5","_col6","_col7"]
                <-Map 7 [BROADCAST_EDGE] vectorized
                  BROADCAST [RS_154]
                    PartitionCols:_col0
                    Select Operator [SEL_152] (rows=652 width=8)
                      Output:["_col0"]
                      Filter Operator [FIL_150] (rows=652 width=8)
                        predicate:((d_year = 2001) and d_week_seq is not null)
                         Please refer to the previous TableScan [TS_20]
                <-Group By Operator [GBY_159] (rows=13152 width=788)
                    Output:["_col0","_col1","_col2","_col3","_col4","_col5","_col6","_col7"],aggregations:["sum(VALUE._col0)","sum(VALUE._col1)","sum(VALUE._col2)","sum(VALUE._col3)","sum(VALUE._col4)","sum(VALUE._col5)","sum(VALUE._col6)"],keys:KEY._col0
                  <-Union 2 [SIMPLE_EDGE]
                    <-Map 1 [CONTAINS] vectorized
                      Reduce Output Operator [RS_149]
                        PartitionCols:_col0
                        Group By Operator [GBY_148] (rows=4576896 width=788)
                          Output:["_col0","_col1","_col2","_col3","_col4","_col5","_col6","_col7"],aggregations:["sum(_col1)","sum(_col2)","sum(_col3)","sum(_col4)","sum(_col5)","sum(_col6)","sum(_col7)"],keys:_col0
                          Select Operator [SEL_147] (rows=430516591 width=206)
                            Output:["_col0","_col1","_col2","_col3","_col4","_col5","_col6","_col7"]
                            Map Join Operator [MAPJOIN_146] (rows=430516591 width=206)
                              Conds:SEL_145._col0=RS_140._col0(Inner),HybridGraceHashJoin:true,Output:["_col1","_col3","_col4"]
                            <-Map 6 [BROADCAST_EDGE] vectorized
                              BROADCAST [RS_140]
                                PartitionCols:_col0
                                 Please refer to the previous Select Operator [SEL_139]
                            <-Select Operator [SEL_145] (rows=143966864 width=115)
                                Output:["_col0","_col1"]
                                Filter Operator [FIL_144] (rows=143966864 width=115)
                                  predicate:ws_sold_date_sk is not null
                                  TableScan [TS_102] (rows=144002668 width=115)
                                    Output:["ws_sold_date_sk","ws_ext_sales_price"]
                    <-Map 5 [CONTAINS] vectorized
                      Reduce Output Operator [RS_171]
                        PartitionCols:_col0
                        Group By Operator [GBY_170] (rows=4576896 width=788)
                          Output:["_col0","_col1","_col2","_col3","_col4","_col5","_col6","_col7"],aggregations:["sum(_col1)","sum(_col2)","sum(_col3)","sum(_col4)","sum(_col5)","sum(_col6)","sum(_col7)"],keys:_col0
                          Select Operator [SEL_169] (rows=430516591 width=206)
                            Output:["_col0","_col1","_col2","_col3","_col4","_col5","_col6","_col7"]
                            Map Join Operator [MAPJOIN_168] (rows=430516591 width=206)
                              Conds:SEL_167._col0=RS_142._col0(Inner),HybridGraceHashJoin:true,Output:["_col1","_col3","_col4"]
                            <-Map 6 [BROADCAST_EDGE] vectorized
                              BROADCAST [RS_142]
                                PartitionCols:_col0
                                 Please refer to the previous Select Operator [SEL_139]
                            <-Select Operator [SEL_167] (rows=286549727 width=115)
                                Output:["_col0","_col1"]
                                Filter Operator [FIL_166] (rows=286549727 width=115)
                                  predicate:cs_sold_date_sk is not null
                                  TableScan [TS_111] (rows=287989836 width=115)
                                    Output:["cs_sold_date_sk","cs_ext_sales_price"]

