PREHOOK: query: explain
select  
 'web' as channel
 ,web.item
 ,web.return_ratio
 ,web.return_rank
 ,web.currency_rank
 from (
 	select 
 	 item
 	,return_ratio
 	,currency_ratio
 	,rank() over (order by return_ratio) as return_rank
 	,rank() over (order by currency_ratio) as currency_rank
 	from
 	(	select ws.ws_item_sk as item
 		,(cast(sum(coalesce(wr.wr_return_quantity,0)) as dec(15,4))/
 		cast(sum(coalesce(ws.ws_quantity,0)) as dec(15,4) )) as return_ratio
 		,(cast(sum(coalesce(wr.wr_return_amt,0)) as dec(15,4))/
 		cast(sum(coalesce(ws.ws_net_paid,0)) as dec(15,4) )) as currency_ratio
 		from 
 		 web_sales ws left outer join web_returns wr 
 			on (ws.ws_order_number = wr.wr_order_number and 
 			ws.ws_item_sk = wr.wr_item_sk)
                 ,date_dim
 		where 
 			wr.wr_return_amt > 10000 
 			and ws.ws_net_profit > 1
                         and ws.ws_net_paid > 0
                         and ws.ws_quantity > 0
                         and ws_sold_date_sk = d_date_sk
                         and d_year = 2000
                         and d_moy = 12
 		group by ws.ws_item_sk
 	) in_web
 ) web
 where 
 (
 web.return_rank <= 10
 or
 web.currency_rank <= 10
 )
 union
 select 
 'catalog' as channel
 ,catalog.item
 ,catalog.return_ratio
 ,catalog.return_rank
 ,catalog.currency_rank
 from (
 	select 
 	 item
 	,return_ratio
 	,currency_ratio
 	,rank() over (order by return_ratio) as return_rank
 	,rank() over (order by currency_ratio) as currency_rank
 	from
 	(	select 
 		cs.cs_item_sk as item
 		,(cast(sum(coalesce(cr.cr_return_quantity,0)) as dec(15,4))/
 		cast(sum(coalesce(cs.cs_quantity,0)) as dec(15,4) )) as return_ratio
 		,(cast(sum(coalesce(cr.cr_return_amount,0)) as dec(15,4))/
 		cast(sum(coalesce(cs.cs_net_paid,0)) as dec(15,4) )) as currency_ratio
 		from 
 		catalog_sales cs left outer join catalog_returns cr
 			on (cs.cs_order_number = cr.cr_order_number and 
 			cs.cs_item_sk = cr.cr_item_sk)
                ,date_dim
 		where 
 			cr.cr_return_amount > 10000 
 			and cs.cs_net_profit > 1
                         and cs.cs_net_paid > 0
                         and cs.cs_quantity > 0
                         and cs_sold_date_sk = d_date_sk
                         and d_year = 2000
                         and d_moy = 12
                 group by cs.cs_item_sk
 	) in_cat
 ) catalog
 where 
 (
 catalog.return_rank <= 10
 or
 catalog.currency_rank <=10
 )
 union
 select 
 'store' as channel
 ,store.item
 ,store.return_ratio
 ,store.return_rank
 ,store.currency_rank
 from (
 	select 
 	 item
 	,return_ratio
 	,currency_ratio
 	,rank() over (order by return_ratio) as return_rank
 	,rank() over (order by currency_ratio) as currency_rank
 	from
 	(	select sts.ss_item_sk as item
 		,(cast(sum(coalesce(sr.sr_return_quantity,0)) as dec(15,4))/cast(sum(coalesce(sts.ss_quantity,0)) as dec(15,4) )) as return_ratio
 		,(cast(sum(coalesce(sr.sr_return_amt,0)) as dec(15,4))/cast(sum(coalesce(sts.ss_net_paid,0)) as dec(15,4) )) as currency_ratio
 		from 
 		store_sales sts left outer join store_returns sr
 			on (sts.ss_ticket_number = sr.sr_ticket_number and sts.ss_item_sk = sr.sr_item_sk)
                ,date_dim
 		where 
 			sr.sr_return_amt > 10000 
 			and sts.ss_net_profit > 1
                         and sts.ss_net_paid > 0 
                         and sts.ss_quantity > 0
                         and ss_sold_date_sk = d_date_sk
                         and d_year = 2000
                         and d_moy = 12
 		group by sts.ss_item_sk
 	) in_store
 ) store
 where  (
 store.return_rank <= 10
 or 
 store.currency_rank <= 10
 )
 order by 1,4,5
 limit 100
PREHOOK: type: QUERY
PREHOOK: Input: default@catalog_returns
PREHOOK: Input: default@catalog_sales
PREHOOK: Input: default@date_dim
PREHOOK: Input: default@store_returns
PREHOOK: Input: default@store_sales
PREHOOK: Input: default@web_returns
PREHOOK: Input: default@web_sales
PREHOOK: Output: hdfs://### HDFS PATH ###
POSTHOOK: query: explain
select  
 'web' as channel
 ,web.item
 ,web.return_ratio
 ,web.return_rank
 ,web.currency_rank
 from (
 	select 
 	 item
 	,return_ratio
 	,currency_ratio
 	,rank() over (order by return_ratio) as return_rank
 	,rank() over (order by currency_ratio) as currency_rank
 	from
 	(	select ws.ws_item_sk as item
 		,(cast(sum(coalesce(wr.wr_return_quantity,0)) as dec(15,4))/
 		cast(sum(coalesce(ws.ws_quantity,0)) as dec(15,4) )) as return_ratio
 		,(cast(sum(coalesce(wr.wr_return_amt,0)) as dec(15,4))/
 		cast(sum(coalesce(ws.ws_net_paid,0)) as dec(15,4) )) as currency_ratio
 		from 
 		 web_sales ws left outer join web_returns wr 
 			on (ws.ws_order_number = wr.wr_order_number and 
 			ws.ws_item_sk = wr.wr_item_sk)
                 ,date_dim
 		where 
 			wr.wr_return_amt > 10000 
 			and ws.ws_net_profit > 1
                         and ws.ws_net_paid > 0
                         and ws.ws_quantity > 0
                         and ws_sold_date_sk = d_date_sk
                         and d_year = 2000
                         and d_moy = 12
 		group by ws.ws_item_sk
 	) in_web
 ) web
 where 
 (
 web.return_rank <= 10
 or
 web.currency_rank <= 10
 )
 union
 select 
 'catalog' as channel
 ,catalog.item
 ,catalog.return_ratio
 ,catalog.return_rank
 ,catalog.currency_rank
 from (
 	select 
 	 item
 	,return_ratio
 	,currency_ratio
 	,rank() over (order by return_ratio) as return_rank
 	,rank() over (order by currency_ratio) as currency_rank
 	from
 	(	select 
 		cs.cs_item_sk as item
 		,(cast(sum(coalesce(cr.cr_return_quantity,0)) as dec(15,4))/
 		cast(sum(coalesce(cs.cs_quantity,0)) as dec(15,4) )) as return_ratio
 		,(cast(sum(coalesce(cr.cr_return_amount,0)) as dec(15,4))/
 		cast(sum(coalesce(cs.cs_net_paid,0)) as dec(15,4) )) as currency_ratio
 		from 
 		catalog_sales cs left outer join catalog_returns cr
 			on (cs.cs_order_number = cr.cr_order_number and 
 			cs.cs_item_sk = cr.cr_item_sk)
                ,date_dim
 		where 
 			cr.cr_return_amount > 10000 
 			and cs.cs_net_profit > 1
                         and cs.cs_net_paid > 0
                         and cs.cs_quantity > 0
                         and cs_sold_date_sk = d_date_sk
                         and d_year = 2000
                         and d_moy = 12
                 group by cs.cs_item_sk
 	) in_cat
 ) catalog
 where 
 (
 catalog.return_rank <= 10
 or
 catalog.currency_rank <=10
 )
 union
 select 
 'store' as channel
 ,store.item
 ,store.return_ratio
 ,store.return_rank
 ,store.currency_rank
 from (
 	select 
 	 item
 	,return_ratio
 	,currency_ratio
 	,rank() over (order by return_ratio) as return_rank
 	,rank() over (order by currency_ratio) as currency_rank
 	from
 	(	select sts.ss_item_sk as item
 		,(cast(sum(coalesce(sr.sr_return_quantity,0)) as dec(15,4))/cast(sum(coalesce(sts.ss_quantity,0)) as dec(15,4) )) as return_ratio
 		,(cast(sum(coalesce(sr.sr_return_amt,0)) as dec(15,4))/cast(sum(coalesce(sts.ss_net_paid,0)) as dec(15,4) )) as currency_ratio
 		from 
 		store_sales sts left outer join store_returns sr
 			on (sts.ss_ticket_number = sr.sr_ticket_number and sts.ss_item_sk = sr.sr_item_sk)
                ,date_dim
 		where 
 			sr.sr_return_amt > 10000 
 			and sts.ss_net_profit > 1
                         and sts.ss_net_paid > 0 
                         and sts.ss_quantity > 0
                         and ss_sold_date_sk = d_date_sk
                         and d_year = 2000
                         and d_moy = 12
 		group by sts.ss_item_sk
 	) in_store
 ) store
 where  (
 store.return_rank <= 10
 or 
 store.currency_rank <= 10
 )
 order by 1,4,5
 limit 100
POSTHOOK: type: QUERY
POSTHOOK: Input: default@catalog_returns
POSTHOOK: Input: default@catalog_sales
POSTHOOK: Input: default@date_dim
POSTHOOK: Input: default@store_returns
POSTHOOK: Input: default@store_sales
POSTHOOK: Input: default@web_returns
POSTHOOK: Input: default@web_sales
POSTHOOK: Output: hdfs://### HDFS PATH ###
Plan optimized by CBO.

Vertex dependency in root stage
Reducer 10 <- Union 9 (SIMPLE_EDGE)
Reducer 11 <- Reducer 10 (SIMPLE_EDGE)
Reducer 14 <- Map 13 (SIMPLE_EDGE), Reducer 23 (SIMPLE_EDGE)
Reducer 15 <- Reducer 14 (SIMPLE_EDGE)
Reducer 16 <- Reducer 15 (SIMPLE_EDGE)
Reducer 17 <- Reducer 16 (SIMPLE_EDGE), Union 7 (CONTAINS)
Reducer 18 <- Map 13 (SIMPLE_EDGE), Reducer 26 (SIMPLE_EDGE)
Reducer 19 <- Reducer 18 (SIMPLE_EDGE)
Reducer 2 <- Map 1 (SIMPLE_EDGE), Map 12 (SIMPLE_EDGE)
Reducer 20 <- Reducer 19 (SIMPLE_EDGE)
Reducer 21 <- Reducer 20 (SIMPLE_EDGE), Union 9 (CONTAINS)
Reducer 23 <- Map 22 (SIMPLE_EDGE), Map 24 (SIMPLE_EDGE)
Reducer 26 <- Map 25 (SIMPLE_EDGE), Map 27 (SIMPLE_EDGE)
Reducer 3 <- Map 13 (SIMPLE_EDGE), Reducer 2 (SIMPLE_EDGE)
Reducer 4 <- Reducer 3 (SIMPLE_EDGE)
Reducer 5 <- Reducer 4 (SIMPLE_EDGE)
Reducer 6 <- Reducer 5 (SIMPLE_EDGE), Union 7 (CONTAINS)
Reducer 8 <- Union 7 (SIMPLE_EDGE), Union 9 (CONTAINS)

Stage-0
  Fetch Operator
    limit:100
    Stage-1
      Reducer 11 vectorized
      File Output Operator [FS_212]
        Limit [LIM_211] (rows=100 width=101)
          Number of rows:100
          Select Operator [SEL_210] (rows=5915494 width=101)
            Output:["_col0","_col1","_col2","_col3","_col4"]
          <-Reducer 10 [SIMPLE_EDGE] vectorized
            SHUFFLE [RS_209]
              Select Operator [SEL_208] (rows=5915494 width=101)
                Output:["_col0","_col1","_col2","_col3","_col4"]
                Group By Operator [GBY_207] (rows=5915494 width=101)
                  Output:["_col0","_col1","_col2","_col3","_col4"],keys:KEY._col0, KEY._col1, KEY._col2, KEY._col3, KEY._col4
                <-Union 9 [SIMPLE_EDGE]
                  <-Reducer 21 [CONTAINS] vectorized
                    Reduce Output Operator [RS_249]
                      PartitionCols:_col0, _col1, _col2, _col3, _col4
                      Group By Operator [GBY_248] (rows=11830988 width=101)
                        Output:["_col0","_col1","_col2","_col3","_col4"],keys:_col0, _col3, _col4, _col1, _col2
                        Top N Key Operator [TNK_247] (rows=11830988 width=101)
                          keys:_col0, _col3, _col4, _col1, _col2,sort order:+++++,top n:100
                          Select Operator [SEL_246] (rows=8604378 width=88)
                            Output:["_col0","_col1","_col2","_col3","_col4"]
                            Filter Operator [FIL_245] (rows=8604378 width=88)
                              predicate:((_col0 <= 10) or (rank_window_1 <= 10))
                              PTF Operator [PTF_244] (rows=12906568 width=88)
                                Function definitions:[{},{"name:":"windowingtablefunction","order by:":"(CAST( _col4 AS decimal(15,4)) / CAST( _col5 AS decimal(15,4))) ASC NULLS LAST","partition by:":"0"}]
                                Select Operator [SEL_243] (rows=12906568 width=88)
                                  Output:["_col0","_col1","_col2","_col3","_col4","_col5"]
                                <-Reducer 20 [SIMPLE_EDGE] vectorized
                                  SHUFFLE [RS_242]
                                    PartitionCols:0
                                    Select Operator [SEL_241] (rows=12906568 width=88)
                                      Output:["rank_window_0","_col0","_col1","_col2","_col3","_col4"]
                                      PTF Operator [PTF_240] (rows=12906568 width=88)
                                        Function definitions:[{},{"name:":"windowingtablefunction","order by:":"(CAST( _col1 AS decimal(15,4)) / CAST( _col2 AS decimal(15,4))) ASC NULLS LAST","partition by:":"0"}]
                                        Select Operator [SEL_239] (rows=12906568 width=88)
                                          Output:["_col0","_col1","_col2","_col3","_col4"]
                                        <-Reducer 19 [SIMPLE_EDGE] vectorized
                                          SHUFFLE [RS_238]
                                            PartitionCols:0
                                            Group By Operator [GBY_237] (rows=12906568 width=88)
                                              Output:["_col0","_col1","_col2","_col3","_col4"],aggregations:["sum(VALUE._col0)","sum(VALUE._col1)","sum(VALUE._col2)","sum(VALUE._col3)"],keys:KEY._col0
                                            <-Reducer 18 [SIMPLE_EDGE]
                                              SHUFFLE [RS_92]
                                                PartitionCols:_col0
                                                Group By Operator [GBY_91] (rows=25813137 width=88)
                                                  Output:["_col0","_col1","_col2","_col3","_col4"],aggregations:["sum(_col1)","sum(_col2)","sum(_col3)","sum(_col4)"],keys:_col0
                                                  Select Operator [SEL_89] (rows=25813137 width=88)
                                                    Output:["_col0","_col1","_col2","_col3","_col4"]
                                                    Merge Join Operator [MERGEJOIN_150] (rows=25813137 width=88)
                                                      Conds:RS_86._col0=RS_189._col0(Inner),Output:["_col1","_col2","_col3","_col4","_col5"]
                                                    <-Map 13 [SIMPLE_EDGE] vectorized
                                                      SHUFFLE [RS_189]
                                                        PartitionCols:_col0
                                                        Select Operator [SEL_186] (rows=18262 width=1119)
                                                          Output:["_col0"]
                                                          Filter Operator [FIL_185] (rows=18262 width=1119)
                                                            predicate:((d_moy = 12) and (d_year = 2000) and d_date_sk is not null)
                                                            TableScan [TS_10] (rows=73049 width=1119)
                                                              default@date_dim,date_dim,Tbl:COMPLETE,Col:NONE,Output:["d_date_sk","d_year","d_moy"]
                                                    <-Reducer 26 [SIMPLE_EDGE]
                                                      SHUFFLE [RS_86]
                                                        PartitionCols:_col0
                                                        Select Operator [SEL_82] (rows=23466488 width=88)
                                                          Output:["_col0","_col1","_col2","_col3","_col4","_col5"]
                                                          Merge Join Operator [MERGEJOIN_149] (rows=23466488 width=88)
                                                            Conds:RS_233._col1, _col2=RS_236._col0, _col1(Inner),Output:["_col0","_col1","_col3","_col4","_col8","_col9"]
                                                          <-Map 25 [SIMPLE_EDGE] vectorized
                                                            SHUFFLE [RS_233]
                                                              PartitionCols:_col1, _col2
                                                              Select Operator [SEL_232] (rows=21333171 width=88)
                                                                Output:["_col0","_col1","_col2","_col3","_col4"]
                                                                Filter Operator [FIL_231] (rows=21333171 width=88)
                                                                  predicate:((ss_net_paid > 0) and (ss_net_profit > 1) and (ss_quantity > 0) and ss_item_sk is not null and ss_sold_date_sk is not null and ss_ticket_number is not null)
                                                                  TableScan [TS_73] (rows=575995635 width=88)
                                                                    default@store_sales,sts,Tbl:COMPLETE,Col:NONE,Output:["ss_sold_date_sk","ss_item_sk","ss_ticket_number","ss_quantity","ss_net_paid","ss_net_profit"]
                                                          <-Map 27 [SIMPLE_EDGE] vectorized
                                                            SHUFFLE [RS_236]
                                                              PartitionCols:_col0, _col1
                                                              Select Operator [SEL_235] (rows=19197050 width=77)
                                                                Output:["_col0","_col1","_col2","_col3"]
                                                                Filter Operator [FIL_234] (rows=19197050 width=77)
                                                                  predicate:((sr_return_amt > 10000) and sr_item_sk is not null and sr_ticket_number is not null)
                                                                  TableScan [TS_76] (rows=57591150 width=77)
                                                                    default@store_returns,sr,Tbl:COMPLETE,Col:NONE,Output:["sr_item_sk","sr_ticket_number","sr_return_quantity","sr_return_amt"]
                  <-Reducer 8 [CONTAINS] vectorized
                    Reduce Output Operator [RS_206]
                      PartitionCols:_col0, _col1, _col2, _col3, _col4
                      Group By Operator [GBY_205] (rows=11830988 width=101)
                        Output:["_col0","_col1","_col2","_col3","_col4"],keys:_col0, _col3, _col4, _col1, _col2
                        Top N Key Operator [TNK_204] (rows=11830988 width=101)
                          keys:_col0, _col3, _col4, _col1, _col2,sort order:+++++,top n:100
                          Select Operator [SEL_203] (rows=3226610 width=135)
                            Output:["_col0","_col1","_col2","_col3","_col4"]
                            Group By Operator [GBY_202] (rows=3226610 width=135)
                              Output:["_col0","_col1","_col2","_col3","_col4"],keys:KEY._col0, KEY._col1, KEY._col2, KEY._col3, KEY._col4
                            <-Union 7 [SIMPLE_EDGE]
                              <-Reducer 17 [CONTAINS] vectorized
                                Reduce Output Operator [RS_230]
                                  PartitionCols:_col0, _col1, _col2, _col3, _col4
                                  Group By Operator [GBY_229] (rows=6453220 width=135)
                                    Output:["_col0","_col1","_col2","_col3","_col4"],keys:_col0, _col3, _col4, _col1, _col2
                                    Select Operator [SEL_228] (rows=4302070 width=135)
                                      Output:["_col0","_col1","_col2","_col3","_col4"]
                                      Filter Operator [FIL_227] (rows=4302070 width=135)
                                        predicate:((_col0 <= 10) or (rank_window_1 <= 10))
                                        PTF Operator [PTF_226] (rows=6453105 width=135)
                                          Function definitions:[{},{"name:":"windowingtablefunction","order by:":"(CAST( _col4 AS decimal(15,4)) / CAST( _col5 AS decimal(15,4))) ASC NULLS LAST","partition by:":"0"}]
                                          Select Operator [SEL_225] (rows=6453105 width=135)
                                            Output:["_col0","_col1","_col2","_col3","_col4","_col5"]
                                          <-Reducer 16 [SIMPLE_EDGE] vectorized
                                            SHUFFLE [RS_224]
                                              PartitionCols:0
                                              Select Operator [SEL_223] (rows=6453105 width=135)
                                                Output:["rank_window_0","_col0","_col1","_col2","_col3","_col4"]
                                                PTF Operator [PTF_222] (rows=6453105 width=135)
                                                  Function definitions:[{},{"name:":"windowingtablefunction","order by:":"(CAST( _col1 AS decimal(15,4)) / CAST( _col2 AS decimal(15,4))) ASC NULLS LAST","partition by:":"0"}]
                                                  Select Operator [SEL_221] (rows=6453105 width=135)
                                                    Output:["_col0","_col1","_col2","_col3","_col4"]
                                                  <-Reducer 15 [SIMPLE_EDGE] vectorized
                                                    SHUFFLE [RS_220]
                                                      PartitionCols:0
                                                      Group By Operator [GBY_219] (rows=6453105 width=135)
                                                        Output:["_col0","_col1","_col2","_col3","_col4"],aggregations:["sum(VALUE._col0)","sum(VALUE._col1)","sum(VALUE._col2)","sum(VALUE._col3)"],keys:KEY._col0
                                                      <-Reducer 14 [SIMPLE_EDGE]
                                                        SHUFFLE [RS_52]
                                                          PartitionCols:_col0
                                                          Group By Operator [GBY_51] (rows=12906211 width=135)
                                                            Output:["_col0","_col1","_col2","_col3","_col4"],aggregations:["sum(_col1)","sum(_col2)","sum(_col3)","sum(_col4)"],keys:_col0
                                                            Select Operator [SEL_49] (rows=12906211 width=135)
                                                              Output:["_col0","_col1","_col2","_col3","_col4"]
                                                              Merge Join Operator [MERGEJOIN_148] (rows=12906211 width=135)
                                                                Conds:RS_46._col0=RS_188._col0(Inner),Output:["_col1","_col2","_col3","_col4","_col5"]
                                                              <-Map 13 [SIMPLE_EDGE] vectorized
                                                                SHUFFLE [RS_188]
                                                                  PartitionCols:_col0
                                                                   Please refer to the previous Select Operator [SEL_186]
                                                              <-Reducer 23 [SIMPLE_EDGE]
                                                                SHUFFLE [RS_46]
                                                                  PartitionCols:_col0
                                                                  Select Operator [SEL_42] (rows=11732919 width=135)
                                                                    Output:["_col0","_col1","_col2","_col3","_col4","_col5"]
                                                                    Merge Join Operator [MERGEJOIN_147] (rows=11732919 width=135)
                                                                      Conds:RS_215._col1, _col2=RS_218._col0, _col1(Inner),Output:["_col0","_col1","_col3","_col4","_col8","_col9"]
                                                                    <-Map 22 [SIMPLE_EDGE] vectorized
                                                                      SHUFFLE [RS_215]
                                                                        PartitionCols:_col1, _col2
                                                                        Select Operator [SEL_214] (rows=10666290 width=135)
                                                                          Output:["_col0","_col1","_col2","_col3","_col4"]
                                                                          Filter Operator [FIL_213] (rows=10666290 width=135)
                                                                            predicate:((cs_net_paid > 0) and (cs_net_profit > 1) and (cs_quantity > 0) and cs_item_sk is not null and cs_order_number is not null and cs_sold_date_sk is not null)
                                                                            TableScan [TS_33] (rows=287989836 width=135)
                                                                              default@catalog_sales,cs,Tbl:COMPLETE,Col:NONE,Output:["cs_sold_date_sk","cs_item_sk","cs_order_number","cs_quantity","cs_net_paid","cs_net_profit"]
                                                                    <-Map 24 [SIMPLE_EDGE] vectorized
                                                                      SHUFFLE [RS_218]
                                                                        PartitionCols:_col0, _col1
                                                                        Select Operator [SEL_217] (rows=9599627 width=106)
                                                                          Output:["_col0","_col1","_col2","_col3"]
                                                                          Filter Operator [FIL_216] (rows=9599627 width=106)
                                                                            predicate:((cr_return_amount > 10000) and cr_item_sk is not null and cr_order_number is not null)
                                                                            TableScan [TS_36] (rows=28798881 width=106)
                                                                              default@catalog_returns,cr,Tbl:COMPLETE,Col:NONE,Output:["cr_item_sk","cr_order_number","cr_return_quantity","cr_return_amount"]
                              <-Reducer 6 [CONTAINS] vectorized
                                Reduce Output Operator [RS_201]
                                  PartitionCols:_col0, _col1, _col2, _col3, _col4
                                  Group By Operator [GBY_200] (rows=6453220 width=135)
                                    Output:["_col0","_col1","_col2","_col3","_col4"],keys:_col0, _col3, _col4, _col1, _col2
                                    Select Operator [SEL_199] (rows=2151150 width=135)
                                      Output:["_col0","_col1","_col2","_col3","_col4"]
                                      Filter Operator [FIL_198] (rows=2151150 width=135)
                                        predicate:((_col0 <= 10) or (rank_window_1 <= 10))
                                        PTF Operator [PTF_197] (rows=3226726 width=135)
                                          Function definitions:[{},{"name:":"windowingtablefunction","order by:":"(CAST( _col4 AS decimal(15,4)) / CAST( _col5 AS decimal(15,4))) ASC NULLS LAST","partition by:":"0"}]
                                          Select Operator [SEL_196] (rows=3226726 width=135)
                                            Output:["_col0","_col1","_col2","_col3","_col4","_col5"]
                                          <-Reducer 5 [SIMPLE_EDGE] vectorized
                                            SHUFFLE [RS_195]
                                              PartitionCols:0
                                              Select Operator [SEL_194] (rows=3226726 width=135)
                                                Output:["rank_window_0","_col0","_col1","_col2","_col3","_col4"]
                                                PTF Operator [PTF_193] (rows=3226726 width=135)
                                                  Function definitions:[{},{"name:":"windowingtablefunction","order by:":"(CAST( _col1 AS decimal(15,4)) / CAST( _col2 AS decimal(15,4))) ASC NULLS LAST","partition by:":"0"}]
                                                  Select Operator [SEL_192] (rows=3226726 width=135)
                                                    Output:["_col0","_col1","_col2","_col3","_col4"]
                                                  <-Reducer 4 [SIMPLE_EDGE] vectorized
                                                    SHUFFLE [RS_191]
                                                      PartitionCols:0
                                                      Group By Operator [GBY_190] (rows=3226726 width=135)
                                                        Output:["_col0","_col1","_col2","_col3","_col4"],aggregations:["sum(VALUE._col0)","sum(VALUE._col1)","sum(VALUE._col2)","sum(VALUE._col3)"],keys:KEY._col0
                                                      <-Reducer 3 [SIMPLE_EDGE]
                                                        SHUFFLE [RS_19]
                                                          PartitionCols:_col0
                                                          Group By Operator [GBY_18] (rows=6453452 width=135)
                                                            Output:["_col0","_col1","_col2","_col3","_col4"],aggregations:["sum(_col1)","sum(_col2)","sum(_col3)","sum(_col4)"],keys:_col0
                                                            Select Operator [SEL_16] (rows=6453452 width=135)
                                                              Output:["_col0","_col1","_col2","_col3","_col4"]
                                                              Merge Join Operator [MERGEJOIN_146] (rows=6453452 width=135)
                                                                Conds:RS_13._col0=RS_187._col0(Inner),Output:["_col1","_col2","_col3","_col4","_col5"]
                                                              <-Map 13 [SIMPLE_EDGE] vectorized
                                                                SHUFFLE [RS_187]
                                                                  PartitionCols:_col0
                                                                   Please refer to the previous Select Operator [SEL_186]
                                                              <-Reducer 2 [SIMPLE_EDGE]
                                                                SHUFFLE [RS_13]
                                                                  PartitionCols:_col0
                                                                  Select Operator [SEL_9] (rows=5866775 width=135)
                                                                    Output:["_col0","_col1","_col2","_col3","_col4","_col5"]
                                                                    Merge Join Operator [MERGEJOIN_145] (rows=5866775 width=135)
                                                                      Conds:RS_181._col1, _col2=RS_184._col0, _col1(Inner),Output:["_col0","_col1","_col3","_col4","_col8","_col9"]
                                                                    <-Map 1 [SIMPLE_EDGE] vectorized
                                                                      SHUFFLE [RS_181]
                                                                        PartitionCols:_col1, _col2
                                                                        Select Operator [SEL_180] (rows=5333432 width=135)
                                                                          Output:["_col0","_col1","_col2","_col3","_col4"]
                                                                          Filter Operator [FIL_179] (rows=5333432 width=135)
                                                                            predicate:((ws_net_paid > 0) and (ws_net_profit > 1) and (ws_quantity > 0) and ws_item_sk is not null and ws_order_number is not null and ws_sold_date_sk is not null)
                                                                            TableScan [TS_0] (rows=144002668 width=135)
                                                                              default@web_sales,ws,Tbl:COMPLETE,Col:NONE,Output:["ws_sold_date_sk","ws_item_sk","ws_order_number","ws_quantity","ws_net_paid","ws_net_profit"]
                                                                    <-Map 12 [SIMPLE_EDGE] vectorized
                                                                      SHUFFLE [RS_184]
                                                                        PartitionCols:_col0, _col1
                                                                        Select Operator [SEL_183] (rows=4799489 width=92)
                                                                          Output:["_col0","_col1","_col2","_col3"]
                                                                          Filter Operator [FIL_182] (rows=4799489 width=92)
                                                                            predicate:((wr_return_amt > 10000) and wr_item_sk is not null and wr_order_number is not null)
                                                                            TableScan [TS_3] (rows=14398467 width=92)
                                                                              default@web_returns,wr,Tbl:COMPLETE,Col:NONE,Output:["wr_item_sk","wr_order_number","wr_return_quantity","wr_return_amt"]

