PREHOOK: query: explain
select  channel, col_name, d_year, d_qoy, i_category, COUNT(*) sales_cnt, SUM(ext_sales_price) sales_amt FROM (
        SELECT 'store' as channel, 'ss_addr_sk' col_name, d_year, d_qoy, i_category, ss_ext_sales_price ext_sales_price
         FROM store_sales, item, date_dim
         WHERE ss_addr_sk IS NULL
           AND ss_sold_date_sk=d_date_sk
           AND ss_item_sk=i_item_sk
        UNION ALL
        SELECT 'web' as channel, 'ws_web_page_sk' col_name, d_year, d_qoy, i_category, ws_ext_sales_price ext_sales_price
         FROM web_sales, item, date_dim
         WHERE ws_web_page_sk IS NULL
           AND ws_sold_date_sk=d_date_sk
           AND ws_item_sk=i_item_sk
        UNION ALL
        SELECT 'catalog' as channel, 'cs_warehouse_sk' col_name, d_year, d_qoy, i_category, cs_ext_sales_price ext_sales_price
         FROM catalog_sales, item, date_dim
         WHERE cs_warehouse_sk IS NULL
           AND cs_sold_date_sk=d_date_sk
           AND cs_item_sk=i_item_sk) foo
GROUP BY channel, col_name, d_year, d_qoy, i_category
ORDER BY channel, col_name, d_year, d_qoy, i_category
limit 100
PREHOOK: type: QUERY
PREHOOK: Input: default@catalog_sales
PREHOOK: Input: default@date_dim
PREHOOK: Input: default@item
PREHOOK: Input: default@store_sales
PREHOOK: Input: default@web_sales
PREHOOK: Output: hdfs://### HDFS PATH ###
POSTHOOK: query: explain
select  channel, col_name, d_year, d_qoy, i_category, COUNT(*) sales_cnt, SUM(ext_sales_price) sales_amt FROM (
        SELECT 'store' as channel, 'ss_addr_sk' col_name, d_year, d_qoy, i_category, ss_ext_sales_price ext_sales_price
         FROM store_sales, item, date_dim
         WHERE ss_addr_sk IS NULL
           AND ss_sold_date_sk=d_date_sk
           AND ss_item_sk=i_item_sk
        UNION ALL
        SELECT 'web' as channel, 'ws_web_page_sk' col_name, d_year, d_qoy, i_category, ws_ext_sales_price ext_sales_price
         FROM web_sales, item, date_dim
         WHERE ws_web_page_sk IS NULL
           AND ws_sold_date_sk=d_date_sk
           AND ws_item_sk=i_item_sk
        UNION ALL
        SELECT 'catalog' as channel, 'cs_warehouse_sk' col_name, d_year, d_qoy, i_category, cs_ext_sales_price ext_sales_price
         FROM catalog_sales, item, date_dim
         WHERE cs_warehouse_sk IS NULL
           AND cs_sold_date_sk=d_date_sk
           AND cs_item_sk=i_item_sk) foo
GROUP BY channel, col_name, d_year, d_qoy, i_category
ORDER BY channel, col_name, d_year, d_qoy, i_category
limit 100
POSTHOOK: type: QUERY
POSTHOOK: Input: default@catalog_sales
POSTHOOK: Input: default@date_dim
POSTHOOK: Input: default@item
POSTHOOK: Input: default@store_sales
POSTHOOK: Input: default@web_sales
POSTHOOK: Output: hdfs://### HDFS PATH ###
Plan optimized by CBO.

Vertex dependency in root stage
Map 9 <- Map 10 (BROADCAST_EDGE), Map 8 (BROADCAST_EDGE), Union 3 (CONTAINS)
Reducer 12 <- Map 11 (SIMPLE_EDGE), Map 13 (SIMPLE_EDGE), Map 14 (BROADCAST_EDGE), Union 3 (CONTAINS)
Reducer 2 <- Map 1 (SIMPLE_EDGE), Map 6 (SIMPLE_EDGE), Map 7 (BROADCAST_EDGE), Union 3 (CONTAINS)
Reducer 4 <- Union 3 (SIMPLE_EDGE)
Reducer 5 <- Reducer 4 (SIMPLE_EDGE)

Stage-0
  Fetch Operator
    limit:100
    Stage-1
      Reducer 5 vectorized
      File Output Operator [FS_122]
        Limit [LIM_121] (rows=100 width=408)
          Number of rows:100
          Select Operator [SEL_120] (rows=5600 width=408)
            Output:["_col0","_col1","_col2","_col3","_col4","_col5","_col6"]
          <-Reducer 4 [SIMPLE_EDGE] vectorized
            SHUFFLE [RS_119]
              Group By Operator [GBY_118] (rows=5600 width=408)
                Output:["_col0","_col1","_col2","_col3","_col4","_col5","_col6"],aggregations:["count(VALUE._col0)","sum(VALUE._col1)"],keys:KEY._col0, KEY._col1, KEY._col2, KEY._col3, KEY._col4
              <-Union 3 [SIMPLE_EDGE]
                <-Map 9 [CONTAINS] vectorized
                  Reduce Output Operator [RS_133]
                    PartitionCols:_col0, _col1, _col2, _col3, _col4
                    Group By Operator [GBY_132] (rows=224000 width=408)
                      Output:["_col0","_col1","_col2","_col3","_col4","_col5","_col6"],aggregations:["count()","sum(_col5)"],keys:_col0, _col1, _col2, _col3, _col4
                      Select Operator [SEL_131] (rows=35728 width=394)
                        Output:["_col0","_col1","_col2","_col3","_col4","_col5"]
                        Map Join Operator [MAPJOIN_130] (rows=35728 width=209)
                          Conds:MAPJOIN_129._col0=RS_127._col0(Inner),HybridGraceHashJoin:true,Output:["_col2","_col4","_col6","_col7"]
                        <-Map 10 [BROADCAST_EDGE] vectorized
                          BROADCAST [RS_127]
                            PartitionCols:_col0
                            Select Operator [SEL_126] (rows=73049 width=12)
                              Output:["_col0","_col1","_col2"]
                              TableScan [TS_19] (rows=73049 width=12)
                                default@date_dim,date_dim,Tbl:COMPLETE,Col:COMPLETE,Output:["d_date_sk","d_year","d_qoy"]
                        <-Map Join Operator [MAPJOIN_129] (rows=35728 width=205)
                            Conds:RS_125._col1=SEL_128._col0(Inner),HybridGraceHashJoin:true,Output:["_col0","_col2","_col4"]
                          <-Map 8 [BROADCAST_EDGE] vectorized
                            BROADCAST [RS_125]
                              PartitionCols:_col1
                              Select Operator [SEL_124] (rows=35728 width=119)
                                Output:["_col0","_col1","_col2"]
                                Filter Operator [FIL_123] (rows=35728 width=123)
                                  predicate:(ws_sold_date_sk is not null and ws_web_page_sk is null)
                                  TableScan [TS_14] (rows=144002668 width=123)
                                    default@web_sales,web_sales,Tbl:COMPLETE,Col:COMPLETE,Output:["ws_sold_date_sk","ws_item_sk","ws_web_page_sk","ws_ext_sales_price"]
                          <-Select Operator [SEL_128] (rows=462000 width=94)
                              Output:["_col0","_col1"]
                              TableScan [TS_94] (rows=462000 width=94)
                                Output:["i_item_sk","i_category"]
                <-Reducer 12 [CONTAINS]
                  Reduce Output Operator [RS_110]
                    PartitionCols:_col0, _col1, _col2, _col3, _col4
                    Group By Operator [GBY_109] (rows=224000 width=408)
                      Output:["_col0","_col1","_col2","_col3","_col4","_col5","_col6"],aggregations:["count()","sum(_col5)"],keys:_col0, _col1, _col2, _col3, _col4
                      Select Operator [SEL_107] (rows=1433911 width=399)
                        Output:["_col0","_col1","_col2","_col3","_col4","_col5"]
                        Map Join Operator [MAPJOIN_106] (rows=1433911 width=209)
                          Conds:MERGEJOIN_104._col0=RS_140._col0(Inner),HybridGraceHashJoin:true,Output:["_col2","_col4","_col6","_col7"]
                        <-Map 14 [BROADCAST_EDGE] vectorized
                          BROADCAST [RS_140]
                            PartitionCols:_col0
                            Select Operator [SEL_139] (rows=73049 width=12)
                              Output:["_col0","_col1","_col2"]
                              TableScan [TS_34] (rows=73049 width=12)
                                default@date_dim,date_dim,Tbl:COMPLETE,Col:COMPLETE,Output:["d_date_sk","d_year","d_qoy"]
                        <-Merge Join Operator [MERGEJOIN_104] (rows=1433911 width=205)
                            Conds:RS_136._col1=RS_138._col0(Inner),Output:["_col0","_col2","_col4"]
                          <-Map 11 [SIMPLE_EDGE] vectorized
                            SHUFFLE [RS_136]
                              PartitionCols:_col1
                              Select Operator [SEL_135] (rows=1433911 width=119)
                                Output:["_col0","_col1","_col2"]
                                Filter Operator [FIL_134] (rows=1433911 width=123)
                                  predicate:(cs_sold_date_sk is not null and cs_warehouse_sk is null)
                                  TableScan [TS_29] (rows=287989836 width=123)
                                    default@catalog_sales,catalog_sales,Tbl:COMPLETE,Col:COMPLETE,Output:["cs_sold_date_sk","cs_warehouse_sk","cs_item_sk","cs_ext_sales_price"]
                          <-Map 13 [SIMPLE_EDGE] vectorized
                            SHUFFLE [RS_138]
                              PartitionCols:_col0
                              Select Operator [SEL_137] (rows=462000 width=94)
                                Output:["_col0","_col1"]
                                TableScan [TS_32] (rows=462000 width=94)
                                  default@item,item,Tbl:COMPLETE,Col:COMPLETE,Output:["i_item_sk","i_category"]
                <-Reducer 2 [CONTAINS]
                  Reduce Output Operator [RS_93]
                    PartitionCols:_col0, _col1, _col2, _col3, _col4
                    Group By Operator [GBY_92] (rows=224000 width=408)
                      Output:["_col0","_col1","_col2","_col3","_col4","_col5","_col6"],aggregations:["count()","sum(_col5)"],keys:_col0, _col1, _col2, _col3, _col4
                      Select Operator [SEL_90] (rows=24749363 width=387)
                        Output:["_col0","_col1","_col2","_col3","_col4","_col5"]
                        Map Join Operator [MAPJOIN_89] (rows=24749363 width=204)
                          Conds:MERGEJOIN_87._col2=RS_117._col0(Inner),HybridGraceHashJoin:true,Output:["_col1","_col4","_col6","_col7"]
                        <-Map 7 [BROADCAST_EDGE] vectorized
                          BROADCAST [RS_117]
                            PartitionCols:_col0
                            Select Operator [SEL_116] (rows=73049 width=12)
                              Output:["_col0","_col1","_col2"]
                              TableScan [TS_5] (rows=73049 width=12)
                                default@date_dim,date_dim,Tbl:COMPLETE,Col:COMPLETE,Output:["d_date_sk","d_year","d_qoy"]
                        <-Merge Join Operator [MERGEJOIN_87] (rows=24749363 width=200)
                            Conds:RS_112._col0=RS_115._col1(Inner),Output:["_col1","_col2","_col4"]
                          <-Map 1 [SIMPLE_EDGE] vectorized
                            SHUFFLE [RS_112]
                              PartitionCols:_col0
                              Select Operator [SEL_111] (rows=462000 width=94)
                                Output:["_col0","_col1"]
                                TableScan [TS_0] (rows=462000 width=94)
                                  default@item,item,Tbl:COMPLETE,Col:COMPLETE,Output:["i_item_sk","i_category"]
                          <-Map 6 [SIMPLE_EDGE] vectorized
                            SHUFFLE [RS_115]
                              PartitionCols:_col1
                              Select Operator [SEL_114] (rows=24749363 width=114)
                                Output:["_col0","_col1","_col2"]
                                Filter Operator [FIL_113] (rows=24749363 width=118)
                                  predicate:(ss_addr_sk is null and ss_sold_date_sk is not null)
                                  TableScan [TS_2] (rows=575995635 width=118)
                                    default@store_sales,store_sales,Tbl:COMPLETE,Col:COMPLETE,Output:["ss_sold_date_sk","ss_item_sk","ss_addr_sk","ss_ext_sales_price"]

