Warning: Map Join MAPJOIN[373][bigTable=?] in task 'Reducer 2' is a cross product
Warning: Map Join MAPJOIN[372][bigTable=?] in task 'Reducer 2' is a cross product
Warning: Map Join MAPJOIN[371][bigTable=?] in task 'Reducer 2' is a cross product
Warning: Map Join MAPJOIN[370][bigTable=?] in task 'Reducer 2' is a cross product
Warning: Map Join MAPJOIN[369][bigTable=?] in task 'Reducer 2' is a cross product
Warning: Map Join MAPJOIN[368][bigTable=?] in task 'Reducer 2' is a cross product
Warning: Map Join MAPJOIN[367][bigTable=?] in task 'Reducer 2' is a cross product
PREHOOK: query: explain
select  *
from
 (select count(*) h8_30_to_9
 from store_sales, household_demographics , time_dim, store
 where ss_sold_time_sk = time_dim.t_time_sk   
     and ss_hdemo_sk = household_demographics.hd_demo_sk 
     and ss_store_sk = s_store_sk
     and time_dim.t_hour = 8
     and time_dim.t_minute >= 30
     and ((household_demographics.hd_dep_count = 3 and household_demographics.hd_vehicle_count<=3+2) or
          (household_demographics.hd_dep_count = 0 and household_demographics.hd_vehicle_count<=0+2) or
          (household_demographics.hd_dep_count = 1 and household_demographics.hd_vehicle_count<=1+2)) 
     and store.s_store_name = 'ese') s1,
 (select count(*) h9_to_9_30 
 from store_sales, household_demographics , time_dim, store
 where ss_sold_time_sk = time_dim.t_time_sk
     and ss_hdemo_sk = household_demographics.hd_demo_sk
     and ss_store_sk = s_store_sk 
     and time_dim.t_hour = 9 
     and time_dim.t_minute < 30
     and ((household_demographics.hd_dep_count = 3 and household_demographics.hd_vehicle_count<=3+2) or
          (household_demographics.hd_dep_count = 0 and household_demographics.hd_vehicle_count<=0+2) or
          (household_demographics.hd_dep_count = 1 and household_demographics.hd_vehicle_count<=1+2))
     and store.s_store_name = 'ese') s2,
 (select count(*) h9_30_to_10 
 from store_sales, household_demographics , time_dim, store
 where ss_sold_time_sk = time_dim.t_time_sk
     and ss_hdemo_sk = household_demographics.hd_demo_sk
     and ss_store_sk = s_store_sk
     and time_dim.t_hour = 9
     and time_dim.t_minute >= 30
     and ((household_demographics.hd_dep_count = 3 and household_demographics.hd_vehicle_count<=3+2) or
          (household_demographics.hd_dep_count = 0 and household_demographics.hd_vehicle_count<=0+2) or
          (household_demographics.hd_dep_count = 1 and household_demographics.hd_vehicle_count<=1+2))
     and store.s_store_name = 'ese') s3,
 (select count(*) h10_to_10_30
 from store_sales, household_demographics , time_dim, store
 where ss_sold_time_sk = time_dim.t_time_sk
     and ss_hdemo_sk = household_demographics.hd_demo_sk
     and ss_store_sk = s_store_sk
     and time_dim.t_hour = 10 
     and time_dim.t_minute < 30
     and ((household_demographics.hd_dep_count = 3 and household_demographics.hd_vehicle_count<=3+2) or
          (household_demographics.hd_dep_count = 0 and household_demographics.hd_vehicle_count<=0+2) or
          (household_demographics.hd_dep_count = 1 and household_demographics.hd_vehicle_count<=1+2))
     and store.s_store_name = 'ese') s4,
 (select count(*) h10_30_to_11
 from store_sales, household_demographics , time_dim, store
 where ss_sold_time_sk = time_dim.t_time_sk
     and ss_hdemo_sk = household_demographics.hd_demo_sk
     and ss_store_sk = s_store_sk
     and time_dim.t_hour = 10 
     and time_dim.t_minute >= 30
     and ((household_demographics.hd_dep_count = 3 and household_demographics.hd_vehicle_count<=3+2) or
          (household_demographics.hd_dep_count = 0 and household_demographics.hd_vehicle_count<=0+2) or
          (household_demographics.hd_dep_count = 1 and household_demographics.hd_vehicle_count<=1+2))
     and store.s_store_name = 'ese') s5,
 (select count(*) h11_to_11_30
 from store_sales, household_demographics , time_dim, store
 where ss_sold_time_sk = time_dim.t_time_sk
     and ss_hdemo_sk = household_demographics.hd_demo_sk
     and ss_store_sk = s_store_sk 
     and time_dim.t_hour = 11
     and time_dim.t_minute < 30
     and ((household_demographics.hd_dep_count = 3 and household_demographics.hd_vehicle_count<=3+2) or
          (household_demographics.hd_dep_count = 0 and household_demographics.hd_vehicle_count<=0+2) or
          (household_demographics.hd_dep_count = 1 and household_demographics.hd_vehicle_count<=1+2))
     and store.s_store_name = 'ese') s6,
 (select count(*) h11_30_to_12
 from store_sales, household_demographics , time_dim, store
 where ss_sold_time_sk = time_dim.t_time_sk
     and ss_hdemo_sk = household_demographics.hd_demo_sk
     and ss_store_sk = s_store_sk
     and time_dim.t_hour = 11
     and time_dim.t_minute >= 30
     and ((household_demographics.hd_dep_count = 3 and household_demographics.hd_vehicle_count<=3+2) or
          (household_demographics.hd_dep_count = 0 and household_demographics.hd_vehicle_count<=0+2) or
          (household_demographics.hd_dep_count = 1 and household_demographics.hd_vehicle_count<=1+2))
     and store.s_store_name = 'ese') s7,
 (select count(*) h12_to_12_30
 from store_sales, household_demographics , time_dim, store
 where ss_sold_time_sk = time_dim.t_time_sk
     and ss_hdemo_sk = household_demographics.hd_demo_sk
     and ss_store_sk = s_store_sk
     and time_dim.t_hour = 12
     and time_dim.t_minute < 30
     and ((household_demographics.hd_dep_count = 3 and household_demographics.hd_vehicle_count<=3+2) or
          (household_demographics.hd_dep_count = 0 and household_demographics.hd_vehicle_count<=0+2) or
          (household_demographics.hd_dep_count = 1 and household_demographics.hd_vehicle_count<=1+2))
     and store.s_store_name = 'ese') s8
PREHOOK: type: QUERY
PREHOOK: Input: default@household_demographics
PREHOOK: Input: default@store
PREHOOK: Input: default@store_sales
PREHOOK: Input: default@time_dim
PREHOOK: Output: hdfs://### HDFS PATH ###
POSTHOOK: query: explain
select  *
from
 (select count(*) h8_30_to_9
 from store_sales, household_demographics , time_dim, store
 where ss_sold_time_sk = time_dim.t_time_sk   
     and ss_hdemo_sk = household_demographics.hd_demo_sk 
     and ss_store_sk = s_store_sk
     and time_dim.t_hour = 8
     and time_dim.t_minute >= 30
     and ((household_demographics.hd_dep_count = 3 and household_demographics.hd_vehicle_count<=3+2) or
          (household_demographics.hd_dep_count = 0 and household_demographics.hd_vehicle_count<=0+2) or
          (household_demographics.hd_dep_count = 1 and household_demographics.hd_vehicle_count<=1+2)) 
     and store.s_store_name = 'ese') s1,
 (select count(*) h9_to_9_30 
 from store_sales, household_demographics , time_dim, store
 where ss_sold_time_sk = time_dim.t_time_sk
     and ss_hdemo_sk = household_demographics.hd_demo_sk
     and ss_store_sk = s_store_sk 
     and time_dim.t_hour = 9 
     and time_dim.t_minute < 30
     and ((household_demographics.hd_dep_count = 3 and household_demographics.hd_vehicle_count<=3+2) or
          (household_demographics.hd_dep_count = 0 and household_demographics.hd_vehicle_count<=0+2) or
          (household_demographics.hd_dep_count = 1 and household_demographics.hd_vehicle_count<=1+2))
     and store.s_store_name = 'ese') s2,
 (select count(*) h9_30_to_10 
 from store_sales, household_demographics , time_dim, store
 where ss_sold_time_sk = time_dim.t_time_sk
     and ss_hdemo_sk = household_demographics.hd_demo_sk
     and ss_store_sk = s_store_sk
     and time_dim.t_hour = 9
     and time_dim.t_minute >= 30
     and ((household_demographics.hd_dep_count = 3 and household_demographics.hd_vehicle_count<=3+2) or
          (household_demographics.hd_dep_count = 0 and household_demographics.hd_vehicle_count<=0+2) or
          (household_demographics.hd_dep_count = 1 and household_demographics.hd_vehicle_count<=1+2))
     and store.s_store_name = 'ese') s3,
 (select count(*) h10_to_10_30
 from store_sales, household_demographics , time_dim, store
 where ss_sold_time_sk = time_dim.t_time_sk
     and ss_hdemo_sk = household_demographics.hd_demo_sk
     and ss_store_sk = s_store_sk
     and time_dim.t_hour = 10 
     and time_dim.t_minute < 30
     and ((household_demographics.hd_dep_count = 3 and household_demographics.hd_vehicle_count<=3+2) or
          (household_demographics.hd_dep_count = 0 and household_demographics.hd_vehicle_count<=0+2) or
          (household_demographics.hd_dep_count = 1 and household_demographics.hd_vehicle_count<=1+2))
     and store.s_store_name = 'ese') s4,
 (select count(*) h10_30_to_11
 from store_sales, household_demographics , time_dim, store
 where ss_sold_time_sk = time_dim.t_time_sk
     and ss_hdemo_sk = household_demographics.hd_demo_sk
     and ss_store_sk = s_store_sk
     and time_dim.t_hour = 10 
     and time_dim.t_minute >= 30
     and ((household_demographics.hd_dep_count = 3 and household_demographics.hd_vehicle_count<=3+2) or
          (household_demographics.hd_dep_count = 0 and household_demographics.hd_vehicle_count<=0+2) or
          (household_demographics.hd_dep_count = 1 and household_demographics.hd_vehicle_count<=1+2))
     and store.s_store_name = 'ese') s5,
 (select count(*) h11_to_11_30
 from store_sales, household_demographics , time_dim, store
 where ss_sold_time_sk = time_dim.t_time_sk
     and ss_hdemo_sk = household_demographics.hd_demo_sk
     and ss_store_sk = s_store_sk 
     and time_dim.t_hour = 11
     and time_dim.t_minute < 30
     and ((household_demographics.hd_dep_count = 3 and household_demographics.hd_vehicle_count<=3+2) or
          (household_demographics.hd_dep_count = 0 and household_demographics.hd_vehicle_count<=0+2) or
          (household_demographics.hd_dep_count = 1 and household_demographics.hd_vehicle_count<=1+2))
     and store.s_store_name = 'ese') s6,
 (select count(*) h11_30_to_12
 from store_sales, household_demographics , time_dim, store
 where ss_sold_time_sk = time_dim.t_time_sk
     and ss_hdemo_sk = household_demographics.hd_demo_sk
     and ss_store_sk = s_store_sk
     and time_dim.t_hour = 11
     and time_dim.t_minute >= 30
     and ((household_demographics.hd_dep_count = 3 and household_demographics.hd_vehicle_count<=3+2) or
          (household_demographics.hd_dep_count = 0 and household_demographics.hd_vehicle_count<=0+2) or
          (household_demographics.hd_dep_count = 1 and household_demographics.hd_vehicle_count<=1+2))
     and store.s_store_name = 'ese') s7,
 (select count(*) h12_to_12_30
 from store_sales, household_demographics , time_dim, store
 where ss_sold_time_sk = time_dim.t_time_sk
     and ss_hdemo_sk = household_demographics.hd_demo_sk
     and ss_store_sk = s_store_sk
     and time_dim.t_hour = 12
     and time_dim.t_minute < 30
     and ((household_demographics.hd_dep_count = 3 and household_demographics.hd_vehicle_count<=3+2) or
          (household_demographics.hd_dep_count = 0 and household_demographics.hd_vehicle_count<=0+2) or
          (household_demographics.hd_dep_count = 1 and household_demographics.hd_vehicle_count<=1+2))
     and store.s_store_name = 'ese') s8
POSTHOOK: type: QUERY
POSTHOOK: Input: default@household_demographics
POSTHOOK: Input: default@store
POSTHOOK: Input: default@store_sales
POSTHOOK: Input: default@time_dim
POSTHOOK: Output: hdfs://### HDFS PATH ###
Plan optimized by CBO.

Vertex dependency in root stage
Map 1 <- Map 10 (BROADCAST_EDGE), Map 11 (BROADCAST_EDGE), Map 12 (BROADCAST_EDGE), Map 13 (BROADCAST_EDGE), Map 14 (BROADCAST_EDGE), Map 15 (BROADCAST_EDGE), Map 16 (BROADCAST_EDGE), Map 17 (BROADCAST_EDGE), Map 18 (BROADCAST_EDGE), Map 19 (BROADCAST_EDGE), Map 20 (BROADCAST_EDGE), Map 21 (BROADCAST_EDGE), Map 22 (BROADCAST_EDGE), Map 23 (BROADCAST_EDGE), Map 24 (BROADCAST_EDGE), Map 25 (BROADCAST_EDGE), Map 26 (BROADCAST_EDGE)
Reducer 2 <- Map 1 (CUSTOM_SIMPLE_EDGE), Reducer 3 (BROADCAST_EDGE), Reducer 4 (BROADCAST_EDGE), Reducer 5 (BROADCAST_EDGE), Reducer 6 (BROADCAST_EDGE), Reducer 7 (BROADCAST_EDGE), Reducer 8 (BROADCAST_EDGE), Reducer 9 (BROADCAST_EDGE)
Reducer 3 <- Map 1 (CUSTOM_SIMPLE_EDGE)
Reducer 4 <- Map 1 (CUSTOM_SIMPLE_EDGE)
Reducer 5 <- Map 1 (CUSTOM_SIMPLE_EDGE)
Reducer 6 <- Map 1 (CUSTOM_SIMPLE_EDGE)
Reducer 7 <- Map 1 (CUSTOM_SIMPLE_EDGE)
Reducer 8 <- Map 1 (CUSTOM_SIMPLE_EDGE)
Reducer 9 <- Map 1 (CUSTOM_SIMPLE_EDGE)

Stage-0
  Fetch Operator
    limit:-1
    Stage-1
      Reducer 2 vectorized
      File Output Operator [FS_515]
        Select Operator [SEL_514] (rows=1 width=64)
          Output:["_col0","_col1","_col2","_col3","_col4","_col5","_col6","_col7"]
          Map Join Operator [MAPJOIN_513] (rows=1 width=64)
            Conds:(Inner),Output:["_col0","_col1","_col2","_col3","_col4","_col5","_col6","_col7"]
          <-Reducer 9 [BROADCAST_EDGE] vectorized
            BROADCAST [RS_505]
              Group By Operator [GBY_504] (rows=1 width=8)
                Output:["_col0"],aggregations:["count(VALUE._col0)"]
              <-Map 1 [CUSTOM_SIMPLE_EDGE] vectorized
                PARTITION_ONLY_SHUFFLE [RS_491]
                  Group By Operator [GBY_483] (rows=1 width=8)
                    Output:["_col0"],aggregations:["count()"]
                    Map Join Operator [MAPJOIN_475] (rows=1352994 width=8)
                      Conds:SEL_467._col0=RS_448._col0(Inner),HybridGraceHashJoin:true
                    <-Map 26 [BROADCAST_EDGE] vectorized
                      BROADCAST [RS_448]
                        PartitionCols:_col0
                        Select Operator [SEL_447] (rows=155 width=4)
                          Output:["_col0"]
                          Filter Operator [FIL_446] (rows=155 width=92)
                            predicate:(s_store_name = 'ese')
                            TableScan [TS_205] (rows=1704 width=92)
                              default@store,store,Tbl:COMPLETE,Col:COMPLETE,Output:["s_store_sk","s_store_name"]
                    <-Select Operator [SEL_467] (rows=1842898 width=0)
                        Output:["_col0"]
                        Map Join Operator [MAPJOIN_459] (rows=1842898 width=0)
                          Conds:MAPJOIN_451._col0=RS_445._col0(Inner),HybridGraceHashJoin:true,Output:["_col2"]
                        <-Map 25 [BROADCAST_EDGE] vectorized
                          BROADCAST [RS_445]
                            PartitionCols:_col0
                            Select Operator [SEL_444] (rows=1515 width=4)
                              Output:["_col0"]
                              Filter Operator [FIL_443] (rows=1515 width=12)
                                predicate:((t_hour = 9) and (t_minute < 30))
                                TableScan [TS_195] (rows=86400 width=12)
                                  default@time_dim,time_dim,Tbl:COMPLETE,Col:COMPLETE,Output:["t_time_sk","t_hour","t_minute"]
                        <-Map Join Operator [MAPJOIN_451] (rows=56928540 width=4)
                            Conds:SEL_450._col1=RS_400._col0(Inner),HybridGraceHashJoin:true,Output:["_col0","_col2"]
                          <-Map 10 [BROADCAST_EDGE] vectorized
                            BROADCAST [RS_400]
                              PartitionCols:_col0
                              Select Operator [SEL_399] (rows=817 width=4)
                                Output:["_col0"]
                                Filter Operator [FIL_398] (rows=817 width=12)
                                  predicate:((((hd_dep_count = 3) and hd_vehicle_count is not null) or ((hd_dep_count = 0) and (hd_vehicle_count <= 2)) or ((hd_dep_count = 1) and (hd_vehicle_count <= 3))) and (hd_dep_count) IN (3, 0, 1) and (hd_vehicle_count <= 5))
                                  TableScan [TS_3] (rows=7200 width=12)
                                    default@household_demographics,household_demographics,Tbl:COMPLETE,Col:COMPLETE,Output:["hd_demo_sk","hd_dep_count","hd_vehicle_count"]
                          <-Select Operator [SEL_450] (rows=501695814 width=11)
                              Output:["_col0","_col1","_col2"]
                              Filter Operator [FIL_449] (rows=501695814 width=11)
                                predicate:(ss_hdemo_sk is not null and ss_sold_time_sk is not null and ss_store_sk is not null)
                                TableScan [TS_0] (rows=575995635 width=11)
                                  default@store_sales,store_sales,Tbl:COMPLETE,Col:COMPLETE,Output:["ss_sold_time_sk","ss_hdemo_sk","ss_store_sk"]
                                <-Map 11 [BROADCAST_EDGE] vectorized
                                  BROADCAST [RS_403]
                                    PartitionCols:_col0
                                    Select Operator [SEL_402] (rows=1515 width=4)
                                      Output:["_col0"]
                                      Filter Operator [FIL_401] (rows=1515 width=12)
                                        predicate:((t_hour = 8) and (t_minute >= 30))
                                        TableScan [TS_6] (rows=86400 width=12)
                                          default@time_dim,time_dim,Tbl:COMPLETE,Col:COMPLETE,Output:["t_time_sk","t_hour","t_minute"]
                                <-Map 12 [BROADCAST_EDGE] vectorized
                                  BROADCAST [RS_406]
                                    PartitionCols:_col0
                                    Select Operator [SEL_405] (rows=155 width=4)
                                      Output:["_col0"]
                                      Filter Operator [FIL_404] (rows=155 width=92)
                                        predicate:(s_store_name = 'ese')
                                        TableScan [TS_16] (rows=1704 width=92)
                                          default@store,store,Tbl:COMPLETE,Col:COMPLETE,Output:["s_store_sk","s_store_name"]
                                <-Map 13 [BROADCAST_EDGE] vectorized
                                  BROADCAST [RS_409]
                                    PartitionCols:_col0
                                    Select Operator [SEL_408] (rows=1515 width=4)
                                      Output:["_col0"]
                                      Filter Operator [FIL_407] (rows=1515 width=12)
                                        predicate:((t_hour = 12) and (t_minute < 30))
                                        TableScan [TS_33] (rows=86400 width=12)
                                          default@time_dim,time_dim,Tbl:COMPLETE,Col:COMPLETE,Output:["t_time_sk","t_hour","t_minute"]
                                <-Map 14 [BROADCAST_EDGE] vectorized
                                  BROADCAST [RS_412]
                                    PartitionCols:_col0
                                    Select Operator [SEL_411] (rows=155 width=4)
                                      Output:["_col0"]
                                      Filter Operator [FIL_410] (rows=155 width=92)
                                        predicate:(s_store_name = 'ese')
                                        TableScan [TS_43] (rows=1704 width=92)
                                          default@store,store,Tbl:COMPLETE,Col:COMPLETE,Output:["s_store_sk","s_store_name"]
                                <-Map 15 [BROADCAST_EDGE] vectorized
                                  BROADCAST [RS_415]
                                    PartitionCols:_col0
                                    Select Operator [SEL_414] (rows=1515 width=4)
                                      Output:["_col0"]
                                      Filter Operator [FIL_413] (rows=1515 width=12)
                                        predicate:((t_hour = 11) and (t_minute >= 30))
                                        TableScan [TS_60] (rows=86400 width=12)
                                          default@time_dim,time_dim,Tbl:COMPLETE,Col:COMPLETE,Output:["t_time_sk","t_hour","t_minute"]
                                <-Map 16 [BROADCAST_EDGE] vectorized
                                  BROADCAST [RS_418]
                                    PartitionCols:_col0
                                    Select Operator [SEL_417] (rows=155 width=4)
                                      Output:["_col0"]
                                      Filter Operator [FIL_416] (rows=155 width=92)
                                        predicate:(s_store_name = 'ese')
                                        TableScan [TS_70] (rows=1704 width=92)
                                          default@store,store,Tbl:COMPLETE,Col:COMPLETE,Output:["s_store_sk","s_store_name"]
                                <-Map 17 [BROADCAST_EDGE] vectorized
                                  BROADCAST [RS_421]
                                    PartitionCols:_col0
                                    Select Operator [SEL_420] (rows=1515 width=4)
                                      Output:["_col0"]
                                      Filter Operator [FIL_419] (rows=1515 width=12)
                                        predicate:((t_hour = 11) and (t_minute < 30))
                                        TableScan [TS_87] (rows=86400 width=12)
                                          default@time_dim,time_dim,Tbl:COMPLETE,Col:COMPLETE,Output:["t_time_sk","t_hour","t_minute"]
                                <-Map 18 [BROADCAST_EDGE] vectorized
                                  BROADCAST [RS_424]
                                    PartitionCols:_col0
                                    Select Operator [SEL_423] (rows=155 width=4)
                                      Output:["_col0"]
                                      Filter Operator [FIL_422] (rows=155 width=92)
                                        predicate:(s_store_name = 'ese')
                                        TableScan [TS_97] (rows=1704 width=92)
                                          default@store,store,Tbl:COMPLETE,Col:COMPLETE,Output:["s_store_sk","s_store_name"]
                                <-Map 19 [BROADCAST_EDGE] vectorized
                                  BROADCAST [RS_427]
                                    PartitionCols:_col0
                                    Select Operator [SEL_426] (rows=1515 width=4)
                                      Output:["_col0"]
                                      Filter Operator [FIL_425] (rows=1515 width=12)
                                        predicate:((t_hour = 10) and (t_minute >= 30))
                                        TableScan [TS_114] (rows=86400 width=12)
                                          default@time_dim,time_dim,Tbl:COMPLETE,Col:COMPLETE,Output:["t_time_sk","t_hour","t_minute"]
                                <-Map 20 [BROADCAST_EDGE] vectorized
                                  BROADCAST [RS_430]
                                    PartitionCols:_col0
                                    Select Operator [SEL_429] (rows=155 width=4)
                                      Output:["_col0"]
                                      Filter Operator [FIL_428] (rows=155 width=92)
                                        predicate:(s_store_name = 'ese')
                                        TableScan [TS_124] (rows=1704 width=92)
                                          default@store,store,Tbl:COMPLETE,Col:COMPLETE,Output:["s_store_sk","s_store_name"]
                                <-Map 21 [BROADCAST_EDGE] vectorized
                                  BROADCAST [RS_433]
                                    PartitionCols:_col0
                                    Select Operator [SEL_432] (rows=1515 width=4)
                                      Output:["_col0"]
                                      Filter Operator [FIL_431] (rows=1515 width=12)
                                        predicate:((t_hour = 10) and (t_minute < 30))
                                        TableScan [TS_141] (rows=86400 width=12)
                                          default@time_dim,time_dim,Tbl:COMPLETE,Col:COMPLETE,Output:["t_time_sk","t_hour","t_minute"]
                                <-Map 22 [BROADCAST_EDGE] vectorized
                                  BROADCAST [RS_436]
                                    PartitionCols:_col0
                                    Select Operator [SEL_435] (rows=155 width=4)
                                      Output:["_col0"]
                                      Filter Operator [FIL_434] (rows=155 width=92)
                                        predicate:(s_store_name = 'ese')
                                        TableScan [TS_151] (rows=1704 width=92)
                                          default@store,store,Tbl:COMPLETE,Col:COMPLETE,Output:["s_store_sk","s_store_name"]
                                <-Map 23 [BROADCAST_EDGE] vectorized
                                  BROADCAST [RS_439]
                                    PartitionCols:_col0
                                    Select Operator [SEL_438] (rows=1515 width=4)
                                      Output:["_col0"]
                                      Filter Operator [FIL_437] (rows=1515 width=12)
                                        predicate:((t_hour = 9) and (t_minute >= 30))
                                        TableScan [TS_168] (rows=86400 width=12)
                                          default@time_dim,time_dim,Tbl:COMPLETE,Col:COMPLETE,Output:["t_time_sk","t_hour","t_minute"]
                                <-Map 24 [BROADCAST_EDGE] vectorized
                                  BROADCAST [RS_442]
                                    PartitionCols:_col0
                                    Select Operator [SEL_441] (rows=155 width=4)
                                      Output:["_col0"]
                                      Filter Operator [FIL_440] (rows=155 width=92)
                                        predicate:(s_store_name = 'ese')
                                        TableScan [TS_178] (rows=1704 width=92)
                                          default@store,store,Tbl:COMPLETE,Col:COMPLETE,Output:["s_store_sk","s_store_name"]
          <-Map Join Operator [MAPJOIN_512] (rows=1 width=56)
              Conds:(Inner),Output:["_col0","_col1","_col2","_col3","_col4","_col5","_col6"]
            <-Reducer 8 [BROADCAST_EDGE] vectorized
              BROADCAST [RS_503]
                Group By Operator [GBY_502] (rows=1 width=8)
                  Output:["_col0"],aggregations:["count(VALUE._col0)"]
                <-Map 1 [CUSTOM_SIMPLE_EDGE] vectorized
                  PARTITION_ONLY_SHUFFLE [RS_490]
                    Group By Operator [GBY_482] (rows=1 width=8)
                      Output:["_col0"],aggregations:["count()"]
                      Map Join Operator [MAPJOIN_474] (rows=1352994 width=8)
                        Conds:SEL_466._col0=RS_442._col0(Inner),HybridGraceHashJoin:true
                      <- Please refer to the previous Map 24 [BROADCAST_EDGE]
                      <-Select Operator [SEL_466] (rows=1842898 width=0)
                          Output:["_col0"]
                          Map Join Operator [MAPJOIN_458] (rows=1842898 width=0)
                            Conds:MAPJOIN_451._col0=RS_439._col0(Inner),HybridGraceHashJoin:true,Output:["_col2"]
                          <- Please refer to the previous Map 23 [BROADCAST_EDGE]
                             Please refer to the previous Map Join Operator [MAPJOIN_451]
            <-Map Join Operator [MAPJOIN_511] (rows=1 width=48)
                Conds:(Inner),Output:["_col0","_col1","_col2","_col3","_col4","_col5"]
              <-Reducer 7 [BROADCAST_EDGE] vectorized
                BROADCAST [RS_501]
                  Group By Operator [GBY_500] (rows=1 width=8)
                    Output:["_col0"],aggregations:["count(VALUE._col0)"]
                  <-Map 1 [CUSTOM_SIMPLE_EDGE] vectorized
                    PARTITION_ONLY_SHUFFLE [RS_489]
                      Group By Operator [GBY_481] (rows=1 width=8)
                        Output:["_col0"],aggregations:["count()"]
                        Map Join Operator [MAPJOIN_473] (rows=1352994 width=8)
                          Conds:SEL_465._col0=RS_436._col0(Inner),HybridGraceHashJoin:true
                        <- Please refer to the previous Map 22 [BROADCAST_EDGE]
                        <-Select Operator [SEL_465] (rows=1842898 width=0)
                            Output:["_col0"]
                            Map Join Operator [MAPJOIN_457] (rows=1842898 width=0)
                              Conds:MAPJOIN_451._col0=RS_433._col0(Inner),HybridGraceHashJoin:true,Output:["_col2"]
                            <- Please refer to the previous Map 21 [BROADCAST_EDGE]
                               Please refer to the previous Map Join Operator [MAPJOIN_451]
              <-Map Join Operator [MAPJOIN_510] (rows=1 width=40)
                  Conds:(Inner),Output:["_col0","_col1","_col2","_col3","_col4"]
                <-Reducer 6 [BROADCAST_EDGE] vectorized
                  BROADCAST [RS_499]
                    Group By Operator [GBY_498] (rows=1 width=8)
                      Output:["_col0"],aggregations:["count(VALUE._col0)"]
                    <-Map 1 [CUSTOM_SIMPLE_EDGE] vectorized
                      PARTITION_ONLY_SHUFFLE [RS_488]
                        Group By Operator [GBY_480] (rows=1 width=8)
                          Output:["_col0"],aggregations:["count()"]
                          Map Join Operator [MAPJOIN_472] (rows=1352994 width=8)
                            Conds:SEL_464._col0=RS_430._col0(Inner),HybridGraceHashJoin:true
                          <- Please refer to the previous Map 20 [BROADCAST_EDGE]
                          <-Select Operator [SEL_464] (rows=1842898 width=0)
                              Output:["_col0"]
                              Map Join Operator [MAPJOIN_456] (rows=1842898 width=0)
                                Conds:MAPJOIN_451._col0=RS_427._col0(Inner),HybridGraceHashJoin:true,Output:["_col2"]
                              <- Please refer to the previous Map 19 [BROADCAST_EDGE]
                                 Please refer to the previous Map Join Operator [MAPJOIN_451]
                <-Map Join Operator [MAPJOIN_509] (rows=1 width=32)
                    Conds:(Inner),Output:["_col0","_col1","_col2","_col3"]
                  <-Reducer 5 [BROADCAST_EDGE] vectorized
                    BROADCAST [RS_497]
                      Group By Operator [GBY_496] (rows=1 width=8)
                        Output:["_col0"],aggregations:["count(VALUE._col0)"]
                      <-Map 1 [CUSTOM_SIMPLE_EDGE] vectorized
                        PARTITION_ONLY_SHUFFLE [RS_487]
                          Group By Operator [GBY_479] (rows=1 width=8)
                            Output:["_col0"],aggregations:["count()"]
                            Map Join Operator [MAPJOIN_471] (rows=1352994 width=8)
                              Conds:SEL_463._col0=RS_424._col0(Inner),HybridGraceHashJoin:true
                            <- Please refer to the previous Map 18 [BROADCAST_EDGE]
                            <-Select Operator [SEL_463] (rows=1842898 width=0)
                                Output:["_col0"]
                                Map Join Operator [MAPJOIN_455] (rows=1842898 width=0)
                                  Conds:MAPJOIN_451._col0=RS_421._col0(Inner),HybridGraceHashJoin:true,Output:["_col2"]
                                <- Please refer to the previous Map 17 [BROADCAST_EDGE]
                                   Please refer to the previous Map Join Operator [MAPJOIN_451]
                  <-Map Join Operator [MAPJOIN_508] (rows=1 width=24)
                      Conds:(Inner),Output:["_col0","_col1","_col2"]
                    <-Reducer 4 [BROADCAST_EDGE] vectorized
                      BROADCAST [RS_495]
                        Group By Operator [GBY_494] (rows=1 width=8)
                          Output:["_col0"],aggregations:["count(VALUE._col0)"]
                        <-Map 1 [CUSTOM_SIMPLE_EDGE] vectorized
                          PARTITION_ONLY_SHUFFLE [RS_486]
                            Group By Operator [GBY_478] (rows=1 width=8)
                              Output:["_col0"],aggregations:["count()"]
                              Map Join Operator [MAPJOIN_470] (rows=1352994 width=8)
                                Conds:SEL_462._col0=RS_418._col0(Inner),HybridGraceHashJoin:true
                              <- Please refer to the previous Map 16 [BROADCAST_EDGE]
                              <-Select Operator [SEL_462] (rows=1842898 width=0)
                                  Output:["_col0"]
                                  Map Join Operator [MAPJOIN_454] (rows=1842898 width=0)
                                    Conds:MAPJOIN_451._col0=RS_415._col0(Inner),HybridGraceHashJoin:true,Output:["_col2"]
                                  <- Please refer to the previous Map 15 [BROADCAST_EDGE]
                                     Please refer to the previous Map Join Operator [MAPJOIN_451]
                    <-Map Join Operator [MAPJOIN_507] (rows=1 width=16)
                        Conds:(Inner),Output:["_col0","_col1"]
                      <-Reducer 3 [BROADCAST_EDGE] vectorized
                        BROADCAST [RS_493]
                          Group By Operator [GBY_492] (rows=1 width=8)
                            Output:["_col0"],aggregations:["count(VALUE._col0)"]
                          <-Map 1 [CUSTOM_SIMPLE_EDGE] vectorized
                            PARTITION_ONLY_SHUFFLE [RS_485]
                              Group By Operator [GBY_477] (rows=1 width=8)
                                Output:["_col0"],aggregations:["count()"]
                                Map Join Operator [MAPJOIN_469] (rows=1352994 width=8)
                                  Conds:SEL_461._col0=RS_412._col0(Inner),HybridGraceHashJoin:true
                                <- Please refer to the previous Map 14 [BROADCAST_EDGE]
                                <-Select Operator [SEL_461] (rows=1842898 width=0)
                                    Output:["_col0"]
                                    Map Join Operator [MAPJOIN_453] (rows=1842898 width=0)
                                      Conds:MAPJOIN_451._col0=RS_409._col0(Inner),HybridGraceHashJoin:true,Output:["_col2"]
                                    <- Please refer to the previous Map 13 [BROADCAST_EDGE]
                                       Please refer to the previous Map Join Operator [MAPJOIN_451]
                      <-Group By Operator [GBY_506] (rows=1 width=8)
                          Output:["_col0"],aggregations:["count(VALUE._col0)"]
                        <-Map 1 [CUSTOM_SIMPLE_EDGE] vectorized
                          PARTITION_ONLY_SHUFFLE [RS_484]
                            Group By Operator [GBY_476] (rows=1 width=8)
                              Output:["_col0"],aggregations:["count()"]
                              Map Join Operator [MAPJOIN_468] (rows=1352994 width=8)
                                Conds:SEL_460._col0=RS_406._col0(Inner),HybridGraceHashJoin:true
                              <- Please refer to the previous Map 12 [BROADCAST_EDGE]
                              <-Select Operator [SEL_460] (rows=1842898 width=0)
                                  Output:["_col0"]
                                  Map Join Operator [MAPJOIN_452] (rows=1842898 width=0)
                                    Conds:MAPJOIN_451._col0=RS_403._col0(Inner),HybridGraceHashJoin:true,Output:["_col2"]
                                  <- Please refer to the previous Map 11 [BROADCAST_EDGE]
                                     Please refer to the previous Map Join Operator [MAPJOIN_451]

