PREHOOK: query: explain
WITH all_sales AS (
 SELECT d_year
       ,i_brand_id
       ,i_class_id
       ,i_category_id
       ,i_manufact_id
       ,SUM(sales_cnt) AS sales_cnt
       ,SUM(sales_amt) AS sales_amt
 FROM (SELECT d_year
             ,i_brand_id
             ,i_class_id
             ,i_category_id
             ,i_manufact_id
             ,cs_quantity - COALESCE(cr_return_quantity,0) AS sales_cnt
             ,cs_ext_sales_price - COALESCE(cr_return_amount,0.0) AS sales_amt
       FROM catalog_sales JOIN item ON i_item_sk=cs_item_sk
                          JOIN date_dim ON d_date_sk=cs_sold_date_sk
                          LEFT JOIN catalog_returns ON (cs_order_number=cr_order_number 
                                                    AND cs_item_sk=cr_item_sk)
       WHERE i_category='Sports'
       UNION
       SELECT d_year
             ,i_brand_id
             ,i_class_id
             ,i_category_id
             ,i_manufact_id
             ,ss_quantity - COALESCE(sr_return_quantity,0) AS sales_cnt
             ,ss_ext_sales_price - COALESCE(sr_return_amt,0.0) AS sales_amt
       FROM store_sales JOIN item ON i_item_sk=ss_item_sk
                        JOIN date_dim ON d_date_sk=ss_sold_date_sk
                        LEFT JOIN store_returns ON (ss_ticket_number=sr_ticket_number 
                                                AND ss_item_sk=sr_item_sk)
       WHERE i_category='Sports'
       UNION
       SELECT d_year
             ,i_brand_id
             ,i_class_id
             ,i_category_id
             ,i_manufact_id
             ,ws_quantity - COALESCE(wr_return_quantity,0) AS sales_cnt
             ,ws_ext_sales_price - COALESCE(wr_return_amt,0.0) AS sales_amt
       FROM web_sales JOIN item ON i_item_sk=ws_item_sk
                      JOIN date_dim ON d_date_sk=ws_sold_date_sk
                      LEFT JOIN web_returns ON (ws_order_number=wr_order_number 
                                            AND ws_item_sk=wr_item_sk)
       WHERE i_category='Sports') sales_detail
 GROUP BY d_year, i_brand_id, i_class_id, i_category_id, i_manufact_id)
 SELECT  prev_yr.d_year AS prev_year
                          ,curr_yr.d_year AS year
                          ,curr_yr.i_brand_id
                          ,curr_yr.i_class_id
                          ,curr_yr.i_category_id
                          ,curr_yr.i_manufact_id
                          ,prev_yr.sales_cnt AS prev_yr_cnt
                          ,curr_yr.sales_cnt AS curr_yr_cnt
                          ,curr_yr.sales_cnt-prev_yr.sales_cnt AS sales_cnt_diff
                          ,curr_yr.sales_amt-prev_yr.sales_amt AS sales_amt_diff
 FROM all_sales curr_yr, all_sales prev_yr
 WHERE curr_yr.i_brand_id=prev_yr.i_brand_id
   AND curr_yr.i_class_id=prev_yr.i_class_id
   AND curr_yr.i_category_id=prev_yr.i_category_id
   AND curr_yr.i_manufact_id=prev_yr.i_manufact_id
   AND curr_yr.d_year=2002
   AND prev_yr.d_year=2002-1
   AND CAST(curr_yr.sales_cnt AS DECIMAL(17,2))/CAST(prev_yr.sales_cnt AS DECIMAL(17,2))<0.9
 ORDER BY sales_cnt_diff
 limit 100
PREHOOK: type: QUERY
PREHOOK: Input: default@catalog_returns
PREHOOK: Input: default@catalog_sales
PREHOOK: Input: default@date_dim
PREHOOK: Input: default@item
PREHOOK: Input: default@store_returns
PREHOOK: Input: default@store_sales
PREHOOK: Input: default@web_returns
PREHOOK: Input: default@web_sales
PREHOOK: Output: hdfs://### HDFS PATH ###
POSTHOOK: query: explain
WITH all_sales AS (
 SELECT d_year
       ,i_brand_id
       ,i_class_id
       ,i_category_id
       ,i_manufact_id
       ,SUM(sales_cnt) AS sales_cnt
       ,SUM(sales_amt) AS sales_amt
 FROM (SELECT d_year
             ,i_brand_id
             ,i_class_id
             ,i_category_id
             ,i_manufact_id
             ,cs_quantity - COALESCE(cr_return_quantity,0) AS sales_cnt
             ,cs_ext_sales_price - COALESCE(cr_return_amount,0.0) AS sales_amt
       FROM catalog_sales JOIN item ON i_item_sk=cs_item_sk
                          JOIN date_dim ON d_date_sk=cs_sold_date_sk
                          LEFT JOIN catalog_returns ON (cs_order_number=cr_order_number 
                                                    AND cs_item_sk=cr_item_sk)
       WHERE i_category='Sports'
       UNION
       SELECT d_year
             ,i_brand_id
             ,i_class_id
             ,i_category_id
             ,i_manufact_id
             ,ss_quantity - COALESCE(sr_return_quantity,0) AS sales_cnt
             ,ss_ext_sales_price - COALESCE(sr_return_amt,0.0) AS sales_amt
       FROM store_sales JOIN item ON i_item_sk=ss_item_sk
                        JOIN date_dim ON d_date_sk=ss_sold_date_sk
                        LEFT JOIN store_returns ON (ss_ticket_number=sr_ticket_number 
                                                AND ss_item_sk=sr_item_sk)
       WHERE i_category='Sports'
       UNION
       SELECT d_year
             ,i_brand_id
             ,i_class_id
             ,i_category_id
             ,i_manufact_id
             ,ws_quantity - COALESCE(wr_return_quantity,0) AS sales_cnt
             ,ws_ext_sales_price - COALESCE(wr_return_amt,0.0) AS sales_amt
       FROM web_sales JOIN item ON i_item_sk=ws_item_sk
                      JOIN date_dim ON d_date_sk=ws_sold_date_sk
                      LEFT JOIN web_returns ON (ws_order_number=wr_order_number 
                                            AND ws_item_sk=wr_item_sk)
       WHERE i_category='Sports') sales_detail
 GROUP BY d_year, i_brand_id, i_class_id, i_category_id, i_manufact_id)
 SELECT  prev_yr.d_year AS prev_year
                          ,curr_yr.d_year AS year
                          ,curr_yr.i_brand_id
                          ,curr_yr.i_class_id
                          ,curr_yr.i_category_id
                          ,curr_yr.i_manufact_id
                          ,prev_yr.sales_cnt AS prev_yr_cnt
                          ,curr_yr.sales_cnt AS curr_yr_cnt
                          ,curr_yr.sales_cnt-prev_yr.sales_cnt AS sales_cnt_diff
                          ,curr_yr.sales_amt-prev_yr.sales_amt AS sales_amt_diff
 FROM all_sales curr_yr, all_sales prev_yr
 WHERE curr_yr.i_brand_id=prev_yr.i_brand_id
   AND curr_yr.i_class_id=prev_yr.i_class_id
   AND curr_yr.i_category_id=prev_yr.i_category_id
   AND curr_yr.i_manufact_id=prev_yr.i_manufact_id
   AND curr_yr.d_year=2002
   AND prev_yr.d_year=2002-1
   AND CAST(curr_yr.sales_cnt AS DECIMAL(17,2))/CAST(prev_yr.sales_cnt AS DECIMAL(17,2))<0.9
 ORDER BY sales_cnt_diff
 limit 100
POSTHOOK: type: QUERY
POSTHOOK: Input: default@catalog_returns
POSTHOOK: Input: default@catalog_sales
POSTHOOK: Input: default@date_dim
POSTHOOK: Input: default@item
POSTHOOK: Input: default@store_returns
POSTHOOK: Input: default@store_sales
POSTHOOK: Input: default@web_returns
POSTHOOK: Input: default@web_sales
POSTHOOK: Output: hdfs://### HDFS PATH ###
Plan optimized by CBO.

Vertex dependency in root stage
Map 14 <- Map 15 (BROADCAST_EDGE), Map 16 (BROADCAST_EDGE), Map 25 (BROADCAST_EDGE), Map 26 (BROADCAST_EDGE)
Map 20 <- Map 15 (BROADCAST_EDGE), Map 16 (BROADCAST_EDGE), Map 25 (BROADCAST_EDGE), Map 26 (BROADCAST_EDGE)
Map 24 <- Map 15 (BROADCAST_EDGE), Map 16 (BROADCAST_EDGE), Map 25 (BROADCAST_EDGE), Map 26 (BROADCAST_EDGE)
Reducer 11 <- Union 10 (SIMPLE_EDGE), Union 12 (CONTAINS)
Reducer 13 <- Union 12 (SIMPLE_EDGE)
Reducer 18 <- Map 17 (SIMPLE_EDGE), Map 20 (SIMPLE_EDGE), Union 3 (CONTAINS)
Reducer 19 <- Map 17 (SIMPLE_EDGE), Map 20 (SIMPLE_EDGE), Union 10 (CONTAINS)
Reducer 2 <- Map 1 (SIMPLE_EDGE), Map 14 (SIMPLE_EDGE), Union 3 (CONTAINS)
Reducer 22 <- Map 21 (SIMPLE_EDGE), Map 24 (SIMPLE_EDGE), Union 5 (CONTAINS)
Reducer 23 <- Map 21 (SIMPLE_EDGE), Map 24 (SIMPLE_EDGE), Union 12 (CONTAINS)
Reducer 4 <- Union 3 (SIMPLE_EDGE), Union 5 (CONTAINS)
Reducer 6 <- Union 5 (SIMPLE_EDGE)
Reducer 7 <- Reducer 13 (SIMPLE_EDGE), Reducer 6 (SIMPLE_EDGE)
Reducer 8 <- Reducer 7 (SIMPLE_EDGE)
Reducer 9 <- Map 1 (SIMPLE_EDGE), Map 14 (SIMPLE_EDGE), Union 10 (CONTAINS)

Stage-0
  Fetch Operator
    limit:-1
    Stage-1
      Reducer 8 vectorized
      File Output Operator [FS_380]
        Select Operator [SEL_379] (rows=100 width=160)
          Output:["_col0","_col1","_col2","_col3","_col4","_col5","_col6","_col7","_col8","_col9"]
          Limit [LIM_378] (rows=100 width=152)
            Number of rows:100
            Select Operator [SEL_377] (rows=38234207120 width=151)
              Output:["_col0","_col1","_col2","_col3","_col4","_col5","_col6","_col7"]
            <-Reducer 7 [SIMPLE_EDGE]
              SHUFFLE [RS_175]
                Select Operator [SEL_174] (rows=38234207120 width=151)
                  Output:["_col0","_col1","_col2","_col3","_col4","_col5","_col6","_col7"]
                  Filter Operator [FIL_173] (rows=38234207120 width=479)
                    predicate:((_col13 / _col6) < 0.9)
                    Merge Join Operator [MERGEJOIN_282] (rows=114702621361 width=479)
                      Conds:RS_372._col0, _col1, _col2, _col3=RS_376._col0, _col1, _col2, _col3(Inner),Output:["_col0","_col1","_col2","_col3","_col4","_col5","_col6","_col11","_col12","_col13"]
                    <-Reducer 13 [SIMPLE_EDGE] vectorized
                      SHUFFLE [RS_376]
                        PartitionCols:_col0, _col1, _col2, _col3
                        Select Operator [SEL_375] (rows=8520960 width=247)
                          Output:["_col0","_col1","_col2","_col3","_col4","_col5","_col6"]
                          Group By Operator [GBY_374] (rows=8520960 width=135)
                            Output:["_col0","_col1","_col2","_col3","_col4","_col5"],aggregations:["sum(_col4)","sum(_col5)"],keys:_col0, _col1, _col2, _col3
                            Group By Operator [GBY_373] (rows=736356923 width=131)
                              Output:["_col0","_col1","_col2","_col3","_col4","_col5"],keys:KEY._col0, KEY._col1, KEY._col2, KEY._col3, KEY._col4, KEY._col5
                            <-Union 12 [SIMPLE_EDGE]
                              <-Reducer 11 [CONTAINS] vectorized
                                Reduce Output Operator [RS_383]
                                  PartitionCols:_col0, _col1, _col2, _col3
                                  Group By Operator [GBY_382] (rows=736356923 width=131)
                                    Output:["_col0","_col1","_col2","_col3","_col4","_col5"],keys:_col0, _col1, _col2, _col3, _col4, _col5
                                    Group By Operator [GBY_381] (rows=621178955 width=131)
                                      Output:["_col0","_col1","_col2","_col3","_col4","_col5"],keys:KEY._col0, KEY._col1, KEY._col2, KEY._col3, KEY._col4, KEY._col5
                                    <-Union 10 [SIMPLE_EDGE]
                                      <-Reducer 19 [CONTAINS]
                                        Reduce Output Operator [RS_322]
                                          PartitionCols:_col0, _col1, _col2, _col3, _col4, _col5
                                          Group By Operator [GBY_321] (rows=621178955 width=131)
                                            Output:["_col0","_col1","_col2","_col3","_col4","_col5"],keys:_col0, _col1, _col2, _col3, _col4, _col5
                                            Select Operator [SEL_319] (rows=450703984 width=131)
                                              Output:["_col0","_col1","_col2","_col3","_col4","_col5"]
                                              Merge Join Operator [MERGEJOIN_318] (rows=450703984 width=204)
                                                Conds:RS_386._col0, _col1=RS_396._col0, _col1(Right Outer),Output:["_col2","_col3","_col6","_col7","_col8","_col9","_col10","_col11"]
                                              <-Map 17 [SIMPLE_EDGE] vectorized
                                                SHUFFLE [RS_386]
                                                  PartitionCols:_col0, _col1
                                                  Select Operator [SEL_384] (rows=57591150 width=119)
                                                    Output:["_col0","_col1","_col2","_col3"]
                                                    TableScan [TS_22] (rows=57591150 width=119)
                                                      default@store_returns,store_returns,Tbl:COMPLETE,Col:COMPLETE,Output:["sr_item_sk","sr_ticket_number","sr_return_quantity","sr_return_amt"]
                                              <-Map 20 [SIMPLE_EDGE] vectorized
                                                SHUFFLE [RS_396]
                                                  PartitionCols:_col0, _col1
                                                  Select Operator [SEL_394] (rows=187186493 width=124)
                                                    Output:["_col0","_col1","_col2","_col3","_col4","_col5","_col6","_col7"]
                                                    Map Join Operator [MAPJOIN_392] (rows=187186493 width=124)
                                                      Conds:MAPJOIN_390._col1=RS_354._col0(Inner),HybridGraceHashJoin:true,Output:["_col1","_col2","_col3","_col4","_col7","_col8","_col9","_col10"]
                                                    <-Map 26 [BROADCAST_EDGE] vectorized
                                                      BROADCAST [RS_354]
                                                        PartitionCols:_col0
                                                        Select Operator [SEL_352] (rows=45745 width=19)
                                                          Output:["_col0","_col1","_col2","_col3","_col4"]
                                                          Filter Operator [FIL_351] (rows=45745 width=109)
                                                            predicate:((i_category = 'Sports') and i_brand_id is not null and i_category_id is not null and i_class_id is not null and i_manufact_id is not null)
                                                            TableScan [TS_93] (rows=462000 width=109)
                                                              default@item,item,Tbl:COMPLETE,Col:COMPLETE,Output:["i_item_sk","i_brand_id","i_class_id","i_category_id","i_category","i_manufact_id"]
                                                    <-Map Join Operator [MAPJOIN_390] (rows=196410188 width=109)
                                                        Conds:SEL_388._col0=RS_349._col0(Inner),HybridGraceHashJoin:true,Output:["_col1","_col2","_col3","_col4"]
                                                      <-Map 25 [BROADCAST_EDGE] vectorized
                                                        BROADCAST [RS_349]
                                                          PartitionCols:_col0
                                                          Select Operator [SEL_347] (rows=652 width=4)
                                                            Output:["_col0"]
                                                            Filter Operator [FIL_346] (rows=652 width=8)
                                                              predicate:(d_year = 2002)
                                                              TableScan [TS_90] (rows=73049 width=8)
                                                                default@date_dim,date_dim,Tbl:COMPLETE,Col:COMPLETE,Output:["d_date_sk","d_year"]
                                                      <-Select Operator [SEL_388] (rows=550076554 width=122)
                                                          Output:["_col0","_col1","_col2","_col3","_col4"]
                                                          Filter Operator [FIL_387] (rows=550076554 width=122)
                                                            predicate:ss_sold_date_sk is not null
                                                            TableScan [TS_24] (rows=575995635 width=122)
                                                              default@store_sales,store_sales,Tbl:COMPLETE,Col:COMPLETE,Output:["ss_sold_date_sk","ss_item_sk","ss_ticket_number","ss_quantity","ss_ext_sales_price"]
                                                            <-Map 15 [BROADCAST_EDGE] vectorized
                                                              BROADCAST [RS_339]
                                                                PartitionCols:_col0
                                                                Select Operator [SEL_337] (rows=652 width=4)
                                                                  Output:["_col0"]
                                                                  Filter Operator [FIL_336] (rows=652 width=8)
                                                                    predicate:(d_year = 2001)
                                                                    TableScan [TS_5] (rows=73049 width=8)
                                                                      default@date_dim,date_dim,Tbl:COMPLETE,Col:COMPLETE,Output:["d_date_sk","d_year"]
                                                            <-Map 16 [BROADCAST_EDGE] vectorized
                                                              BROADCAST [RS_344]
                                                                PartitionCols:_col0
                                                                Select Operator [SEL_342] (rows=45745 width=19)
                                                                  Output:["_col0","_col1","_col2","_col3","_col4"]
                                                                  Filter Operator [FIL_341] (rows=45745 width=109)
                                                                    predicate:((i_category = 'Sports') and i_brand_id is not null and i_category_id is not null and i_class_id is not null and i_manufact_id is not null)
                                                                    TableScan [TS_8] (rows=462000 width=109)
                                                                      default@item,item,Tbl:COMPLETE,Col:COMPLETE,Output:["i_item_sk","i_brand_id","i_class_id","i_category_id","i_category","i_manufact_id"]
                                      <-Reducer 9 [CONTAINS]
                                        Reduce Output Operator [RS_308]
                                          PartitionCols:_col0, _col1, _col2, _col3, _col4, _col5
                                          Group By Operator [GBY_307] (rows=621178955 width=131)
                                            Output:["_col0","_col1","_col2","_col3","_col4","_col5"],keys:_col0, _col1, _col2, _col3, _col4, _col5
                                            Select Operator [SEL_305] (rows=170474971 width=131)
                                              Output:["_col0","_col1","_col2","_col3","_col4","_col5"]
                                              Merge Join Operator [MERGEJOIN_304] (rows=170474971 width=234)
                                                Conds:RS_335._col0, _col1=RS_365._col0, _col1(Right Outer),Output:["_col2","_col3","_col6","_col7","_col8","_col9","_col10","_col11"]
                                              <-Map 1 [SIMPLE_EDGE] vectorized
                                                SHUFFLE [RS_335]
                                                  PartitionCols:_col0, _col1
                                                  Select Operator [SEL_333] (rows=28798881 width=121)
                                                    Output:["_col0","_col1","_col2","_col3"]
                                                    TableScan [TS_0] (rows=28798881 width=121)
                                                      default@catalog_returns,catalog_returns,Tbl:COMPLETE,Col:COMPLETE,Output:["cr_item_sk","cr_order_number","cr_return_quantity","cr_return_amount"]
                                              <-Map 14 [SIMPLE_EDGE] vectorized
                                                SHUFFLE [RS_365]
                                                  PartitionCols:_col0, _col1
                                                  Select Operator [SEL_363] (rows=96821196 width=138)
                                                    Output:["_col0","_col1","_col2","_col3","_col4","_col5","_col6","_col7"]
                                                    Map Join Operator [MAPJOIN_361] (rows=96821196 width=138)
                                                      Conds:MAPJOIN_359._col1=RS_353._col0(Inner),HybridGraceHashJoin:true,Output:["_col1","_col2","_col3","_col4","_col7","_col8","_col9","_col10"]
                                                    <-Map 26 [BROADCAST_EDGE] vectorized
                                                      BROADCAST [RS_353]
                                                        PartitionCols:_col0
                                                         Please refer to the previous Select Operator [SEL_352]
                                                    <-Map Join Operator [MAPJOIN_359] (rows=101592102 width=122)
                                                        Conds:SEL_357._col0=RS_348._col0(Inner),HybridGraceHashJoin:true,Output:["_col1","_col2","_col3","_col4"]
                                                      <-Map 25 [BROADCAST_EDGE] vectorized
                                                        BROADCAST [RS_348]
                                                          PartitionCols:_col0
                                                           Please refer to the previous Select Operator [SEL_347]
                                                      <-Select Operator [SEL_357] (rows=286549727 width=127)
                                                          Output:["_col0","_col1","_col2","_col3","_col4"]
                                                          Filter Operator [FIL_356] (rows=286549727 width=127)
                                                            predicate:cs_sold_date_sk is not null
                                                            TableScan [TS_2] (rows=287989836 width=127)
                                                              default@catalog_sales,catalog_sales,Tbl:COMPLETE,Col:COMPLETE,Output:["cs_sold_date_sk","cs_item_sk","cs_order_number","cs_quantity","cs_ext_sales_price"]
                                                            <-Map 15 [BROADCAST_EDGE] vectorized
                                                              BROADCAST [RS_338]
                                                                PartitionCols:_col0
                                                                 Please refer to the previous Select Operator [SEL_337]
                                                            <-Map 16 [BROADCAST_EDGE] vectorized
                                                              BROADCAST [RS_343]
                                                                PartitionCols:_col0
                                                                 Please refer to the previous Select Operator [SEL_342]
                              <-Reducer 23 [CONTAINS]
                                Reduce Output Operator [RS_332]
                                  PartitionCols:_col0, _col1, _col2, _col3
                                  Group By Operator [GBY_331] (rows=736356923 width=131)
                                    Output:["_col0","_col1","_col2","_col3","_col4","_col5"],keys:_col0, _col1, _col2, _col3, _col4, _col5
                                    Select Operator [SEL_329] (rows=115177968 width=131)
                                      Output:["_col0","_col1","_col2","_col3","_col4","_col5"]
                                      Merge Join Operator [MERGEJOIN_328] (rows=115177968 width=220)
                                        Conds:RS_399._col0, _col1=RS_409._col0, _col1(Right Outer),Output:["_col2","_col3","_col6","_col7","_col8","_col9","_col10","_col11"]
                                      <-Map 21 [SIMPLE_EDGE] vectorized
                                        SHUFFLE [RS_399]
                                          PartitionCols:_col0, _col1
                                          Select Operator [SEL_397] (rows=14398467 width=118)
                                            Output:["_col0","_col1","_col2","_col3"]
                                            TableScan [TS_51] (rows=14398467 width=118)
                                              default@web_returns,web_returns,Tbl:COMPLETE,Col:COMPLETE,Output:["wr_item_sk","wr_order_number","wr_return_quantity","wr_return_amt"]
                                      <-Map 24 [SIMPLE_EDGE] vectorized
                                        SHUFFLE [RS_409]
                                          PartitionCols:_col0, _col1
                                          Select Operator [SEL_407] (rows=48990732 width=139)
                                            Output:["_col0","_col1","_col2","_col3","_col4","_col5","_col6","_col7"]
                                            Map Join Operator [MAPJOIN_405] (rows=48990732 width=139)
                                              Conds:MAPJOIN_403._col1=RS_355._col0(Inner),HybridGraceHashJoin:true,Output:["_col1","_col2","_col3","_col4","_col7","_col8","_col9","_col10"]
                                            <-Map 26 [BROADCAST_EDGE] vectorized
                                              BROADCAST [RS_355]
                                                PartitionCols:_col0
                                                 Please refer to the previous Select Operator [SEL_352]
                                            <-Map Join Operator [MAPJOIN_403] (rows=51404771 width=123)
                                                Conds:SEL_401._col0=RS_350._col0(Inner),HybridGraceHashJoin:true,Output:["_col1","_col2","_col3","_col4"]
                                              <-Map 25 [BROADCAST_EDGE] vectorized
                                                BROADCAST [RS_350]
                                                  PartitionCols:_col0
                                                   Please refer to the previous Select Operator [SEL_347]
                                              <-Select Operator [SEL_401] (rows=143966864 width=127)
                                                  Output:["_col0","_col1","_col2","_col3","_col4"]
                                                  Filter Operator [FIL_400] (rows=143966864 width=127)
                                                    predicate:ws_sold_date_sk is not null
                                                    TableScan [TS_53] (rows=144002668 width=127)
                                                      default@web_sales,web_sales,Tbl:COMPLETE,Col:COMPLETE,Output:["ws_sold_date_sk","ws_item_sk","ws_order_number","ws_quantity","ws_ext_sales_price"]
                                                    <-Map 15 [BROADCAST_EDGE] vectorized
                                                      BROADCAST [RS_340]
                                                        PartitionCols:_col0
                                                         Please refer to the previous Select Operator [SEL_337]
                                                    <-Map 16 [BROADCAST_EDGE] vectorized
                                                      BROADCAST [RS_345]
                                                        PartitionCols:_col0
                                                         Please refer to the previous Select Operator [SEL_342]
                    <-Reducer 6 [SIMPLE_EDGE] vectorized
                      SHUFFLE [RS_372]
                        PartitionCols:_col0, _col1, _col2, _col3
                        Select Operator [SEL_371] (rows=8520960 width=247)
                          Output:["_col0","_col1","_col2","_col3","_col4","_col5","_col6"]
                          Group By Operator [GBY_370] (rows=8520960 width=135)
                            Output:["_col0","_col1","_col2","_col3","_col4","_col5"],aggregations:["sum(_col4)","sum(_col5)"],keys:_col0, _col1, _col2, _col3
                            Group By Operator [GBY_369] (rows=736356923 width=131)
                              Output:["_col0","_col1","_col2","_col3","_col4","_col5"],keys:KEY._col0, KEY._col1, KEY._col2, KEY._col3, KEY._col4, KEY._col5
                            <-Union 5 [SIMPLE_EDGE]
                              <-Reducer 22 [CONTAINS]
                                Reduce Output Operator [RS_327]
                                  PartitionCols:_col0, _col1, _col2, _col3
                                  Group By Operator [GBY_326] (rows=736356923 width=131)
                                    Output:["_col0","_col1","_col2","_col3","_col4","_col5"],keys:_col0, _col1, _col2, _col3, _col4, _col5
                                    Select Operator [SEL_324] (rows=115177968 width=131)
                                      Output:["_col0","_col1","_col2","_col3","_col4","_col5"]
                                      Merge Join Operator [MERGEJOIN_323] (rows=115177968 width=220)
                                        Conds:RS_398._col0, _col1=RS_408._col0, _col1(Right Outer),Output:["_col2","_col3","_col6","_col7","_col8","_col9","_col10","_col11"]
                                      <-Map 21 [SIMPLE_EDGE] vectorized
                                        SHUFFLE [RS_398]
                                          PartitionCols:_col0, _col1
                                           Please refer to the previous Select Operator [SEL_397]
                                      <-Map 24 [SIMPLE_EDGE] vectorized
                                        SHUFFLE [RS_408]
                                          PartitionCols:_col0, _col1
                                          Select Operator [SEL_406] (rows=48990732 width=139)
                                            Output:["_col0","_col1","_col2","_col3","_col4","_col5","_col6","_col7"]
                                            Map Join Operator [MAPJOIN_404] (rows=48990732 width=139)
                                              Conds:MAPJOIN_402._col1=RS_345._col0(Inner),HybridGraceHashJoin:true,Output:["_col1","_col2","_col3","_col4","_col7","_col8","_col9","_col10"]
                                            <-Map 16 [BROADCAST_EDGE] vectorized
                                               Please refer to the previous BROADCAST [RS_345]
                                            <-Map Join Operator [MAPJOIN_402] (rows=51404771 width=123)
                                                Conds:SEL_401._col0=RS_340._col0(Inner),HybridGraceHashJoin:true,Output:["_col1","_col2","_col3","_col4"]
                                              <-Map 15 [BROADCAST_EDGE] vectorized
                                                 Please refer to the previous BROADCAST [RS_340]
                                                 Please refer to the previous Select Operator [SEL_401]
                              <-Reducer 4 [CONTAINS] vectorized
                                Reduce Output Operator [RS_368]
                                  PartitionCols:_col0, _col1, _col2, _col3
                                  Group By Operator [GBY_367] (rows=736356923 width=131)
                                    Output:["_col0","_col1","_col2","_col3","_col4","_col5"],keys:_col0, _col1, _col2, _col3, _col4, _col5
                                    Group By Operator [GBY_366] (rows=621178955 width=131)
                                      Output:["_col0","_col1","_col2","_col3","_col4","_col5"],keys:KEY._col0, KEY._col1, KEY._col2, KEY._col3, KEY._col4, KEY._col5
                                    <-Union 3 [SIMPLE_EDGE]
                                      <-Reducer 18 [CONTAINS]
                                        Reduce Output Operator [RS_317]
                                          PartitionCols:_col0, _col1, _col2, _col3, _col4, _col5
                                          Group By Operator [GBY_316] (rows=621178955 width=131)
                                            Output:["_col0","_col1","_col2","_col3","_col4","_col5"],keys:_col0, _col1, _col2, _col3, _col4, _col5
                                            Select Operator [SEL_314] (rows=450703984 width=131)
                                              Output:["_col0","_col1","_col2","_col3","_col4","_col5"]
                                              Merge Join Operator [MERGEJOIN_313] (rows=450703984 width=204)
                                                Conds:RS_385._col0, _col1=RS_395._col0, _col1(Right Outer),Output:["_col2","_col3","_col6","_col7","_col8","_col9","_col10","_col11"]
                                              <-Map 17 [SIMPLE_EDGE] vectorized
                                                SHUFFLE [RS_385]
                                                  PartitionCols:_col0, _col1
                                                   Please refer to the previous Select Operator [SEL_384]
                                              <-Map 20 [SIMPLE_EDGE] vectorized
                                                SHUFFLE [RS_395]
                                                  PartitionCols:_col0, _col1
                                                  Select Operator [SEL_393] (rows=187186493 width=124)
                                                    Output:["_col0","_col1","_col2","_col3","_col4","_col5","_col6","_col7"]
                                                    Map Join Operator [MAPJOIN_391] (rows=187186493 width=124)
                                                      Conds:MAPJOIN_389._col1=RS_344._col0(Inner),HybridGraceHashJoin:true,Output:["_col1","_col2","_col3","_col4","_col7","_col8","_col9","_col10"]
                                                    <-Map 16 [BROADCAST_EDGE] vectorized
                                                       Please refer to the previous BROADCAST [RS_344]
                                                    <-Map Join Operator [MAPJOIN_389] (rows=196410188 width=109)
                                                        Conds:SEL_388._col0=RS_339._col0(Inner),HybridGraceHashJoin:true,Output:["_col1","_col2","_col3","_col4"]
                                                      <-Map 15 [BROADCAST_EDGE] vectorized
                                                         Please refer to the previous BROADCAST [RS_339]
                                                         Please refer to the previous Select Operator [SEL_388]
                                      <-Reducer 2 [CONTAINS]
                                        Reduce Output Operator [RS_299]
                                          PartitionCols:_col0, _col1, _col2, _col3, _col4, _col5
                                          Group By Operator [GBY_298] (rows=621178955 width=131)
                                            Output:["_col0","_col1","_col2","_col3","_col4","_col5"],keys:_col0, _col1, _col2, _col3, _col4, _col5
                                            Select Operator [SEL_296] (rows=170474971 width=131)
                                              Output:["_col0","_col1","_col2","_col3","_col4","_col5"]
                                              Merge Join Operator [MERGEJOIN_295] (rows=170474971 width=234)
                                                Conds:RS_334._col0, _col1=RS_364._col0, _col1(Right Outer),Output:["_col2","_col3","_col6","_col7","_col8","_col9","_col10","_col11"]
                                              <-Map 1 [SIMPLE_EDGE] vectorized
                                                SHUFFLE [RS_334]
                                                  PartitionCols:_col0, _col1
                                                   Please refer to the previous Select Operator [SEL_333]
                                              <-Map 14 [SIMPLE_EDGE] vectorized
                                                SHUFFLE [RS_364]
                                                  PartitionCols:_col0, _col1
                                                  Select Operator [SEL_362] (rows=96821196 width=138)
                                                    Output:["_col0","_col1","_col2","_col3","_col4","_col5","_col6","_col7"]
                                                    Map Join Operator [MAPJOIN_360] (rows=96821196 width=138)
                                                      Conds:MAPJOIN_358._col1=RS_343._col0(Inner),HybridGraceHashJoin:true,Output:["_col1","_col2","_col3","_col4","_col7","_col8","_col9","_col10"]
                                                    <-Map 16 [BROADCAST_EDGE] vectorized
                                                       Please refer to the previous BROADCAST [RS_343]
                                                    <-Map Join Operator [MAPJOIN_358] (rows=101592102 width=122)
                                                        Conds:SEL_357._col0=RS_338._col0(Inner),HybridGraceHashJoin:true,Output:["_col1","_col2","_col3","_col4"]
                                                      <-Map 15 [BROADCAST_EDGE] vectorized
                                                         Please refer to the previous BROADCAST [RS_338]
                                                         Please refer to the previous Select Operator [SEL_357]

