PREHOOK: query: explain
with ss as (
 select
          i_item_id,sum(ss_ext_sales_price) total_sales
 from
 	store_sales,
 	date_dim,
         customer_address,
         item
 where
         i_item_id in (select
  i_item_id
from
 item
where i_category in ('Children'))
 and     ss_item_sk              = i_item_sk
 and     ss_sold_date_sk         = d_date_sk
 and     d_year                  = 1999
 and     d_moy                   = 9
 and     ss_addr_sk              = ca_address_sk
 and     ca_gmt_offset           = -6 
 group by i_item_id),
 cs as (
 select
          i_item_id,sum(cs_ext_sales_price) total_sales
 from
 	catalog_sales,
 	date_dim,
         customer_address,
         item
 where
         i_item_id               in (select
  i_item_id
from
 item
where i_category in ('Children'))
 and     cs_item_sk              = i_item_sk
 and     cs_sold_date_sk         = d_date_sk
 and     d_year                  = 1999
 and     d_moy                   = 9
 and     cs_bill_addr_sk         = ca_address_sk
 and     ca_gmt_offset           = -6 
 group by i_item_id),
 ws as (
 select
          i_item_id,sum(ws_ext_sales_price) total_sales
 from
 	web_sales,
 	date_dim,
         customer_address,
         item
 where
         i_item_id               in (select
  i_item_id
from
 item
where i_category in ('Children'))
 and     ws_item_sk              = i_item_sk
 and     ws_sold_date_sk         = d_date_sk
 and     d_year                  = 1999
 and     d_moy                   = 9
 and     ws_bill_addr_sk         = ca_address_sk
 and     ca_gmt_offset           = -6
 group by i_item_id)
  select   
  i_item_id
,sum(total_sales) total_sales
 from  (select * from ss 
        union all
        select * from cs 
        union all
        select * from ws) tmp1
 group by i_item_id
 order by i_item_id
      ,total_sales
 limit 100
PREHOOK: type: QUERY
PREHOOK: Input: default@catalog_sales
PREHOOK: Input: default@customer_address
PREHOOK: Input: default@date_dim
PREHOOK: Input: default@item
PREHOOK: Input: default@store_sales
PREHOOK: Input: default@web_sales
PREHOOK: Output: hdfs://### HDFS PATH ###
POSTHOOK: query: explain
with ss as (
 select
          i_item_id,sum(ss_ext_sales_price) total_sales
 from
 	store_sales,
 	date_dim,
         customer_address,
         item
 where
         i_item_id in (select
  i_item_id
from
 item
where i_category in ('Children'))
 and     ss_item_sk              = i_item_sk
 and     ss_sold_date_sk         = d_date_sk
 and     d_year                  = 1999
 and     d_moy                   = 9
 and     ss_addr_sk              = ca_address_sk
 and     ca_gmt_offset           = -6 
 group by i_item_id),
 cs as (
 select
          i_item_id,sum(cs_ext_sales_price) total_sales
 from
 	catalog_sales,
 	date_dim,
         customer_address,
         item
 where
         i_item_id               in (select
  i_item_id
from
 item
where i_category in ('Children'))
 and     cs_item_sk              = i_item_sk
 and     cs_sold_date_sk         = d_date_sk
 and     d_year                  = 1999
 and     d_moy                   = 9
 and     cs_bill_addr_sk         = ca_address_sk
 and     ca_gmt_offset           = -6 
 group by i_item_id),
 ws as (
 select
          i_item_id,sum(ws_ext_sales_price) total_sales
 from
 	web_sales,
 	date_dim,
         customer_address,
         item
 where
         i_item_id               in (select
  i_item_id
from
 item
where i_category in ('Children'))
 and     ws_item_sk              = i_item_sk
 and     ws_sold_date_sk         = d_date_sk
 and     d_year                  = 1999
 and     d_moy                   = 9
 and     ws_bill_addr_sk         = ca_address_sk
 and     ca_gmt_offset           = -6
 group by i_item_id)
  select   
  i_item_id
,sum(total_sales) total_sales
 from  (select * from ss 
        union all
        select * from cs 
        union all
        select * from ws) tmp1
 group by i_item_id
 order by i_item_id
      ,total_sales
 limit 100
POSTHOOK: type: QUERY
POSTHOOK: Input: default@catalog_sales
POSTHOOK: Input: default@customer_address
POSTHOOK: Input: default@date_dim
POSTHOOK: Input: default@item
POSTHOOK: Input: default@store_sales
POSTHOOK: Input: default@web_sales
POSTHOOK: Output: hdfs://### HDFS PATH ###
Plan optimized by CBO.

Vertex dependency in root stage
Map 1 <- Reducer 3 (BROADCAST_EDGE)
Map 16 <- Map 10 (BROADCAST_EDGE)
Map 17 <- Map 10 (BROADCAST_EDGE)
Map 4 <- Map 10 (BROADCAST_EDGE)
Reducer 12 <- Map 1 (BROADCAST_EDGE), Map 11 (SIMPLE_EDGE), Map 16 (SIMPLE_EDGE)
Reducer 13 <- Reducer 12 (SIMPLE_EDGE), Union 7 (CONTAINS)
Reducer 14 <- Map 1 (BROADCAST_EDGE), Map 11 (SIMPLE_EDGE), Map 17 (SIMPLE_EDGE)
Reducer 15 <- Reducer 14 (SIMPLE_EDGE), Union 7 (CONTAINS)
Reducer 3 <- Map 2 (SIMPLE_EDGE)
Reducer 5 <- Map 1 (BROADCAST_EDGE), Map 11 (SIMPLE_EDGE), Map 4 (SIMPLE_EDGE)
Reducer 6 <- Reducer 5 (SIMPLE_EDGE), Union 7 (CONTAINS)
Reducer 8 <- Union 7 (SIMPLE_EDGE)
Reducer 9 <- Reducer 8 (SIMPLE_EDGE)

Stage-0
  Fetch Operator
    limit:100
    Stage-1
      Reducer 9 vectorized
      File Output Operator [FS_233]
        Limit [LIM_232] (rows=100 width=212)
          Number of rows:100
          Select Operator [SEL_231] (rows=1717 width=212)
            Output:["_col0","_col1"]
          <-Reducer 8 [SIMPLE_EDGE] vectorized
            SHUFFLE [RS_230]
              Group By Operator [GBY_229] (rows=1717 width=212)
                Output:["_col0","_col1"],aggregations:["sum(VALUE._col0)"],keys:KEY._col0
              <-Union 7 [SIMPLE_EDGE]
                <-Reducer 13 [CONTAINS] vectorized
                  Reduce Output Operator [RS_240]
                    PartitionCols:_col0
                    Group By Operator [GBY_239] (rows=1717 width=212)
                      Output:["_col0","_col1"],aggregations:["sum(_col1)"],keys:_col0
                      Group By Operator [GBY_238] (rows=1717 width=212)
                        Output:["_col0","_col1"],aggregations:["sum(VALUE._col0)"],keys:KEY._col0
                      <-Reducer 12 [SIMPLE_EDGE]
                        SHUFFLE [RS_69]
                          PartitionCols:_col0
                          Group By Operator [GBY_68] (rows=1717 width=212)
                            Output:["_col0","_col1"],aggregations:["sum(_col7)"],keys:_col1
                            Map Join Operator [MAPJOIN_180] (rows=746132 width=100)
                              Conds:RS_219._col0=SEL_60._col3(Inner),HybridGraceHashJoin:true,Output:["_col1","_col7"]
                            <-Map 1 [BROADCAST_EDGE] vectorized
                              BROADCAST [RS_219]
                                PartitionCols:_col0
                                Map Join Operator [MAPJOIN_217] (rows=34340 width=104)
                                  Conds:SEL_216._col1=RS_215._col0(Inner),HybridGraceHashJoin:true,Output:["_col0","_col1"]
                                <-Reducer 3 [BROADCAST_EDGE] vectorized
                                  BROADCAST [RS_215]
                                    PartitionCols:_col0
                                    Group By Operator [GBY_214] (rows=23100 width=100)
                                      Output:["_col0"],keys:KEY._col0
                                    <-Map 2 [SIMPLE_EDGE] vectorized
                                      SHUFFLE [RS_213]
                                        PartitionCols:_col0
                                        Group By Operator [GBY_212] (rows=23100 width=100)
                                          Output:["_col0"],keys:i_item_id
                                          Select Operator [SEL_211] (rows=46200 width=190)
                                            Output:["i_item_id"]
                                            Filter Operator [FIL_210] (rows=46200 width=190)
                                              predicate:(i_category = 'Children')
                                              TableScan [TS_2] (rows=462000 width=190)
                                                default@item,item,Tbl:COMPLETE,Col:COMPLETE,Output:["i_item_id","i_category"]
                                <-Select Operator [SEL_216] (rows=462000 width=104)
                                    Output:["_col0","_col1"]
                                    TableScan [TS_0] (rows=462000 width=104)
                                      default@item,item,Tbl:COMPLETE,Col:COMPLETE,Output:["i_item_sk","i_item_id"]
                            <-Select Operator [SEL_60] (rows=1550375 width=13)
                                Output:["_col3","_col4"]
                                Merge Join Operator [MERGEJOIN_176] (rows=1550375 width=13)
                                  Conds:RS_237._col1=RS_224._col0(Inner),Output:["_col2","_col3"]
                                <-Map 11 [SIMPLE_EDGE] vectorized
                                  SHUFFLE [RS_224]
                                    PartitionCols:_col0
                                    Select Operator [SEL_222] (rows=8000000 width=4)
                                      Output:["_col0"]
                                      Filter Operator [FIL_221] (rows=8000000 width=112)
                                        predicate:(ca_gmt_offset = -6)
                                        TableScan [TS_15] (rows=40000000 width=112)
                                          default@customer_address,customer_address,Tbl:COMPLETE,Col:COMPLETE,Output:["ca_address_sk","ca_gmt_offset"]
                                <-Map 16 [SIMPLE_EDGE] vectorized
                                  SHUFFLE [RS_237]
                                    PartitionCols:_col1
                                    Map Join Operator [MAPJOIN_236] (rows=7751872 width=98)
                                      Conds:SEL_235._col0=RS_204._col0(Inner),HybridGraceHashJoin:true,Output:["_col1","_col2","_col3"]
                                    <-Map 10 [BROADCAST_EDGE] vectorized
                                      BROADCAST [RS_204]
                                        PartitionCols:_col0
                                        Select Operator [SEL_202] (rows=50 width=4)
                                          Output:["_col0"]
                                          Filter Operator [FIL_201] (rows=50 width=12)
                                            predicate:((d_moy = 9) and (d_year = 1999))
                                            TableScan [TS_12] (rows=73049 width=12)
                                              default@date_dim,date_dim,Tbl:COMPLETE,Col:COMPLETE,Output:["d_date_sk","d_year","d_moy"]
                                    <-Select Operator [SEL_235] (rows=285117733 width=123)
                                        Output:["_col0","_col1","_col2","_col3"]
                                        Filter Operator [FIL_234] (rows=285117733 width=123)
                                          predicate:(cs_bill_addr_sk is not null and cs_sold_date_sk is not null)
                                          TableScan [TS_45] (rows=287989836 width=123)
                                            default@catalog_sales,catalog_sales,Tbl:COMPLETE,Col:COMPLETE,Output:["cs_sold_date_sk","cs_bill_addr_sk","cs_item_sk","cs_ext_sales_price"]
                <-Reducer 15 [CONTAINS] vectorized
                  Reduce Output Operator [RS_247]
                    PartitionCols:_col0
                    Group By Operator [GBY_246] (rows=1717 width=212)
                      Output:["_col0","_col1"],aggregations:["sum(_col1)"],keys:_col0
                      Group By Operator [GBY_245] (rows=1717 width=212)
                        Output:["_col0","_col1"],aggregations:["sum(VALUE._col0)"],keys:KEY._col0
                      <-Reducer 14 [SIMPLE_EDGE]
                        SHUFFLE [RS_106]
                          PartitionCols:_col0
                          Group By Operator [GBY_105] (rows=1717 width=212)
                            Output:["_col0","_col1"],aggregations:["sum(_col7)"],keys:_col1
                            Map Join Operator [MAPJOIN_181] (rows=379339 width=201)
                              Conds:RS_220._col0=SEL_97._col2(Inner),HybridGraceHashJoin:true,Output:["_col1","_col7"]
                            <-Map 1 [BROADCAST_EDGE] vectorized
                              BROADCAST [RS_220]
                                PartitionCols:_col0
                                 Please refer to the previous Map Join Operator [MAPJOIN_217]
                            <-Select Operator [SEL_97] (rows=788222 width=110)
                                Output:["_col2","_col4"]
                                Merge Join Operator [MERGEJOIN_178] (rows=788222 width=110)
                                  Conds:RS_244._col2=RS_225._col0(Inner),Output:["_col1","_col3"]
                                <-Map 11 [SIMPLE_EDGE] vectorized
                                  SHUFFLE [RS_225]
                                    PartitionCols:_col0
                                     Please refer to the previous Select Operator [SEL_222]
                                <-Map 17 [SIMPLE_EDGE] vectorized
                                  SHUFFLE [RS_244]
                                    PartitionCols:_col2
                                    Map Join Operator [MAPJOIN_243] (rows=3941109 width=118)
                                      Conds:SEL_242._col0=RS_205._col0(Inner),HybridGraceHashJoin:true,Output:["_col1","_col2","_col3"]
                                    <-Map 10 [BROADCAST_EDGE] vectorized
                                      BROADCAST [RS_205]
                                        PartitionCols:_col0
                                         Please refer to the previous Select Operator [SEL_202]
                                    <-Select Operator [SEL_242] (rows=143931246 width=123)
                                        Output:["_col0","_col1","_col2","_col3"]
                                        Filter Operator [FIL_241] (rows=143931246 width=123)
                                          predicate:(ws_bill_addr_sk is not null and ws_sold_date_sk is not null)
                                          TableScan [TS_82] (rows=144002668 width=123)
                                            default@web_sales,web_sales,Tbl:COMPLETE,Col:COMPLETE,Output:["ws_sold_date_sk","ws_item_sk","ws_bill_addr_sk","ws_ext_sales_price"]
                <-Reducer 6 [CONTAINS] vectorized
                  Reduce Output Operator [RS_228]
                    PartitionCols:_col0
                    Group By Operator [GBY_227] (rows=1717 width=212)
                      Output:["_col0","_col1"],aggregations:["sum(_col1)"],keys:_col0
                      Group By Operator [GBY_226] (rows=1717 width=212)
                        Output:["_col0","_col1"],aggregations:["sum(VALUE._col0)"],keys:KEY._col0
                      <-Reducer 5 [SIMPLE_EDGE]
                        SHUFFLE [RS_33]
                          PartitionCols:_col0
                          Group By Operator [GBY_32] (rows=1717 width=212)
                            Output:["_col0","_col1"],aggregations:["sum(_col7)"],keys:_col1
                            Map Join Operator [MAPJOIN_179] (rows=1384530 width=100)
                              Conds:RS_218._col0=SEL_24._col2(Inner),HybridGraceHashJoin:true,Output:["_col1","_col7"]
                            <-Map 1 [BROADCAST_EDGE] vectorized
                              BROADCAST [RS_218]
                                PartitionCols:_col0
                                 Please refer to the previous Map Join Operator [MAPJOIN_217]
                            <-Select Operator [SEL_24] (rows=2876890 width=4)
                                Output:["_col2","_col4"]
                                Merge Join Operator [MERGEJOIN_174] (rows=2876890 width=4)
                                  Conds:RS_209._col2=RS_223._col0(Inner),Output:["_col1","_col3"]
                                <-Map 11 [SIMPLE_EDGE] vectorized
                                  SHUFFLE [RS_223]
                                    PartitionCols:_col0
                                     Please refer to the previous Select Operator [SEL_222]
                                <-Map 4 [SIMPLE_EDGE] vectorized
                                  SHUFFLE [RS_209]
                                    PartitionCols:_col2
                                    Map Join Operator [MAPJOIN_208] (rows=14384447 width=4)
                                      Conds:SEL_207._col0=RS_203._col0(Inner),HybridGraceHashJoin:true,Output:["_col1","_col2","_col3"]
                                    <-Map 10 [BROADCAST_EDGE] vectorized
                                      BROADCAST [RS_203]
                                        PartitionCols:_col0
                                         Please refer to the previous Select Operator [SEL_202]
                                    <-Select Operator [SEL_207] (rows=525327191 width=118)
                                        Output:["_col0","_col1","_col2","_col3"]
                                        Filter Operator [FIL_206] (rows=525327191 width=118)
                                          predicate:(ss_addr_sk is not null and ss_sold_date_sk is not null)
                                          TableScan [TS_9] (rows=575995635 width=118)
                                            default@store_sales,store_sales,Tbl:COMPLETE,Col:COMPLETE,Output:["ss_sold_date_sk","ss_item_sk","ss_addr_sk","ss_ext_sales_price"]

