Warning: Map Join MAPJOIN[190][bigTable=?] in task 'Map 1' is a cross product
Warning: Map Join MAPJOIN[189][bigTable=?] in task 'Map 1' is a cross product
Warning: Map Join MAPJOIN[188][bigTable=?] in task 'Map 1' is a cross product
Warning: Map Join MAPJOIN[187][bigTable=?] in task 'Map 1' is a cross product
Warning: Map Join MAPJOIN[186][bigTable=?] in task 'Map 1' is a cross product
Warning: Map Join MAPJOIN[185][bigTable=?] in task 'Map 1' is a cross product
Warning: Map Join MAPJOIN[184][bigTable=?] in task 'Map 1' is a cross product
Warning: Map Join MAPJOIN[183][bigTable=?] in task 'Map 1' is a cross product
Warning: Map Join MAPJOIN[182][bigTable=?] in task 'Map 1' is a cross product
Warning: Map Join MAPJOIN[181][bigTable=?] in task 'Map 1' is a cross product
Warning: Map Join MAPJOIN[180][bigTable=?] in task 'Map 1' is a cross product
Warning: Map Join MAPJOIN[179][bigTable=?] in task 'Map 1' is a cross product
Warning: Map Join MAPJOIN[178][bigTable=?] in task 'Map 1' is a cross product
Warning: Map Join MAPJOIN[177][bigTable=?] in task 'Map 1' is a cross product
Warning: Map Join MAPJOIN[176][bigTable=?] in task 'Map 1' is a cross product
PREHOOK: query: explain
select case when (select count(*) 
                  from store_sales 
                  where ss_quantity between 1 and 20) > 409437
            then (select avg(ss_ext_list_price) 
                  from store_sales 
                  where ss_quantity between 1 and 20) 
            else (select avg(ss_net_paid_inc_tax)
                  from store_sales
                  where ss_quantity between 1 and 20) end bucket1 ,
       case when (select count(*)
                  from store_sales
                  where ss_quantity between 21 and 40) > 4595804
            then (select avg(ss_ext_list_price)
                  from store_sales
                  where ss_quantity between 21 and 40) 
            else (select avg(ss_net_paid_inc_tax)
                  from store_sales
                  where ss_quantity between 21 and 40) end bucket2,
       case when (select count(*)
                  from store_sales
                  where ss_quantity between 41 and 60) > 7887297
            then (select avg(ss_ext_list_price)
                  from store_sales
                  where ss_quantity between 41 and 60)
            else (select avg(ss_net_paid_inc_tax)
                  from store_sales
                  where ss_quantity between 41 and 60) end bucket3,
       case when (select count(*)
                  from store_sales
                  where ss_quantity between 61 and 80) > 10872978
            then (select avg(ss_ext_list_price)
                  from store_sales
                  where ss_quantity between 61 and 80)
            else (select avg(ss_net_paid_inc_tax)
                  from store_sales
                  where ss_quantity between 61 and 80) end bucket4,
       case when (select count(*)
                  from store_sales
                  where ss_quantity between 81 and 100) > 43571537
            then (select avg(ss_ext_list_price)
                  from store_sales
                  where ss_quantity between 81 and 100)
            else (select avg(ss_net_paid_inc_tax)
                  from store_sales
                  where ss_quantity between 81 and 100) end bucket5
from reason
where r_reason_sk = 1
PREHOOK: type: QUERY
PREHOOK: Input: default@reason
PREHOOK: Input: default@store_sales
PREHOOK: Output: hdfs://### HDFS PATH ###
POSTHOOK: query: explain
select case when (select count(*) 
                  from store_sales 
                  where ss_quantity between 1 and 20) > 409437
            then (select avg(ss_ext_list_price) 
                  from store_sales 
                  where ss_quantity between 1 and 20) 
            else (select avg(ss_net_paid_inc_tax)
                  from store_sales
                  where ss_quantity between 1 and 20) end bucket1 ,
       case when (select count(*)
                  from store_sales
                  where ss_quantity between 21 and 40) > 4595804
            then (select avg(ss_ext_list_price)
                  from store_sales
                  where ss_quantity between 21 and 40) 
            else (select avg(ss_net_paid_inc_tax)
                  from store_sales
                  where ss_quantity between 21 and 40) end bucket2,
       case when (select count(*)
                  from store_sales
                  where ss_quantity between 41 and 60) > 7887297
            then (select avg(ss_ext_list_price)
                  from store_sales
                  where ss_quantity between 41 and 60)
            else (select avg(ss_net_paid_inc_tax)
                  from store_sales
                  where ss_quantity between 41 and 60) end bucket3,
       case when (select count(*)
                  from store_sales
                  where ss_quantity between 61 and 80) > 10872978
            then (select avg(ss_ext_list_price)
                  from store_sales
                  where ss_quantity between 61 and 80)
            else (select avg(ss_net_paid_inc_tax)
                  from store_sales
                  where ss_quantity between 61 and 80) end bucket4,
       case when (select count(*)
                  from store_sales
                  where ss_quantity between 81 and 100) > 43571537
            then (select avg(ss_ext_list_price)
                  from store_sales
                  where ss_quantity between 81 and 100)
            else (select avg(ss_net_paid_inc_tax)
                  from store_sales
                  where ss_quantity between 81 and 100) end bucket5
from reason
where r_reason_sk = 1
POSTHOOK: type: QUERY
POSTHOOK: Input: default@reason
POSTHOOK: Input: default@store_sales
POSTHOOK: Output: hdfs://### HDFS PATH ###
Plan optimized by CBO.

Vertex dependency in root stage
Map 1 <- Reducer 10 (BROADCAST_EDGE), Reducer 11 (BROADCAST_EDGE), Reducer 12 (BROADCAST_EDGE), Reducer 13 (BROADCAST_EDGE), Reducer 15 (BROADCAST_EDGE), Reducer 16 (BROADCAST_EDGE), Reducer 17 (BROADCAST_EDGE), Reducer 18 (BROADCAST_EDGE), Reducer 19 (BROADCAST_EDGE), Reducer 3 (BROADCAST_EDGE), Reducer 4 (BROADCAST_EDGE), Reducer 5 (BROADCAST_EDGE), Reducer 6 (BROADCAST_EDGE), Reducer 7 (BROADCAST_EDGE), Reducer 9 (BROADCAST_EDGE)
Reducer 10 <- Map 8 (CUSTOM_SIMPLE_EDGE)
Reducer 11 <- Map 8 (CUSTOM_SIMPLE_EDGE)
Reducer 12 <- Map 8 (CUSTOM_SIMPLE_EDGE)
Reducer 13 <- Map 8 (CUSTOM_SIMPLE_EDGE)
Reducer 15 <- Map 14 (CUSTOM_SIMPLE_EDGE)
Reducer 16 <- Map 14 (CUSTOM_SIMPLE_EDGE)
Reducer 17 <- Map 14 (CUSTOM_SIMPLE_EDGE)
Reducer 18 <- Map 14 (CUSTOM_SIMPLE_EDGE)
Reducer 19 <- Map 14 (CUSTOM_SIMPLE_EDGE)
Reducer 3 <- Map 2 (CUSTOM_SIMPLE_EDGE)
Reducer 4 <- Map 2 (CUSTOM_SIMPLE_EDGE)
Reducer 5 <- Map 2 (CUSTOM_SIMPLE_EDGE)
Reducer 6 <- Map 2 (CUSTOM_SIMPLE_EDGE)
Reducer 7 <- Map 2 (CUSTOM_SIMPLE_EDGE)
Reducer 9 <- Map 8 (CUSTOM_SIMPLE_EDGE)

Stage-0
  Fetch Operator
    limit:-1
    Stage-1
      Map 1 vectorized
      File Output Operator [FS_334]
        Select Operator [SEL_333] (rows=2 width=560)
          Output:["_col0","_col1","_col2","_col3","_col4"]
          Map Join Operator [MAPJOIN_332] (rows=2 width=676)
            Conds:(Left Outer),Output:["_col0","_col1","_col2","_col3","_col4","_col5","_col6"]
          <-Reducer 19 [BROADCAST_EDGE] vectorized
            BROADCAST [RS_310]
              Select Operator [SEL_309] (rows=1 width=112)
                Output:["_col0"]
                Group By Operator [GBY_308] (rows=1 width=120)
                  Output:["_col0","_col1"],aggregations:["sum(VALUE._col0)","count(VALUE._col1)"]
                <-Map 14 [CUSTOM_SIMPLE_EDGE] vectorized
                  PARTITION_ONLY_SHUFFLE [RS_295]
                    Group By Operator [GBY_290] (rows=1 width=120)
                      Output:["_col0","_col1"],aggregations:["sum(ss_net_paid_inc_tax)","count(ss_net_paid_inc_tax)"]
                      Select Operator [SEL_285] (rows=182855757 width=110)
                        Output:["ss_net_paid_inc_tax"]
                        Filter Operator [FIL_280] (rows=182855757 width=110)
                          predicate:ss_quantity BETWEEN 81 AND 100
                          TableScan [TS_24] (rows=575995635 width=110)
                            default@store_sales,store_sales,Tbl:COMPLETE,Col:COMPLETE,Output:["ss_quantity","ss_net_paid_inc_tax"]
          <-Select Operator [SEL_331] (rows=2 width=564)
              Output:["_col0","_col1","_col2","_col3","_col4","_col5"]
              Map Join Operator [MAPJOIN_330] (rows=2 width=680)
                Conds:(Left Outer),Output:["_col0","_col1","_col2","_col3","_col4","_col5","_col6","_col7"]
              <-Reducer 13 [BROADCAST_EDGE] vectorized
                BROADCAST [RS_275]
                  Select Operator [SEL_274] (rows=1 width=112)
                    Output:["_col0"]
                    Group By Operator [GBY_273] (rows=1 width=120)
                      Output:["_col0","_col1"],aggregations:["sum(VALUE._col0)","count(VALUE._col1)"]
                    <-Map 8 [CUSTOM_SIMPLE_EDGE] vectorized
                      PARTITION_ONLY_SHUFFLE [RS_260]
                        Group By Operator [GBY_255] (rows=1 width=120)
                          Output:["_col0","_col1"],aggregations:["sum(ss_ext_list_price)","count(ss_ext_list_price)"]
                          Select Operator [SEL_250] (rows=182855757 width=110)
                            Output:["ss_ext_list_price"]
                            Filter Operator [FIL_245] (rows=182855757 width=110)
                              predicate:ss_quantity BETWEEN 81 AND 100
                              TableScan [TS_10] (rows=575995635 width=110)
                                default@store_sales,store_sales,Tbl:COMPLETE,Col:COMPLETE,Output:["ss_quantity","ss_ext_list_price"]
              <-Map Join Operator [MAPJOIN_329] (rows=2 width=568)
                  Conds:(Left Outer),Output:["_col0","_col1","_col2","_col3","_col4","_col5","_col6"]
                <-Reducer 7 [BROADCAST_EDGE] vectorized
                  BROADCAST [RS_240]
                    Select Operator [SEL_239] (rows=1 width=4)
                      Output:["_col0"]
                      Group By Operator [GBY_238] (rows=1 width=8)
                        Output:["_col0"],aggregations:["count(VALUE._col0)"]
                      <-Map 2 [CUSTOM_SIMPLE_EDGE] vectorized
                        PARTITION_ONLY_SHUFFLE [RS_225]
                          Group By Operator [GBY_220] (rows=1 width=8)
                            Output:["_col0"],aggregations:["count()"]
                            Select Operator [SEL_215] (rows=182855757 width=3)
                              Filter Operator [FIL_210] (rows=182855757 width=3)
                                predicate:ss_quantity BETWEEN 81 AND 100
                                TableScan [TS_3] (rows=575995635 width=3)
                                  default@store_sales,store_sales,Tbl:COMPLETE,Col:COMPLETE,Output:["ss_quantity"]
                <-Map Join Operator [MAPJOIN_328] (rows=2 width=564)
                    Conds:(Left Outer),Output:["_col0","_col1","_col2","_col3","_col4","_col5"]
                  <-Reducer 18 [BROADCAST_EDGE] vectorized
                    BROADCAST [RS_307]
                      Select Operator [SEL_306] (rows=1 width=112)
                        Output:["_col0"]
                        Group By Operator [GBY_305] (rows=1 width=120)
                          Output:["_col0","_col1"],aggregations:["sum(VALUE._col0)","count(VALUE._col1)"]
                        <-Map 14 [CUSTOM_SIMPLE_EDGE] vectorized
                          PARTITION_ONLY_SHUFFLE [RS_294]
                            Group By Operator [GBY_289] (rows=1 width=120)
                              Output:["_col0","_col1"],aggregations:["sum(ss_net_paid_inc_tax)","count(ss_net_paid_inc_tax)"]
                              Select Operator [SEL_284] (rows=182855757 width=110)
                                Output:["ss_net_paid_inc_tax"]
                                Filter Operator [FIL_279] (rows=182855757 width=110)
                                  predicate:ss_quantity BETWEEN 61 AND 80
                                   Please refer to the previous TableScan [TS_24]
                  <-Select Operator [SEL_327] (rows=2 width=452)
                      Output:["_col0","_col1","_col2","_col3","_col4"]
                      Map Join Operator [MAPJOIN_326] (rows=2 width=568)
                        Conds:(Left Outer),Output:["_col0","_col1","_col2","_col3","_col4","_col5","_col6"]
                      <-Reducer 12 [BROADCAST_EDGE] vectorized
                        BROADCAST [RS_272]
                          Select Operator [SEL_271] (rows=1 width=112)
                            Output:["_col0"]
                            Group By Operator [GBY_270] (rows=1 width=120)
                              Output:["_col0","_col1"],aggregations:["sum(VALUE._col0)","count(VALUE._col1)"]
                            <-Map 8 [CUSTOM_SIMPLE_EDGE] vectorized
                              PARTITION_ONLY_SHUFFLE [RS_259]
                                Group By Operator [GBY_254] (rows=1 width=120)
                                  Output:["_col0","_col1"],aggregations:["sum(ss_ext_list_price)","count(ss_ext_list_price)"]
                                  Select Operator [SEL_249] (rows=182855757 width=110)
                                    Output:["ss_ext_list_price"]
                                    Filter Operator [FIL_244] (rows=182855757 width=110)
                                      predicate:ss_quantity BETWEEN 61 AND 80
                                       Please refer to the previous TableScan [TS_10]
                      <-Map Join Operator [MAPJOIN_325] (rows=2 width=456)
                          Conds:(Left Outer),Output:["_col0","_col1","_col2","_col3","_col4","_col5"]
                        <-Reducer 6 [BROADCAST_EDGE] vectorized
                          BROADCAST [RS_237]
                            Select Operator [SEL_236] (rows=1 width=4)
                              Output:["_col0"]
                              Group By Operator [GBY_235] (rows=1 width=8)
                                Output:["_col0"],aggregations:["count(VALUE._col0)"]
                              <-Map 2 [CUSTOM_SIMPLE_EDGE] vectorized
                                PARTITION_ONLY_SHUFFLE [RS_224]
                                  Group By Operator [GBY_219] (rows=1 width=8)
                                    Output:["_col0"],aggregations:["count()"]
                                    Select Operator [SEL_214] (rows=182855757 width=3)
                                      Filter Operator [FIL_209] (rows=182855757 width=3)
                                        predicate:ss_quantity BETWEEN 61 AND 80
                                         Please refer to the previous TableScan [TS_3]
                        <-Map Join Operator [MAPJOIN_324] (rows=2 width=452)
                            Conds:(Left Outer),Output:["_col0","_col1","_col2","_col3","_col4"]
                          <-Reducer 17 [BROADCAST_EDGE] vectorized
                            BROADCAST [RS_304]
                              Select Operator [SEL_303] (rows=1 width=112)
                                Output:["_col0"]
                                Group By Operator [GBY_302] (rows=1 width=120)
                                  Output:["_col0","_col1"],aggregations:["sum(VALUE._col0)","count(VALUE._col1)"]
                                <-Map 14 [CUSTOM_SIMPLE_EDGE] vectorized
                                  PARTITION_ONLY_SHUFFLE [RS_293]
                                    Group By Operator [GBY_288] (rows=1 width=120)
                                      Output:["_col0","_col1"],aggregations:["sum(ss_net_paid_inc_tax)","count(ss_net_paid_inc_tax)"]
                                      Select Operator [SEL_283] (rows=182855757 width=110)
                                        Output:["ss_net_paid_inc_tax"]
                                        Filter Operator [FIL_278] (rows=182855757 width=110)
                                          predicate:ss_quantity BETWEEN 41 AND 60
                                           Please refer to the previous TableScan [TS_24]
                          <-Select Operator [SEL_323] (rows=2 width=340)
                              Output:["_col0","_col1","_col2","_col3"]
                              Map Join Operator [MAPJOIN_322] (rows=2 width=456)
                                Conds:(Left Outer),Output:["_col0","_col1","_col2","_col3","_col4","_col5"]
                              <-Reducer 11 [BROADCAST_EDGE] vectorized
                                BROADCAST [RS_269]
                                  Select Operator [SEL_268] (rows=1 width=112)
                                    Output:["_col0"]
                                    Group By Operator [GBY_267] (rows=1 width=120)
                                      Output:["_col0","_col1"],aggregations:["sum(VALUE._col0)","count(VALUE._col1)"]
                                    <-Map 8 [CUSTOM_SIMPLE_EDGE] vectorized
                                      PARTITION_ONLY_SHUFFLE [RS_258]
                                        Group By Operator [GBY_253] (rows=1 width=120)
                                          Output:["_col0","_col1"],aggregations:["sum(ss_ext_list_price)","count(ss_ext_list_price)"]
                                          Select Operator [SEL_248] (rows=182855757 width=110)
                                            Output:["ss_ext_list_price"]
                                            Filter Operator [FIL_243] (rows=182855757 width=110)
                                              predicate:ss_quantity BETWEEN 41 AND 60
                                               Please refer to the previous TableScan [TS_10]
                              <-Map Join Operator [MAPJOIN_321] (rows=2 width=344)
                                  Conds:(Left Outer),Output:["_col0","_col1","_col2","_col3","_col4"]
                                <-Reducer 5 [BROADCAST_EDGE] vectorized
                                  BROADCAST [RS_234]
                                    Select Operator [SEL_233] (rows=1 width=4)
                                      Output:["_col0"]
                                      Group By Operator [GBY_232] (rows=1 width=8)
                                        Output:["_col0"],aggregations:["count(VALUE._col0)"]
                                      <-Map 2 [CUSTOM_SIMPLE_EDGE] vectorized
                                        PARTITION_ONLY_SHUFFLE [RS_223]
                                          Group By Operator [GBY_218] (rows=1 width=8)
                                            Output:["_col0"],aggregations:["count()"]
                                            Select Operator [SEL_213] (rows=182855757 width=3)
                                              Filter Operator [FIL_208] (rows=182855757 width=3)
                                                predicate:ss_quantity BETWEEN 41 AND 60
                                                 Please refer to the previous TableScan [TS_3]
                                <-Map Join Operator [MAPJOIN_320] (rows=2 width=340)
                                    Conds:(Left Outer),Output:["_col0","_col1","_col2","_col3"]
                                  <-Reducer 16 [BROADCAST_EDGE] vectorized
                                    BROADCAST [RS_301]
                                      Select Operator [SEL_300] (rows=1 width=112)
                                        Output:["_col0"]
                                        Group By Operator [GBY_299] (rows=1 width=120)
                                          Output:["_col0","_col1"],aggregations:["sum(VALUE._col0)","count(VALUE._col1)"]
                                        <-Map 14 [CUSTOM_SIMPLE_EDGE] vectorized
                                          PARTITION_ONLY_SHUFFLE [RS_292]
                                            Group By Operator [GBY_287] (rows=1 width=120)
                                              Output:["_col0","_col1"],aggregations:["sum(ss_net_paid_inc_tax)","count(ss_net_paid_inc_tax)"]
                                              Select Operator [SEL_282] (rows=182855757 width=110)
                                                Output:["ss_net_paid_inc_tax"]
                                                Filter Operator [FIL_277] (rows=182855757 width=110)
                                                  predicate:ss_quantity BETWEEN 21 AND 40
                                                   Please refer to the previous TableScan [TS_24]
                                  <-Select Operator [SEL_319] (rows=2 width=228)
                                      Output:["_col0","_col1","_col2"]
                                      Map Join Operator [MAPJOIN_318] (rows=2 width=344)
                                        Conds:(Left Outer),Output:["_col0","_col1","_col2","_col3","_col4"]
                                      <-Reducer 10 [BROADCAST_EDGE] vectorized
                                        BROADCAST [RS_266]
                                          Select Operator [SEL_265] (rows=1 width=112)
                                            Output:["_col0"]
                                            Group By Operator [GBY_264] (rows=1 width=120)
                                              Output:["_col0","_col1"],aggregations:["sum(VALUE._col0)","count(VALUE._col1)"]
                                            <-Map 8 [CUSTOM_SIMPLE_EDGE] vectorized
                                              PARTITION_ONLY_SHUFFLE [RS_257]
                                                Group By Operator [GBY_252] (rows=1 width=120)
                                                  Output:["_col0","_col1"],aggregations:["sum(ss_ext_list_price)","count(ss_ext_list_price)"]
                                                  Select Operator [SEL_247] (rows=182855757 width=110)
                                                    Output:["ss_ext_list_price"]
                                                    Filter Operator [FIL_242] (rows=182855757 width=110)
                                                      predicate:ss_quantity BETWEEN 21 AND 40
                                                       Please refer to the previous TableScan [TS_10]
                                      <-Map Join Operator [MAPJOIN_317] (rows=2 width=232)
                                          Conds:(Left Outer),Output:["_col0","_col1","_col2","_col3"]
                                        <-Reducer 4 [BROADCAST_EDGE] vectorized
                                          BROADCAST [RS_231]
                                            Select Operator [SEL_230] (rows=1 width=4)
                                              Output:["_col0"]
                                              Group By Operator [GBY_229] (rows=1 width=8)
                                                Output:["_col0"],aggregations:["count(VALUE._col0)"]
                                              <-Map 2 [CUSTOM_SIMPLE_EDGE] vectorized
                                                PARTITION_ONLY_SHUFFLE [RS_222]
                                                  Group By Operator [GBY_217] (rows=1 width=8)
                                                    Output:["_col0"],aggregations:["count()"]
                                                    Select Operator [SEL_212] (rows=182855757 width=3)
                                                      Filter Operator [FIL_207] (rows=182855757 width=3)
                                                        predicate:ss_quantity BETWEEN 21 AND 40
                                                         Please refer to the previous TableScan [TS_3]
                                        <-Map Join Operator [MAPJOIN_316] (rows=2 width=228)
                                            Conds:(Left Outer),Output:["_col0","_col1","_col2"]
                                          <-Reducer 15 [BROADCAST_EDGE] vectorized
                                            BROADCAST [RS_298]
                                              Select Operator [SEL_297] (rows=1 width=112)
                                                Output:["_col0"]
                                                Group By Operator [GBY_296] (rows=1 width=120)
                                                  Output:["_col0","_col1"],aggregations:["sum(VALUE._col0)","count(VALUE._col1)"]
                                                <-Map 14 [CUSTOM_SIMPLE_EDGE] vectorized
                                                  PARTITION_ONLY_SHUFFLE [RS_291]
                                                    Group By Operator [GBY_286] (rows=1 width=120)
                                                      Output:["_col0","_col1"],aggregations:["sum(ss_net_paid_inc_tax)","count(ss_net_paid_inc_tax)"]
                                                      Select Operator [SEL_281] (rows=182855757 width=110)
                                                        Output:["ss_net_paid_inc_tax"]
                                                        Filter Operator [FIL_276] (rows=182855757 width=110)
                                                          predicate:ss_quantity BETWEEN 1 AND 20
                                                           Please refer to the previous TableScan [TS_24]
                                          <-Select Operator [SEL_315] (rows=2 width=116)
                                              Output:["_col0","_col1"]
                                              Map Join Operator [MAPJOIN_314] (rows=2 width=116)
                                                Conds:(Left Outer),Output:["_col1","_col2"]
                                              <-Reducer 9 [BROADCAST_EDGE] vectorized
                                                BROADCAST [RS_263]
                                                  Select Operator [SEL_262] (rows=1 width=112)
                                                    Output:["_col0"]
                                                    Group By Operator [GBY_261] (rows=1 width=120)
                                                      Output:["_col0","_col1"],aggregations:["sum(VALUE._col0)","count(VALUE._col1)"]
                                                    <-Map 8 [CUSTOM_SIMPLE_EDGE] vectorized
                                                      PARTITION_ONLY_SHUFFLE [RS_256]
                                                        Group By Operator [GBY_251] (rows=1 width=120)
                                                          Output:["_col0","_col1"],aggregations:["sum(ss_ext_list_price)","count(ss_ext_list_price)"]
                                                          Select Operator [SEL_246] (rows=182855757 width=110)
                                                            Output:["ss_ext_list_price"]
                                                            Filter Operator [FIL_241] (rows=182855757 width=110)
                                                              predicate:ss_quantity BETWEEN 1 AND 20
                                                               Please refer to the previous TableScan [TS_10]
                                              <-Map Join Operator [MAPJOIN_313] (rows=2 width=4)
                                                  Conds:(Left Outer),Output:["_col1"]
                                                <-Reducer 3 [BROADCAST_EDGE] vectorized
                                                  BROADCAST [RS_228]
                                                    Select Operator [SEL_227] (rows=1 width=4)
                                                      Output:["_col0"]
                                                      Group By Operator [GBY_226] (rows=1 width=8)
                                                        Output:["_col0"],aggregations:["count(VALUE._col0)"]
                                                      <-Map 2 [CUSTOM_SIMPLE_EDGE] vectorized
                                                        PARTITION_ONLY_SHUFFLE [RS_221]
                                                          Group By Operator [GBY_216] (rows=1 width=8)
                                                            Output:["_col0"],aggregations:["count()"]
                                                            Select Operator [SEL_211] (rows=182855757 width=3)
                                                              Filter Operator [FIL_206] (rows=182855757 width=3)
                                                                predicate:ss_quantity BETWEEN 1 AND 20
                                                                 Please refer to the previous TableScan [TS_3]
                                                <-Select Operator [SEL_312] (rows=2 width=4)
                                                    Filter Operator [FIL_311] (rows=2 width=4)
                                                      predicate:(r_reason_sk = 1)
                                                      TableScan [TS_0] (rows=72 width=4)
                                                        default@reason,reason,Tbl:COMPLETE,Col:COMPLETE,Output:["r_reason_sk"]

