Warning: Map Join MAPJOIN[94][bigTable=?] in task 'Reducer 2' is a cross product
PREHOOK: query: explain
select  cast(amc as decimal(15,4))/cast(pmc as decimal(15,4)) am_pm_ratio
 from ( select count(*) amc
       from web_sales, household_demographics , time_dim, web_page
       where ws_sold_time_sk = time_dim.t_time_sk
         and ws_ship_hdemo_sk = household_demographics.hd_demo_sk
         and ws_web_page_sk = web_page.wp_web_page_sk
         and time_dim.t_hour between 6 and 6+1
         and household_demographics.hd_dep_count = 8
         and web_page.wp_char_count between 5000 and 5200) at,
      ( select count(*) pmc
       from web_sales, household_demographics , time_dim, web_page
       where ws_sold_time_sk = time_dim.t_time_sk
         and ws_ship_hdemo_sk = household_demographics.hd_demo_sk
         and ws_web_page_sk = web_page.wp_web_page_sk
         and time_dim.t_hour between 14 and 14+1
         and household_demographics.hd_dep_count = 8
         and web_page.wp_char_count between 5000 and 5200) pt
 order by am_pm_ratio
 limit 100
PREHOOK: type: QUERY
PREHOOK: Input: default@household_demographics
PREHOOK: Input: default@time_dim
PREHOOK: Input: default@web_page
PREHOOK: Input: default@web_sales
PREHOOK: Output: hdfs://### HDFS PATH ###
POSTHOOK: query: explain
select  cast(amc as decimal(15,4))/cast(pmc as decimal(15,4)) am_pm_ratio
 from ( select count(*) amc
       from web_sales, household_demographics , time_dim, web_page
       where ws_sold_time_sk = time_dim.t_time_sk
         and ws_ship_hdemo_sk = household_demographics.hd_demo_sk
         and ws_web_page_sk = web_page.wp_web_page_sk
         and time_dim.t_hour between 6 and 6+1
         and household_demographics.hd_dep_count = 8
         and web_page.wp_char_count between 5000 and 5200) at,
      ( select count(*) pmc
       from web_sales, household_demographics , time_dim, web_page
       where ws_sold_time_sk = time_dim.t_time_sk
         and ws_ship_hdemo_sk = household_demographics.hd_demo_sk
         and ws_web_page_sk = web_page.wp_web_page_sk
         and time_dim.t_hour between 14 and 14+1
         and household_demographics.hd_dep_count = 8
         and web_page.wp_char_count between 5000 and 5200) pt
 order by am_pm_ratio
 limit 100
POSTHOOK: type: QUERY
POSTHOOK: Input: default@household_demographics
POSTHOOK: Input: default@time_dim
POSTHOOK: Input: default@web_page
POSTHOOK: Input: default@web_sales
POSTHOOK: Output: hdfs://### HDFS PATH ###
Plan optimized by CBO.

Vertex dependency in root stage
Map 1 <- Map 10 (BROADCAST_EDGE), Map 5 (BROADCAST_EDGE), Map 6 (BROADCAST_EDGE), Map 7 (BROADCAST_EDGE), Map 8 (BROADCAST_EDGE), Map 9 (BROADCAST_EDGE)
Reducer 2 <- Map 1 (CUSTOM_SIMPLE_EDGE), Reducer 4 (BROADCAST_EDGE)
Reducer 3 <- Reducer 2 (SIMPLE_EDGE)
Reducer 4 <- Map 1 (CUSTOM_SIMPLE_EDGE)

Stage-0
  Fetch Operator
    limit:100
    Stage-1
      Reducer 3 vectorized
      File Output Operator [FS_144]
        Limit [LIM_143] (rows=1 width=112)
          Number of rows:100
          Select Operator [SEL_142] (rows=1 width=112)
            Output:["_col0"]
          <-Reducer 2 [SIMPLE_EDGE] vectorized
            SHUFFLE [RS_141]
              Select Operator [SEL_140] (rows=1 width=112)
                Output:["_col0"]
                Map Join Operator [MAPJOIN_139] (rows=1 width=224)
                  Conds:(Inner),Output:["_col0","_col1"]
                <-Reducer 4 [BROADCAST_EDGE] vectorized
                  BROADCAST [RS_136]
                    Select Operator [SEL_135] (rows=1 width=112)
                      Output:["_col0"]
                      Group By Operator [GBY_134] (rows=1 width=8)
                        Output:["_col0"],aggregations:["count(VALUE._col0)"]
                      <-Map 1 [CUSTOM_SIMPLE_EDGE] vectorized
                        PARTITION_ONLY_SHUFFLE [RS_133]
                          Group By Operator [GBY_131] (rows=1 width=8)
                            Output:["_col0"],aggregations:["count()"]
                            Map Join Operator [MAPJOIN_129] (rows=153010 width=8)
                              Conds:SEL_127._col0=RS_119._col0(Inner),HybridGraceHashJoin:true
                            <-Map 10 [BROADCAST_EDGE] vectorized
                              BROADCAST [RS_119]
                                PartitionCols:_col0
                                Select Operator [SEL_118] (rows=511 width=4)
                                  Output:["_col0"]
                                  Filter Operator [FIL_117] (rows=511 width=7)
                                    predicate:wp_char_count BETWEEN 5000 AND 5200
                                    TableScan [TS_43] (rows=4602 width=7)
                                      default@web_page,web_page,Tbl:COMPLETE,Col:COMPLETE,Output:["wp_web_page_sk","wp_char_count"]
                            <-Select Operator [SEL_127] (rows=1377983 width=3)
                                Output:["_col0"]
                                Map Join Operator [MAPJOIN_125] (rows=1377983 width=3)
                                  Conds:MAPJOIN_123._col1=RS_116._col0(Inner),HybridGraceHashJoin:true,Output:["_col2"]
                                <-Map 9 [BROADCAST_EDGE] vectorized
                                  BROADCAST [RS_116]
                                    PartitionCols:_col0
                                    Select Operator [SEL_115] (rows=655 width=4)
                                      Output:["_col0"]
                                      Filter Operator [FIL_114] (rows=655 width=8)
                                        predicate:(hd_dep_count = 8)
                                        TableScan [TS_33] (rows=7200 width=8)
                                          default@household_demographics,household_demographics,Tbl:COMPLETE,Col:COMPLETE,Output:["hd_demo_sk","hd_dep_count"]
                                <-Map Join Operator [MAPJOIN_123] (rows=15147293 width=7)
                                    Conds:SEL_121._col0=RS_113._col0(Inner),HybridGraceHashJoin:true,Output:["_col1","_col2"]
                                  <-Map 8 [BROADCAST_EDGE] vectorized
                                    BROADCAST [RS_113]
                                      PartitionCols:_col0
                                      Select Operator [SEL_112] (rows=9095 width=4)
                                        Output:["_col0"]
                                        Filter Operator [FIL_111] (rows=9095 width=8)
                                          predicate:t_hour BETWEEN 14 AND 15
                                          TableScan [TS_30] (rows=86400 width=8)
                                            default@time_dim,time_dim,Tbl:COMPLETE,Col:COMPLETE,Output:["t_time_sk","t_hour"]
                                  <-Select Operator [SEL_121] (rows=143895111 width=11)
                                      Output:["_col0","_col1","_col2"]
                                      Filter Operator [FIL_120] (rows=143895111 width=11)
                                        predicate:(ws_ship_hdemo_sk is not null and ws_sold_time_sk is not null and ws_web_page_sk is not null)
                                        TableScan [TS_0] (rows=144002668 width=11)
                                          default@web_sales,web_sales,Tbl:COMPLETE,Col:COMPLETE,Output:["ws_sold_time_sk","ws_ship_hdemo_sk","ws_web_page_sk"]
                                        <-Map 5 [BROADCAST_EDGE] vectorized
                                          BROADCAST [RS_104]
                                            PartitionCols:_col0
                                            Select Operator [SEL_103] (rows=9095 width=4)
                                              Output:["_col0"]
                                              Filter Operator [FIL_102] (rows=9095 width=8)
                                                predicate:t_hour BETWEEN 6 AND 7
                                                TableScan [TS_3] (rows=86400 width=8)
                                                  default@time_dim,time_dim,Tbl:COMPLETE,Col:COMPLETE,Output:["t_time_sk","t_hour"]
                                        <-Map 6 [BROADCAST_EDGE] vectorized
                                          BROADCAST [RS_107]
                                            PartitionCols:_col0
                                            Select Operator [SEL_106] (rows=655 width=4)
                                              Output:["_col0"]
                                              Filter Operator [FIL_105] (rows=655 width=8)
                                                predicate:(hd_dep_count = 8)
                                                TableScan [TS_6] (rows=7200 width=8)
                                                  default@household_demographics,household_demographics,Tbl:COMPLETE,Col:COMPLETE,Output:["hd_demo_sk","hd_dep_count"]
                                        <-Map 7 [BROADCAST_EDGE] vectorized
                                          BROADCAST [RS_110]
                                            PartitionCols:_col0
                                            Select Operator [SEL_109] (rows=511 width=4)
                                              Output:["_col0"]
                                              Filter Operator [FIL_108] (rows=511 width=7)
                                                predicate:wp_char_count BETWEEN 5000 AND 5200
                                                TableScan [TS_16] (rows=4602 width=7)
                                                  default@web_page,web_page,Tbl:COMPLETE,Col:COMPLETE,Output:["wp_web_page_sk","wp_char_count"]
                <-Select Operator [SEL_138] (rows=1 width=112)
                    Output:["_col0"]
                    Group By Operator [GBY_137] (rows=1 width=8)
                      Output:["_col0"],aggregations:["count(VALUE._col0)"]
                    <-Map 1 [CUSTOM_SIMPLE_EDGE] vectorized
                      PARTITION_ONLY_SHUFFLE [RS_132]
                        Group By Operator [GBY_130] (rows=1 width=8)
                          Output:["_col0"],aggregations:["count()"]
                          Map Join Operator [MAPJOIN_128] (rows=153010 width=8)
                            Conds:SEL_126._col0=RS_110._col0(Inner),HybridGraceHashJoin:true
                          <- Please refer to the previous Map 7 [BROADCAST_EDGE]
                          <-Select Operator [SEL_126] (rows=1377983 width=3)
                              Output:["_col0"]
                              Map Join Operator [MAPJOIN_124] (rows=1377983 width=3)
                                Conds:MAPJOIN_122._col1=RS_107._col0(Inner),HybridGraceHashJoin:true,Output:["_col2"]
                              <- Please refer to the previous Map 6 [BROADCAST_EDGE]
                              <-Map Join Operator [MAPJOIN_122] (rows=15147293 width=7)
                                  Conds:SEL_121._col0=RS_104._col0(Inner),HybridGraceHashJoin:true,Output:["_col1","_col2"]
                                <- Please refer to the previous Map 5 [BROADCAST_EDGE]
                                   Please refer to the previous Select Operator [SEL_121]

