PREHOOK: query: explain
select count(*) 
from ((select distinct c_last_name, c_first_name, d_date
       from store_sales, date_dim, customer
       where store_sales.ss_sold_date_sk = date_dim.d_date_sk
         and store_sales.ss_customer_sk = customer.c_customer_sk
         and d_month_seq between 1212 and 1212+11)
       except
      (select distinct c_last_name, c_first_name, d_date
       from catalog_sales, date_dim, customer
       where catalog_sales.cs_sold_date_sk = date_dim.d_date_sk
         and catalog_sales.cs_bill_customer_sk = customer.c_customer_sk
         and d_month_seq between 1212 and 1212+11)
       except
      (select distinct c_last_name, c_first_name, d_date
       from web_sales, date_dim, customer
       where web_sales.ws_sold_date_sk = date_dim.d_date_sk
         and web_sales.ws_bill_customer_sk = customer.c_customer_sk
         and d_month_seq between 1212 and 1212+11)
) cool_cust
PREHOOK: type: QUERY
PREHOOK: Input: default@catalog_sales
PREHOOK: Input: default@customer
PREHOOK: Input: default@date_dim
PREHOOK: Input: default@store_sales
PREHOOK: Input: default@web_sales
PREHOOK: Output: hdfs://### HDFS PATH ###
POSTHOOK: query: explain
select count(*) 
from ((select distinct c_last_name, c_first_name, d_date
       from store_sales, date_dim, customer
       where store_sales.ss_sold_date_sk = date_dim.d_date_sk
         and store_sales.ss_customer_sk = customer.c_customer_sk
         and d_month_seq between 1212 and 1212+11)
       except
      (select distinct c_last_name, c_first_name, d_date
       from catalog_sales, date_dim, customer
       where catalog_sales.cs_sold_date_sk = date_dim.d_date_sk
         and catalog_sales.cs_bill_customer_sk = customer.c_customer_sk
         and d_month_seq between 1212 and 1212+11)
       except
      (select distinct c_last_name, c_first_name, d_date
       from web_sales, date_dim, customer
       where web_sales.ws_sold_date_sk = date_dim.d_date_sk
         and web_sales.ws_bill_customer_sk = customer.c_customer_sk
         and d_month_seq between 1212 and 1212+11)
) cool_cust
POSTHOOK: type: QUERY
POSTHOOK: Input: default@catalog_sales
POSTHOOK: Input: default@customer
POSTHOOK: Input: default@date_dim
POSTHOOK: Input: default@store_sales
POSTHOOK: Input: default@web_sales
POSTHOOK: Output: hdfs://### HDFS PATH ###
Plan optimized by CBO.

Vertex dependency in root stage
Map 1 <- Map 9 (BROADCAST_EDGE)
Map 15 <- Map 9 (BROADCAST_EDGE)
Map 16 <- Map 9 (BROADCAST_EDGE)
Reducer 11 <- Map 10 (SIMPLE_EDGE), Map 15 (SIMPLE_EDGE)
Reducer 12 <- Reducer 11 (SIMPLE_EDGE), Union 4 (CONTAINS)
Reducer 13 <- Map 10 (SIMPLE_EDGE), Map 16 (SIMPLE_EDGE)
Reducer 14 <- Reducer 13 (SIMPLE_EDGE), Union 6 (CONTAINS)
Reducer 2 <- Map 1 (SIMPLE_EDGE), Map 10 (SIMPLE_EDGE)
Reducer 3 <- Reducer 2 (SIMPLE_EDGE), Union 4 (CONTAINS)
Reducer 5 <- Union 4 (SIMPLE_EDGE), Union 6 (CONTAINS)
Reducer 7 <- Union 6 (SIMPLE_EDGE)
Reducer 8 <- Reducer 7 (CUSTOM_SIMPLE_EDGE)

Stage-0
  Fetch Operator
    limit:-1
    Stage-1
      Reducer 8 vectorized
      File Output Operator [FS_201]
        Group By Operator [GBY_200] (rows=1 width=8)
          Output:["_col0"],aggregations:["count(VALUE._col0)"]
        <-Reducer 7 [CUSTOM_SIMPLE_EDGE] vectorized
          PARTITION_ONLY_SHUFFLE [RS_199]
            Group By Operator [GBY_198] (rows=1 width=8)
              Output:["_col0"],aggregations:["count()"]
              Select Operator [SEL_197] (rows=8062883 width=16)
                Filter Operator [FIL_196] (rows=8062883 width=16)
                  predicate:(((_col3 * 2) = _col4) and (_col3 > 0L))
                  Select Operator [SEL_195] (rows=48377300 width=16)
                    Output:["_col3","_col4"]
                    Group By Operator [GBY_194] (rows=48377300 width=290)
                      Output:["_col0","_col1","_col2","_col3","_col4"],aggregations:["sum(VALUE._col0)","sum(VALUE._col1)"],keys:KEY._col0, KEY._col1, KEY._col2
                    <-Union 6 [SIMPLE_EDGE]
                      <-Reducer 14 [CONTAINS] vectorized
                        Reduce Output Operator [RS_223]
                          PartitionCols:_col0, _col1, _col2
                          Group By Operator [GBY_222] (rows=48377300 width=290)
                            Output:["_col0","_col1","_col2","_col3","_col4"],aggregations:["sum(_col3)","sum(_col4)"],keys:_col0, _col1, _col2
                            Select Operator [SEL_221] (rows=48377300 width=290)
                              Output:["_col0","_col1","_col2","_col3","_col4"]
                              Select Operator [SEL_220] (rows=24986582 width=290)
                                Output:["_col0","_col1","_col2","_col3","_col4"]
                                Group By Operator [GBY_219] (rows=24986582 width=282)
                                  Output:["_col0","_col1","_col2","_col3"],aggregations:["count()"],keys:_col1, _col0, _col2
                                  Select Operator [SEL_218] (rows=24986582 width=274)
                                    Output:["_col0","_col1","_col2"]
                                    Group By Operator [GBY_217] (rows=24986582 width=274)
                                      Output:["_col0","_col1","_col2"],keys:KEY._col0, KEY._col1, KEY._col2
                                    <-Reducer 13 [SIMPLE_EDGE]
                                      SHUFFLE [RS_77]
                                        PartitionCols:_col0, _col1, _col2
                                        Group By Operator [GBY_76] (rows=24986582 width=274)
                                          Output:["_col0","_col1","_col2"],keys:_col6, _col5, _col3
                                          Merge Join Operator [MERGEJOIN_129] (rows=24986582 width=274)
                                            Conds:RS_216._col1=RS_178._col0(Inner),Output:["_col3","_col5","_col6"]
                                          <-Map 10 [SIMPLE_EDGE] vectorized
                                            SHUFFLE [RS_178]
                                              PartitionCols:_col0
                                              Select Operator [SEL_175] (rows=80000000 width=184)
                                                Output:["_col0","_col1","_col2"]
                                                TableScan [TS_6] (rows=80000000 width=184)
                                                  default@customer,customer,Tbl:COMPLETE,Col:COMPLETE,Output:["c_customer_sk","c_first_name","c_last_name"]
                                          <-Map 16 [SIMPLE_EDGE] vectorized
                                            SHUFFLE [RS_216]
                                              PartitionCols:_col1
                                              Map Join Operator [MAPJOIN_215] (rows=24986582 width=97)
                                                Conds:SEL_214._col0=RS_170._col0(Inner),HybridGraceHashJoin:true,Output:["_col1","_col3"]
                                              <-Map 9 [BROADCAST_EDGE] vectorized
                                                BROADCAST [RS_170]
                                                  PartitionCols:_col0
                                                  Select Operator [SEL_167] (rows=317 width=98)
                                                    Output:["_col0","_col1"]
                                                    Filter Operator [FIL_166] (rows=317 width=102)
                                                      predicate:d_month_seq BETWEEN 1212 AND 1223
                                                      TableScan [TS_3] (rows=73049 width=102)
                                                        default@date_dim,date_dim,Tbl:COMPLETE,Col:COMPLETE,Output:["d_date_sk","d_date","d_month_seq"]
                                              <-Select Operator [SEL_214] (rows=143930993 width=7)
                                                  Output:["_col0","_col1"]
                                                  Filter Operator [FIL_213] (rows=143930993 width=7)
                                                    predicate:(ws_bill_customer_sk is not null and ws_sold_date_sk is not null)
                                                    TableScan [TS_61] (rows=144002668 width=7)
                                                      default@web_sales,web_sales,Tbl:COMPLETE,Col:COMPLETE,Output:["ws_sold_date_sk","ws_bill_customer_sk"]
                      <-Reducer 5 [CONTAINS] vectorized
                        Reduce Output Operator [RS_193]
                          PartitionCols:_col0, _col1, _col2
                          Group By Operator [GBY_192] (rows=48377300 width=290)
                            Output:["_col0","_col1","_col2","_col3","_col4"],aggregations:["sum(_col3)","sum(_col4)"],keys:_col0, _col1, _col2
                            Select Operator [SEL_191] (rows=48377300 width=290)
                              Output:["_col0","_col1","_col2","_col3","_col4"]
                              Select Operator [SEL_190] (rows=23390718 width=290)
                                Output:["_col0","_col1","_col2","_col3","_col4"]
                                Group By Operator [GBY_189] (rows=23390718 width=282)
                                  Output:["_col0","_col1","_col2","_col3"],aggregations:["count()"],keys:_col0, _col1, _col2
                                  Select Operator [SEL_188] (rows=23390718 width=290)
                                    Output:["_col0","_col1","_col2"]
                                    Filter Operator [FIL_187] (rows=23390718 width=290)
                                      predicate:(((_col3 * 2) = _col4) and (_col3 > 0L))
                                      Group By Operator [GBY_186] (rows=140344308 width=290)
                                        Output:["_col0","_col1","_col2","_col3","_col4"],aggregations:["sum(VALUE._col0)","sum(VALUE._col1)"],keys:KEY._col0, KEY._col1, KEY._col2
                                      <-Union 4 [SIMPLE_EDGE]
                                        <-Reducer 12 [CONTAINS] vectorized
                                          Reduce Output Operator [RS_212]
                                            PartitionCols:_col0, _col1, _col2
                                            Group By Operator [GBY_211] (rows=140344308 width=290)
                                              Output:["_col0","_col1","_col2","_col3","_col4"],aggregations:["sum(_col3)","sum(_col4)"],keys:_col0, _col1, _col2
                                              Select Operator [SEL_210] (rows=140344308 width=290)
                                                Output:["_col0","_col1","_col2","_col3","_col4"]
                                                Select Operator [SEL_209] (rows=49146883 width=290)
                                                  Output:["_col0","_col1","_col2","_col3","_col4"]
                                                  Group By Operator [GBY_208] (rows=49146883 width=282)
                                                    Output:["_col0","_col1","_col2","_col3"],aggregations:["count()"],keys:_col1, _col0, _col2
                                                    Select Operator [SEL_207] (rows=49146883 width=274)
                                                      Output:["_col0","_col1","_col2"]
                                                      Group By Operator [GBY_206] (rows=49146883 width=274)
                                                        Output:["_col0","_col1","_col2"],keys:KEY._col0, KEY._col1, KEY._col2
                                                      <-Reducer 11 [SIMPLE_EDGE]
                                                        SHUFFLE [RS_40]
                                                          PartitionCols:_col0, _col1, _col2
                                                          Group By Operator [GBY_39] (rows=49146883 width=274)
                                                            Output:["_col0","_col1","_col2"],keys:_col6, _col5, _col3
                                                            Merge Join Operator [MERGEJOIN_127] (rows=49146883 width=274)
                                                              Conds:RS_205._col1=RS_177._col0(Inner),Output:["_col3","_col5","_col6"]
                                                            <-Map 10 [SIMPLE_EDGE] vectorized
                                                              SHUFFLE [RS_177]
                                                                PartitionCols:_col0
                                                                 Please refer to the previous Select Operator [SEL_175]
                                                            <-Map 15 [SIMPLE_EDGE] vectorized
                                                              SHUFFLE [RS_205]
                                                                PartitionCols:_col1
                                                                Map Join Operator [MAPJOIN_204] (rows=49146883 width=97)
                                                                  Conds:SEL_203._col0=RS_169._col0(Inner),HybridGraceHashJoin:true,Output:["_col1","_col3"]
                                                                <-Map 9 [BROADCAST_EDGE] vectorized
                                                                  BROADCAST [RS_169]
                                                                    PartitionCols:_col0
                                                                     Please refer to the previous Select Operator [SEL_167]
                                                                <-Select Operator [SEL_203] (rows=285117831 width=7)
                                                                    Output:["_col0","_col1"]
                                                                    Filter Operator [FIL_202] (rows=285117831 width=7)
                                                                      predicate:(cs_bill_customer_sk is not null and cs_sold_date_sk is not null)
                                                                      TableScan [TS_24] (rows=287989836 width=7)
                                                                        default@catalog_sales,catalog_sales,Tbl:COMPLETE,Col:COMPLETE,Output:["cs_sold_date_sk","cs_bill_customer_sk"]
                                        <-Reducer 3 [CONTAINS] vectorized
                                          Reduce Output Operator [RS_185]
                                            PartitionCols:_col0, _col1, _col2
                                            Group By Operator [GBY_184] (rows=140344308 width=290)
                                              Output:["_col0","_col1","_col2","_col3","_col4"],aggregations:["sum(_col3)","sum(_col4)"],keys:_col0, _col1, _col2
                                              Select Operator [SEL_183] (rows=140344308 width=290)
                                                Output:["_col0","_col1","_col2","_col3","_col4"]
                                                Select Operator [SEL_182] (rows=91197425 width=290)
                                                  Output:["_col0","_col1","_col2","_col3","_col4"]
                                                  Group By Operator [GBY_181] (rows=91197425 width=282)
                                                    Output:["_col0","_col1","_col2","_col3"],aggregations:["count()"],keys:_col1, _col0, _col2
                                                    Select Operator [SEL_180] (rows=91197425 width=274)
                                                      Output:["_col0","_col1","_col2"]
                                                      Group By Operator [GBY_179] (rows=91197425 width=274)
                                                        Output:["_col0","_col1","_col2"],keys:KEY._col0, KEY._col1, KEY._col2
                                                      <-Reducer 2 [SIMPLE_EDGE]
                                                        SHUFFLE [RS_16]
                                                          PartitionCols:_col0, _col1, _col2
                                                          Group By Operator [GBY_15] (rows=91197425 width=274)
                                                            Output:["_col0","_col1","_col2"],keys:_col6, _col5, _col3
                                                            Merge Join Operator [MERGEJOIN_125] (rows=91197425 width=274)
                                                              Conds:RS_174._col1=RS_176._col0(Inner),Output:["_col3","_col5","_col6"]
                                                            <-Map 10 [SIMPLE_EDGE] vectorized
                                                              SHUFFLE [RS_176]
                                                                PartitionCols:_col0
                                                                 Please refer to the previous Select Operator [SEL_175]
                                                            <-Map 1 [SIMPLE_EDGE] vectorized
                                                              SHUFFLE [RS_174]
                                                                PartitionCols:_col1
                                                                Map Join Operator [MAPJOIN_173] (rows=91197425 width=96)
                                                                  Conds:SEL_172._col0=RS_168._col0(Inner),HybridGraceHashJoin:true,Output:["_col1","_col3"]
                                                                <-Map 9 [BROADCAST_EDGE] vectorized
                                                                  BROADCAST [RS_168]
                                                                    PartitionCols:_col0
                                                                     Please refer to the previous Select Operator [SEL_167]
                                                                <-Select Operator [SEL_172] (rows=525327388 width=7)
                                                                    Output:["_col0","_col1"]
                                                                    Filter Operator [FIL_171] (rows=525327388 width=7)
                                                                      predicate:(ss_customer_sk is not null and ss_sold_date_sk is not null)
                                                                      TableScan [TS_0] (rows=575995635 width=7)
                                                                        default@store_sales,store_sales,Tbl:COMPLETE,Col:COMPLETE,Output:["ss_sold_date_sk","ss_customer_sk"]

