PREHOOK: query: explain
select  
   substr(w_warehouse_name,1,20)
  ,sm_type
  ,cc_name
  ,sum(case when (cs_ship_date_sk - cs_sold_date_sk <= 30 ) then 1 else 0 end)  as `30 days` 
  ,sum(case when (cs_ship_date_sk - cs_sold_date_sk > 30) and 
                 (cs_ship_date_sk - cs_sold_date_sk <= 60) then 1 else 0 end )  as `31-60 days` 
  ,sum(case when (cs_ship_date_sk - cs_sold_date_sk > 60) and 
                 (cs_ship_date_sk - cs_sold_date_sk <= 90) then 1 else 0 end)  as `61-90 days` 
  ,sum(case when (cs_ship_date_sk - cs_sold_date_sk > 90) and
                 (cs_ship_date_sk - cs_sold_date_sk <= 120) then 1 else 0 end)  as `91-120 days` 
  ,sum(case when (cs_ship_date_sk - cs_sold_date_sk  > 120) then 1 else 0 end)  as `>120 days` 
from
   catalog_sales
  ,warehouse
  ,ship_mode
  ,call_center
  ,date_dim
where
    d_month_seq between 1212 and 1212 + 11
and cs_ship_date_sk   = d_date_sk
and cs_warehouse_sk   = w_warehouse_sk
and cs_ship_mode_sk   = sm_ship_mode_sk
and cs_call_center_sk = cc_call_center_sk
group by
   substr(w_warehouse_name,1,20)
  ,sm_type
  ,cc_name
order by substr(w_warehouse_name,1,20)
        ,sm_type
        ,cc_name
limit 100
PREHOOK: type: QUERY
PREHOOK: Input: default@call_center
PREHOOK: Input: default@catalog_sales
PREHOOK: Input: default@date_dim
PREHOOK: Input: default@ship_mode
PREHOOK: Input: default@warehouse
PREHOOK: Output: hdfs://### HDFS PATH ###
POSTHOOK: query: explain
select  
   substr(w_warehouse_name,1,20)
  ,sm_type
  ,cc_name
  ,sum(case when (cs_ship_date_sk - cs_sold_date_sk <= 30 ) then 1 else 0 end)  as `30 days` 
  ,sum(case when (cs_ship_date_sk - cs_sold_date_sk > 30) and 
                 (cs_ship_date_sk - cs_sold_date_sk <= 60) then 1 else 0 end )  as `31-60 days` 
  ,sum(case when (cs_ship_date_sk - cs_sold_date_sk > 60) and 
                 (cs_ship_date_sk - cs_sold_date_sk <= 90) then 1 else 0 end)  as `61-90 days` 
  ,sum(case when (cs_ship_date_sk - cs_sold_date_sk > 90) and
                 (cs_ship_date_sk - cs_sold_date_sk <= 120) then 1 else 0 end)  as `91-120 days` 
  ,sum(case when (cs_ship_date_sk - cs_sold_date_sk  > 120) then 1 else 0 end)  as `>120 days` 
from
   catalog_sales
  ,warehouse
  ,ship_mode
  ,call_center
  ,date_dim
where
    d_month_seq between 1212 and 1212 + 11
and cs_ship_date_sk   = d_date_sk
and cs_warehouse_sk   = w_warehouse_sk
and cs_ship_mode_sk   = sm_ship_mode_sk
and cs_call_center_sk = cc_call_center_sk
group by
   substr(w_warehouse_name,1,20)
  ,sm_type
  ,cc_name
order by substr(w_warehouse_name,1,20)
        ,sm_type
        ,cc_name
limit 100
POSTHOOK: type: QUERY
POSTHOOK: Input: default@call_center
POSTHOOK: Input: default@catalog_sales
POSTHOOK: Input: default@date_dim
POSTHOOK: Input: default@ship_mode
POSTHOOK: Input: default@warehouse
POSTHOOK: Output: hdfs://### HDFS PATH ###
Plan optimized by CBO.

Vertex dependency in root stage
Map 1 <- Map 4 (BROADCAST_EDGE), Map 5 (BROADCAST_EDGE), Map 6 (BROADCAST_EDGE), Map 7 (BROADCAST_EDGE)
Reducer 2 <- Map 1 (SIMPLE_EDGE)
Reducer 3 <- Reducer 2 (SIMPLE_EDGE)

Stage-0
  Fetch Operator
    limit:-1
    Stage-1
      Reducer 3 vectorized
      File Output Operator [FS_85]
        Limit [LIM_84] (rows=100 width=590)
          Number of rows:100
          Select Operator [SEL_83] (rows=644925 width=590)
            Output:["_col0","_col1","_col2","_col3","_col4","_col5","_col6","_col7"]
          <-Reducer 2 [SIMPLE_EDGE] vectorized
            SHUFFLE [RS_82]
              Select Operator [SEL_81] (rows=644925 width=590)
                Output:["_col1","_col2","_col3","_col4","_col5","_col6","_col7","_col8"]
                Group By Operator [GBY_80] (rows=644925 width=406)
                  Output:["_col0","_col1","_col2","_col3","_col4","_col5","_col6","_col7"],aggregations:["sum(VALUE._col0)","sum(VALUE._col1)","sum(VALUE._col2)","sum(VALUE._col3)","sum(VALUE._col4)"],keys:KEY._col0, KEY._col1, KEY._col2
                <-Map 1 [SIMPLE_EDGE] vectorized
                  SHUFFLE [RS_79]
                    PartitionCols:_col0, _col1, _col2
                    Group By Operator [GBY_78] (rows=1289851 width=406)
                      Output:["_col0","_col1","_col2","_col3","_col4","_col5","_col6","_col7"],aggregations:["sum(_col4)","sum(_col5)","sum(_col6)","sum(_col7)","sum(_col8)"],keys:_col3, _col2, _col11
                      Map Join Operator [MAPJOIN_77] (rows=2579702 width=386)
                        Conds:MAPJOIN_76._col1=RS_70._col0(Inner),HybridGraceHashJoin:true,Output:["_col2","_col3","_col4","_col5","_col6","_col7","_col8","_col11"]
                      <-Map 7 [BROADCAST_EDGE] vectorized
                        BROADCAST [RS_70]
                          PartitionCols:_col0
                          Select Operator [SEL_69] (rows=60 width=102)
                            Output:["_col0","_col1"]
                            TableScan [TS_17] (rows=60 width=102)
                              default@call_center,call_center,Tbl:COMPLETE,Col:COMPLETE,Output:["cc_call_center_sk","cc_name"]
                      <-Map Join Operator [MAPJOIN_76] (rows=2579702 width=289)
                          Conds:SEL_75._col0=RS_68._col0(Inner),HybridGraceHashJoin:true,Output:["_col1","_col2","_col3","_col4","_col5","_col6","_col7","_col8"]
                        <-Map 6 [BROADCAST_EDGE] vectorized
                          BROADCAST [RS_68]
                            PartitionCols:_col0
                            Select Operator [SEL_67] (rows=317 width=4)
                              Output:["_col0"]
                              Filter Operator [FIL_66] (rows=317 width=8)
                                predicate:d_month_seq BETWEEN 1212 AND 1223
                                TableScan [TS_14] (rows=73049 width=8)
                                  default@date_dim,date_dim,Tbl:COMPLETE,Col:COMPLETE,Output:["d_date_sk","d_month_seq"]
                        <-Select Operator [SEL_75] (rows=15681873 width=295)
                            Output:["_col0","_col1","_col2","_col3","_col4","_col5","_col6","_col7","_col8"]
                            Map Join Operator [MAPJOIN_74] (rows=15681873 width=295)
                              Conds:MAPJOIN_73._col3=RS_65._col0(Inner),HybridGraceHashJoin:true,Output:["_col0","_col1","_col4","_col5","_col6","_col7","_col8","_col10","_col12"]
                            <-Map 5 [BROADCAST_EDGE] vectorized
                              BROADCAST [RS_65]
                                PartitionCols:_col0
                                Select Operator [SEL_64] (rows=27 width=188)
                                  Output:["_col0","_col1"]
                                  TableScan [TS_5] (rows=27 width=104)
                                    default@warehouse,warehouse,Tbl:COMPLETE,Col:COMPLETE,Output:["w_warehouse_sk","w_warehouse_name"]
                            <-Map Join Operator [MAPJOIN_73] (rows=15681873 width=114)
                                Conds:SEL_72._col2=RS_63._col0(Inner),HybridGraceHashJoin:true,Output:["_col0","_col1","_col3","_col4","_col5","_col6","_col7","_col8","_col10"]
                              <-Map 4 [BROADCAST_EDGE] vectorized
                                BROADCAST [RS_63]
                                  PartitionCols:_col0
                                  Select Operator [SEL_62] (rows=1 width=88)
                                    Output:["_col0","_col1"]
                                    TableScan [TS_3] (rows=1 width=88)
                                      default@ship_mode,ship_mode,Tbl:COMPLETE,Col:COMPLETE,Output:["sm_ship_mode_sk","sm_type"]
                              <-Select Operator [SEL_72] (rows=282273729 width=35)
                                  Output:["_col0","_col1","_col2","_col3","_col4","_col5","_col6","_col7","_col8"]
                                  Filter Operator [FIL_71] (rows=282273729 width=19)
                                    predicate:(cs_call_center_sk is not null and cs_ship_date_sk is not null and cs_ship_mode_sk is not null and cs_warehouse_sk is not null)
                                    TableScan [TS_0] (rows=287989836 width=19)
                                      default@catalog_sales,catalog_sales,Tbl:COMPLETE,Col:COMPLETE,Output:["cs_sold_date_sk","cs_ship_date_sk","cs_call_center_sk","cs_ship_mode_sk","cs_warehouse_sk"]

