PREHOOK: query: explain
select  count(*) 
from store_sales
    ,household_demographics 
    ,time_dim, store
where ss_sold_time_sk = time_dim.t_time_sk   
    and ss_hdemo_sk = household_demographics.hd_demo_sk 
    and ss_store_sk = s_store_sk
    and time_dim.t_hour = 8
    and time_dim.t_minute >= 30
    and household_demographics.hd_dep_count = 5
    and store.s_store_name = 'ese'
order by count(*)
limit 100
PREHOOK: type: QUERY
PREHOOK: Input: default@household_demographics
PREHOOK: Input: default@store
PREHOOK: Input: default@store_sales
PREHOOK: Input: default@time_dim
PREHOOK: Output: hdfs://### HDFS PATH ###
POSTHOOK: query: explain
select  count(*) 
from store_sales
    ,household_demographics 
    ,time_dim, store
where ss_sold_time_sk = time_dim.t_time_sk   
    and ss_hdemo_sk = household_demographics.hd_demo_sk 
    and ss_store_sk = s_store_sk
    and time_dim.t_hour = 8
    and time_dim.t_minute >= 30
    and household_demographics.hd_dep_count = 5
    and store.s_store_name = 'ese'
order by count(*)
limit 100
POSTHOOK: type: QUERY
POSTHOOK: Input: default@household_demographics
POSTHOOK: Input: default@store
POSTHOOK: Input: default@store_sales
POSTHOOK: Input: default@time_dim
POSTHOOK: Output: hdfs://### HDFS PATH ###
Plan optimized by CBO.

Vertex dependency in root stage
Map 1 <- Map 4 (BROADCAST_EDGE), Map 5 (BROADCAST_EDGE), Map 6 (BROADCAST_EDGE)
Reducer 2 <- Map 1 (CUSTOM_SIMPLE_EDGE)
Reducer 3 <- Reducer 2 (SIMPLE_EDGE)

Stage-0
  Fetch Operator
    limit:-1
    Stage-1
      Reducer 3 vectorized
      File Output Operator [FS_73]
        Limit [LIM_72] (rows=1 width=16)
          Number of rows:100
          Select Operator [SEL_71] (rows=1 width=16)
            Output:["_col0"]
          <-Reducer 2 [SIMPLE_EDGE] vectorized
            SHUFFLE [RS_70]
              Select Operator [SEL_69] (rows=1 width=16)
                Output:["_col1"]
                Group By Operator [GBY_68] (rows=1 width=8)
                  Output:["_col0"],aggregations:["count(VALUE._col0)"]
                <-Map 1 [CUSTOM_SIMPLE_EDGE] vectorized
                  PARTITION_ONLY_SHUFFLE [RS_67]
                    Group By Operator [GBY_66] (rows=1 width=8)
                      Output:["_col0"],aggregations:["count()"]
                      Map Join Operator [MAPJOIN_65] (rows=1084713 width=8)
                        Conds:SEL_64._col0=RS_59._col0(Inner),HybridGraceHashJoin:true
                      <-Map 6 [BROADCAST_EDGE] vectorized
                        BROADCAST [RS_59]
                          PartitionCols:_col0
                          Select Operator [SEL_58] (rows=155 width=4)
                            Output:["_col0"]
                            Filter Operator [FIL_57] (rows=155 width=92)
                              predicate:(s_store_name = 'ese')
                              TableScan [TS_16] (rows=1704 width=92)
                                default@store,store,Tbl:COMPLETE,Col:COMPLETE,Output:["s_store_sk","s_store_name"]
                      <-Select Operator [SEL_64] (rows=1477476 width=0)
                          Output:["_col0"]
                          Map Join Operator [MAPJOIN_63] (rows=1477476 width=0)
                            Conds:MAPJOIN_62._col1=RS_56._col0(Inner),HybridGraceHashJoin:true,Output:["_col2"]
                          <-Map 5 [BROADCAST_EDGE] vectorized
                            BROADCAST [RS_56]
                              PartitionCols:_col0
                              Select Operator [SEL_55] (rows=655 width=4)
                                Output:["_col0"]
                                Filter Operator [FIL_54] (rows=655 width=8)
                                  predicate:(hd_dep_count = 5)
                                  TableScan [TS_6] (rows=7200 width=8)
                                    default@household_demographics,household_demographics,Tbl:COMPLETE,Col:COMPLETE,Output:["hd_demo_sk","hd_dep_count"]
                          <-Map Join Operator [MAPJOIN_62] (rows=16240953 width=0)
                              Conds:SEL_61._col0=RS_53._col0(Inner),HybridGraceHashJoin:true,Output:["_col1","_col2"]
                            <-Map 4 [BROADCAST_EDGE] vectorized
                              BROADCAST [RS_53]
                                PartitionCols:_col0
                                Select Operator [SEL_52] (rows=1515 width=4)
                                  Output:["_col0"]
                                  Filter Operator [FIL_51] (rows=1515 width=12)
                                    predicate:((t_hour = 8) and (t_minute >= 30))
                                    TableScan [TS_3] (rows=86400 width=12)
                                      default@time_dim,time_dim,Tbl:COMPLETE,Col:COMPLETE,Output:["t_time_sk","t_hour","t_minute"]
                            <-Select Operator [SEL_61] (rows=501695814 width=11)
                                Output:["_col0","_col1","_col2"]
                                Filter Operator [FIL_60] (rows=501695814 width=11)
                                  predicate:(ss_hdemo_sk is not null and ss_sold_time_sk is not null and ss_store_sk is not null)
                                  TableScan [TS_0] (rows=575995635 width=11)
                                    default@store_sales,store_sales,Tbl:COMPLETE,Col:COMPLETE,Output:["ss_sold_time_sk","ss_hdemo_sk","ss_store_sk"]

