PREHOOK: query: explain
select   
  ca_state,
  cd_gender,
  cd_marital_status,
  count(*) cnt1,
  avg(cd_dep_count),
  max(cd_dep_count),
  sum(cd_dep_count),
  cd_dep_employed_count,
  count(*) cnt2,
  avg(cd_dep_employed_count),
  max(cd_dep_employed_count),
  sum(cd_dep_employed_count),
  cd_dep_college_count,
  count(*) cnt3,
  avg(cd_dep_college_count),
  max(cd_dep_college_count),
  sum(cd_dep_college_count)
 from
  customer c,customer_address ca,customer_demographics
 where
  c.c_current_addr_sk = ca.ca_address_sk and
  cd_demo_sk = c.c_current_cdemo_sk and 
  exists (select *
          from store_sales,date_dim
          where c.c_customer_sk = ss_customer_sk and
                ss_sold_date_sk = d_date_sk and
                d_year = 1999 and
                d_qoy < 4) and
   (exists (select *
            from web_sales,date_dim
            where c.c_customer_sk = ws_bill_customer_sk and
                  ws_sold_date_sk = d_date_sk and
                  d_year = 1999 and
                  d_qoy < 4) or 
    exists (select * 
            from catalog_sales,date_dim
            where c.c_customer_sk = cs_ship_customer_sk and
                  cs_sold_date_sk = d_date_sk and
                  d_year = 1999 and
                  d_qoy < 4))
 group by ca_state,
          cd_gender,
          cd_marital_status,
          cd_dep_count,
          cd_dep_employed_count,
          cd_dep_college_count
 order by ca_state,
          cd_gender,
          cd_marital_status,
          cd_dep_count,
          cd_dep_employed_count,
          cd_dep_college_count
 limit 100
PREHOOK: type: QUERY
PREHOOK: Input: default@catalog_sales
PREHOOK: Input: default@customer
PREHOOK: Input: default@customer_address
PREHOOK: Input: default@customer_demographics
PREHOOK: Input: default@date_dim
PREHOOK: Input: default@store_sales
PREHOOK: Input: default@web_sales
PREHOOK: Output: hdfs://### HDFS PATH ###
POSTHOOK: query: explain
select   
  ca_state,
  cd_gender,
  cd_marital_status,
  count(*) cnt1,
  avg(cd_dep_count),
  max(cd_dep_count),
  sum(cd_dep_count),
  cd_dep_employed_count,
  count(*) cnt2,
  avg(cd_dep_employed_count),
  max(cd_dep_employed_count),
  sum(cd_dep_employed_count),
  cd_dep_college_count,
  count(*) cnt3,
  avg(cd_dep_college_count),
  max(cd_dep_college_count),
  sum(cd_dep_college_count)
 from
  customer c,customer_address ca,customer_demographics
 where
  c.c_current_addr_sk = ca.ca_address_sk and
  cd_demo_sk = c.c_current_cdemo_sk and 
  exists (select *
          from store_sales,date_dim
          where c.c_customer_sk = ss_customer_sk and
                ss_sold_date_sk = d_date_sk and
                d_year = 1999 and
                d_qoy < 4) and
   (exists (select *
            from web_sales,date_dim
            where c.c_customer_sk = ws_bill_customer_sk and
                  ws_sold_date_sk = d_date_sk and
                  d_year = 1999 and
                  d_qoy < 4) or 
    exists (select * 
            from catalog_sales,date_dim
            where c.c_customer_sk = cs_ship_customer_sk and
                  cs_sold_date_sk = d_date_sk and
                  d_year = 1999 and
                  d_qoy < 4))
 group by ca_state,
          cd_gender,
          cd_marital_status,
          cd_dep_count,
          cd_dep_employed_count,
          cd_dep_college_count
 order by ca_state,
          cd_gender,
          cd_marital_status,
          cd_dep_count,
          cd_dep_employed_count,
          cd_dep_college_count
 limit 100
POSTHOOK: type: QUERY
POSTHOOK: Input: default@catalog_sales
POSTHOOK: Input: default@customer
POSTHOOK: Input: default@customer_address
POSTHOOK: Input: default@customer_demographics
POSTHOOK: Input: default@date_dim
POSTHOOK: Input: default@store_sales
POSTHOOK: Input: default@web_sales
POSTHOOK: Output: hdfs://### HDFS PATH ###
Plan optimized by CBO.

Vertex dependency in root stage
Reducer 12 <- Map 11 (SIMPLE_EDGE), Map 13 (SIMPLE_EDGE)
Reducer 14 <- Map 13 (SIMPLE_EDGE), Map 18 (SIMPLE_EDGE)
Reducer 15 <- Reducer 14 (SIMPLE_EDGE)
Reducer 16 <- Map 13 (SIMPLE_EDGE), Map 19 (SIMPLE_EDGE)
Reducer 17 <- Reducer 16 (SIMPLE_EDGE)
Reducer 2 <- Map 1 (SIMPLE_EDGE), Map 9 (SIMPLE_EDGE)
Reducer 3 <- Map 10 (SIMPLE_EDGE), Reducer 2 (SIMPLE_EDGE)
Reducer 4 <- Reducer 12 (SIMPLE_EDGE), Reducer 3 (SIMPLE_EDGE)
Reducer 5 <- Reducer 15 (SIMPLE_EDGE), Reducer 4 (SIMPLE_EDGE)
Reducer 6 <- Reducer 17 (SIMPLE_EDGE), Reducer 5 (SIMPLE_EDGE)
Reducer 7 <- Reducer 6 (SIMPLE_EDGE)
Reducer 8 <- Reducer 7 (SIMPLE_EDGE)

Stage-0
  Fetch Operator
    limit:-1
    Stage-1
      Reducer 8 vectorized
      File Output Operator [FS_142]
        Limit [LIM_141] (rows=1 width=352)
          Number of rows:100
          Select Operator [SEL_140] (rows=1 width=352)
            Output:["_col0","_col1","_col2","_col3","_col4","_col5","_col6","_col7","_col8","_col9","_col10","_col11","_col12","_col13","_col14","_col15","_col16"]
          <-Reducer 7 [SIMPLE_EDGE] vectorized
            SHUFFLE [RS_139]
              Select Operator [SEL_138] (rows=1 width=352)
                Output:["_col0","_col1","_col2","_col3","_col4","_col5","_col6","_col7","_col9","_col10","_col11","_col12","_col14","_col15","_col16","_col17"]
                Group By Operator [GBY_137] (rows=1 width=336)
                  Output:["_col0","_col1","_col2","_col3","_col4","_col5","_col6","_col7","_col8","_col9","_col10","_col11","_col12","_col13","_col14","_col15"],aggregations:["count(VALUE._col0)","sum(VALUE._col1)","count(VALUE._col2)","max(VALUE._col3)","sum(VALUE._col4)","count(VALUE._col5)","max(VALUE._col6)","sum(VALUE._col7)","count(VALUE._col8)","max(VALUE._col9)"],keys:KEY._col0, KEY._col1, KEY._col2, KEY._col3, KEY._col4, KEY._col5
                <-Reducer 6 [SIMPLE_EDGE]
                  SHUFFLE [RS_65]
                    PartitionCols:_col0, _col1, _col2, _col3, _col4, _col5
                    Group By Operator [GBY_64] (rows=1 width=336)
                      Output:["_col0","_col1","_col2","_col3","_col4","_col5","_col6","_col7","_col8","_col9","_col10","_col11","_col12","_col13","_col14","_col15"],aggregations:["count()","sum(_col8)","count(_col8)","max(_col8)","sum(_col9)","count(_col9)","max(_col9)","sum(_col10)","count(_col10)","max(_col10)"],keys:_col4, _col6, _col7, _col8, _col9, _col10
                      Select Operator [SEL_63] (rows=67 width=276)
                        Output:["_col4","_col6","_col7","_col8","_col9","_col10"]
                        Filter Operator [FIL_62] (rows=67 width=276)
                          predicate:(_col12 is not null or _col14 is not null)
                          Merge Join Operator [MERGEJOIN_109] (rows=67 width=276)
                            Conds:RS_59._col0=RS_136._col0(Left Outer),Output:["_col4","_col6","_col7","_col8","_col9","_col10","_col12","_col14"]
                          <-Reducer 17 [SIMPLE_EDGE] vectorized
                            SHUFFLE [RS_136]
                              PartitionCols:_col0
                              Select Operator [SEL_135] (rows=167041 width=7)
                                Output:["_col0","_col1"]
                                Group By Operator [GBY_134] (rows=167041 width=3)
                                  Output:["_col0"],keys:KEY._col0
                                <-Reducer 16 [SIMPLE_EDGE]
                                  SHUFFLE [RS_42]
                                    PartitionCols:_col0
                                    Group By Operator [GBY_41] (rows=167041 width=3)
                                      Output:["_col0"],keys:_col1
                                      Merge Join Operator [MERGEJOIN_106] (rows=33642830 width=3)
                                        Conds:RS_133._col0=RS_124._col0(Inner),Output:["_col1"]
                                      <-Map 13 [SIMPLE_EDGE] vectorized
                                        SHUFFLE [RS_124]
                                          PartitionCols:_col0
                                          Select Operator [SEL_121] (rows=217 width=4)
                                            Output:["_col0"]
                                            Filter Operator [FIL_120] (rows=217 width=12)
                                              predicate:((d_qoy < 4) and (d_year = 1999))
                                              TableScan [TS_10] (rows=73049 width=12)
                                                default@date_dim,date_dim,Tbl:COMPLETE,Col:COMPLETE,Output:["d_date_sk","d_year","d_qoy"]
                                      <-Map 19 [SIMPLE_EDGE] vectorized
                                        SHUFFLE [RS_133]
                                          PartitionCols:_col0
                                          Select Operator [SEL_132] (rows=285115246 width=7)
                                            Output:["_col0","_col1"]
                                            Filter Operator [FIL_131] (rows=285115246 width=7)
                                              predicate:(cs_ship_customer_sk is not null and cs_sold_date_sk is not null)
                                              TableScan [TS_31] (rows=287989836 width=7)
                                                default@catalog_sales,catalog_sales,Tbl:COMPLETE,Col:COMPLETE,Output:["cs_sold_date_sk","cs_ship_customer_sk"]
                          <-Reducer 5 [SIMPLE_EDGE]
                            SHUFFLE [RS_59]
                              PartitionCols:_col0
                              Merge Join Operator [MERGEJOIN_108] (rows=68 width=276)
                                Conds:RS_56._col0=RS_130._col0(Left Outer),Output:["_col0","_col4","_col6","_col7","_col8","_col9","_col10","_col12"]
                              <-Reducer 15 [SIMPLE_EDGE] vectorized
                                SHUFFLE [RS_130]
                                  PartitionCols:_col0
                                  Select Operator [SEL_129] (rows=168231 width=7)
                                    Output:["_col0","_col1"]
                                    Group By Operator [GBY_128] (rows=168231 width=3)
                                      Output:["_col0"],keys:KEY._col0
                                    <-Reducer 14 [SIMPLE_EDGE]
                                      SHUFFLE [RS_28]
                                        PartitionCols:_col0
                                        Group By Operator [GBY_27] (rows=168231 width=3)
                                          Output:["_col0"],keys:_col1
                                          Merge Join Operator [MERGEJOIN_105] (rows=17104380 width=3)
                                            Conds:RS_127._col0=RS_123._col0(Inner),Output:["_col1"]
                                          <-Map 13 [SIMPLE_EDGE] vectorized
                                            SHUFFLE [RS_123]
                                              PartitionCols:_col0
                                               Please refer to the previous Select Operator [SEL_121]
                                          <-Map 18 [SIMPLE_EDGE] vectorized
                                            SHUFFLE [RS_127]
                                              PartitionCols:_col0
                                              Select Operator [SEL_126] (rows=143930993 width=7)
                                                Output:["_col0","_col1"]
                                                Filter Operator [FIL_125] (rows=143930993 width=7)
                                                  predicate:(ws_bill_customer_sk is not null and ws_sold_date_sk is not null)
                                                  TableScan [TS_17] (rows=144002668 width=7)
                                                    default@web_sales,web_sales,Tbl:COMPLETE,Col:COMPLETE,Output:["ws_sold_date_sk","ws_bill_customer_sk"]
                              <-Reducer 4 [SIMPLE_EDGE]
                                SHUFFLE [RS_56]
                                  PartitionCols:_col0
                                  Merge Join Operator [MERGEJOIN_107] (rows=162346 width=272)
                                    Conds:RS_53._col0=RS_54._col0(Left Semi),Output:["_col0","_col4","_col6","_col7","_col8","_col9","_col10"]
                                  <-Reducer 12 [SIMPLE_EDGE]
                                    SHUFFLE [RS_54]
                                      PartitionCols:_col0
                                      Group By Operator [GBY_52] (rows=168231 width=2)
                                        Output:["_col0"],keys:_col0
                                        Select Operator [SEL_16] (rows=62428523 width=2)
                                          Output:["_col0"]
                                          Merge Join Operator [MERGEJOIN_104] (rows=62428523 width=2)
                                            Conds:RS_119._col0=RS_122._col0(Inner),Output:["_col1"]
                                          <-Map 13 [SIMPLE_EDGE] vectorized
                                            SHUFFLE [RS_122]
                                              PartitionCols:_col0
                                               Please refer to the previous Select Operator [SEL_121]
                                          <-Map 11 [SIMPLE_EDGE] vectorized
                                            SHUFFLE [RS_119]
                                              PartitionCols:_col0
                                              Select Operator [SEL_118] (rows=525327388 width=7)
                                                Output:["_col0","_col1"]
                                                Filter Operator [FIL_117] (rows=525327388 width=7)
                                                  predicate:(ss_customer_sk is not null and ss_sold_date_sk is not null)
                                                  TableScan [TS_7] (rows=575995635 width=7)
                                                    default@store_sales,store_sales,Tbl:COMPLETE,Col:COMPLETE,Output:["ss_sold_date_sk","ss_customer_sk"]
                                  <-Reducer 3 [SIMPLE_EDGE]
                                    SHUFFLE [RS_53]
                                      PartitionCols:_col0
                                      Merge Join Operator [MERGEJOIN_103] (rows=78293105 width=272)
                                        Conds:RS_48._col1=RS_116._col0(Inner),Output:["_col0","_col4","_col6","_col7","_col8","_col9","_col10"]
                                      <-Map 10 [SIMPLE_EDGE] vectorized
                                        SHUFFLE [RS_116]
                                          PartitionCols:_col0
                                          Select Operator [SEL_115] (rows=1861800 width=186)
                                            Output:["_col0","_col1","_col2","_col3","_col4","_col5"]
                                            TableScan [TS_5] (rows=1861800 width=186)
                                              default@customer_demographics,customer_demographics,Tbl:COMPLETE,Col:COMPLETE,Output:["cd_demo_sk","cd_gender","cd_marital_status","cd_dep_count","cd_dep_employed_count","cd_dep_college_count"]
                                      <-Reducer 2 [SIMPLE_EDGE]
                                        SHUFFLE [RS_48]
                                          PartitionCols:_col1
                                          Merge Join Operator [MERGEJOIN_102] (rows=77201384 width=93)
                                            Conds:RS_112._col2=RS_114._col0(Inner),Output:["_col0","_col1","_col4"]
                                          <-Map 1 [SIMPLE_EDGE] vectorized
                                            SHUFFLE [RS_112]
                                              PartitionCols:_col2
                                              Select Operator [SEL_111] (rows=77201384 width=11)
                                                Output:["_col0","_col1","_col2"]
                                                Filter Operator [FIL_110] (rows=77201384 width=11)
                                                  predicate:(c_current_addr_sk is not null and c_current_cdemo_sk is not null)
                                                  TableScan [TS_0] (rows=80000000 width=11)
                                                    default@customer,c,Tbl:COMPLETE,Col:COMPLETE,Output:["c_customer_sk","c_current_cdemo_sk","c_current_addr_sk"]
                                          <-Map 9 [SIMPLE_EDGE] vectorized
                                            SHUFFLE [RS_114]
                                              PartitionCols:_col0
                                              Select Operator [SEL_113] (rows=40000000 width=90)
                                                Output:["_col0","_col1"]
                                                TableScan [TS_3] (rows=40000000 width=90)
                                                  default@customer_address,ca,Tbl:COMPLETE,Col:COMPLETE,Output:["ca_address_sk","ca_state"]

